Archive member included to satisfy reference by file (symbol)

c:/program files (x86)/atollic/truestudio for stm32 9.0.1/armtools/bin/../lib/gcc/arm-atollic-eabi/6.3.1/../../../../arm-atollic-eabi/lib/armv7-m\libc_nano.a(lib_a-init.o)
                              src\bsp\startup\startup_stm32f103xb.o (__libc_init_array)
c:/program files (x86)/atollic/truestudio for stm32 9.0.1/armtools/bin/../lib/gcc/arm-atollic-eabi/6.3.1/../../../../arm-atollic-eabi/lib/armv7-m\libc_nano.a(lib_a-memset.o)
                              src\bsp\bsp.o (memset)

Allocating common symbols
Common symbol       size              file

uwTick              0x4               src\lib\STM32F1xx_HAL_Driver\Src\stm32f1xx_hal.o
pFlash              0x20              src\lib\STM32F1xx_HAL_Driver\Src\stm32f1xx_hal_flash.o

Discarded input sections

 .text          0x00000000        0x0 c:/program files (x86)/atollic/truestudio for stm32 9.0.1/armtools/bin/../lib/gcc/arm-atollic-eabi/6.3.1/armv7-m/crti.o
 .data          0x00000000        0x0 c:/program files (x86)/atollic/truestudio for stm32 9.0.1/armtools/bin/../lib/gcc/arm-atollic-eabi/6.3.1/armv7-m/crti.o
 .bss           0x00000000        0x0 c:/program files (x86)/atollic/truestudio for stm32 9.0.1/armtools/bin/../lib/gcc/arm-atollic-eabi/6.3.1/armv7-m/crti.o
 .data          0x00000000        0x4 c:/program files (x86)/atollic/truestudio for stm32 9.0.1/armtools/bin/../lib/gcc/arm-atollic-eabi/6.3.1/armv7-m/crtbegin.o
 .data          0x00000000        0x0 src\ap\ap.o
 .bss           0x00000000        0x0 src\ap\ap.o
 .data          0x00000000        0x0 src\bsp\bsp.o
 .bss           0x00000000        0x0 src\bsp\bsp.o
 .bss           0x00000000        0x0 src\bsp\cmsis\system_stm32f1xx.o
 .text          0x00000000       0x14 src\bsp\startup\startup_stm32f103xb.o
 .data          0x00000000        0x0 src\bsp\startup\startup_stm32f103xb.o
 .bss           0x00000000        0x0 src\bsp\startup\startup_stm32f103xb.o
 .data          0x00000000        0x0 src\bsp\stm32f1xx_it.o
 .bss           0x00000000        0x0 src\bsp\stm32f1xx_it.o
 .data          0x00000000        0x0 src\hw\core\button.o
 .bss           0x00000000        0x0 src\hw\core\button.o
 .data          0x00000000        0x0 src\hw\core\led.o
 .bss           0x00000000        0x0 src\hw\core\led.o
 .data          0x00000000        0x0 src\hw\hw.o
 .bss           0x00000000        0x0 src\hw\hw.o
 .bss           0x00000000        0x0 src\lib\STM32F1xx_HAL_Driver\Src\stm32f1xx_hal.o
 .text          0x00000000      0xbb8 src\lib\STM32F1xx_HAL_Driver\Src\stm32f1xx_hal_adc.o
 .data          0x00000000        0x0 src\lib\STM32F1xx_HAL_Driver\Src\stm32f1xx_hal_adc.o
 .bss           0x00000000        0x0 src\lib\STM32F1xx_HAL_Driver\Src\stm32f1xx_hal_adc.o
 .debug_info    0x00000000     0x164d src\lib\STM32F1xx_HAL_Driver\Src\stm32f1xx_hal_adc.o
 .debug_abbrev  0x00000000      0x25a src\lib\STM32F1xx_HAL_Driver\Src\stm32f1xx_hal_adc.o
 .debug_loc     0x00000000      0x952 src\lib\STM32F1xx_HAL_Driver\Src\stm32f1xx_hal_adc.o
 .debug_aranges
                0x00000000       0x20 src\lib\STM32F1xx_HAL_Driver\Src\stm32f1xx_hal_adc.o
 .debug_line    0x00000000      0x739 src\lib\STM32F1xx_HAL_Driver\Src\stm32f1xx_hal_adc.o
 .debug_str     0x00000000      0xd5c src\lib\STM32F1xx_HAL_Driver\Src\stm32f1xx_hal_adc.o
 .comment       0x00000000       0x7d src\lib\STM32F1xx_HAL_Driver\Src\stm32f1xx_hal_adc.o
 .debug_frame   0x00000000      0x2a8 src\lib\STM32F1xx_HAL_Driver\Src\stm32f1xx_hal_adc.o
 .ARM.attributes
                0x00000000       0x33 src\lib\STM32F1xx_HAL_Driver\Src\stm32f1xx_hal_adc.o
 .text          0x00000000      0x8c4 src\lib\STM32F1xx_HAL_Driver\Src\stm32f1xx_hal_adc_ex.o
 .data          0x00000000        0x0 src\lib\STM32F1xx_HAL_Driver\Src\stm32f1xx_hal_adc_ex.o
 .bss           0x00000000        0x0 src\lib\STM32F1xx_HAL_Driver\Src\stm32f1xx_hal_adc_ex.o
 .debug_info    0x00000000     0x1386 src\lib\STM32F1xx_HAL_Driver\Src\stm32f1xx_hal_adc_ex.o
 .debug_abbrev  0x00000000      0x296 src\lib\STM32F1xx_HAL_Driver\Src\stm32f1xx_hal_adc_ex.o
 .debug_loc     0x00000000      0x772 src\lib\STM32F1xx_HAL_Driver\Src\stm32f1xx_hal_adc_ex.o
 .debug_aranges
                0x00000000       0x20 src\lib\STM32F1xx_HAL_Driver\Src\stm32f1xx_hal_adc_ex.o
 .debug_line    0x00000000      0x646 src\lib\STM32F1xx_HAL_Driver\Src\stm32f1xx_hal_adc_ex.o
 .debug_str     0x00000000      0xd0f src\lib\STM32F1xx_HAL_Driver\Src\stm32f1xx_hal_adc_ex.o
 .comment       0x00000000       0x7d src\lib\STM32F1xx_HAL_Driver\Src\stm32f1xx_hal_adc_ex.o
 .debug_frame   0x00000000      0x178 src\lib\STM32F1xx_HAL_Driver\Src\stm32f1xx_hal_adc_ex.o
 .ARM.attributes
                0x00000000       0x33 src\lib\STM32F1xx_HAL_Driver\Src\stm32f1xx_hal_adc_ex.o
 .text          0x00000000      0x9f4 src\lib\STM32F1xx_HAL_Driver\Src\stm32f1xx_hal_can.o
 .data          0x00000000        0x0 src\lib\STM32F1xx_HAL_Driver\Src\stm32f1xx_hal_can.o
[...]
Memory Configuration

Name             Origin             Length             Attributes
FLASH            0x08000000         0x00020000         xr
RAM              0x20000000         0x00005000         xrw
*default*        0x00000000         0xffffffff

Linker script and memory map

LOAD c:/program files (x86)/atollic/truestudio for stm32 9.0.1/armtools/bin/../lib/gcc/arm-atollic-eabi/6.3.1/armv7-m/crti.o
LOAD c:/program files (x86)/atollic/truestudio for stm32 9.0.1/armtools/bin/../lib/gcc/arm-atollic-eabi/6.3.1/armv7-m/crtbegin.o
LOAD src\ap\ap.o
LOAD src\bsp\bsp.o
LOAD src\bsp\cmsis\system_stm32f1xx.o
LOAD src\bsp\startup\startup_stm32f103xb.o
LOAD src\bsp\stm32f1xx_it.o
LOAD src\hw\core\button.o
LOAD src\hw\core\led.o
LOAD src\hw\hw.o
LOAD src\lib\STM32F1xx_HAL_Driver\Src\stm32f1xx_hal.o
LOAD src\lib\STM32F1xx_HAL_Driver\Src\stm32f1xx_hal_adc.o
LOAD src\lib\STM32F1xx_HAL_Driver\Src\stm32f1xx_hal_adc_ex.o
LOAD src\lib\STM32F1xx_HAL_Driver\Src\stm32f1xx_hal_can.o
LOAD src\lib\STM32F1xx_HAL_Driver\Src\stm32f1xx_hal_cec.o
LOAD src\lib\STM32F1xx_HAL_Driver\Src\stm32f1xx_hal_cortex.o
LOAD src\lib\STM32F1xx_HAL_Driver\Src\stm32f1xx_hal_crc.o
LOAD src\lib\STM32F1xx_HAL_Driver\Src\stm32f1xx_hal_dac.o
LOAD src\lib\STM32F1xx_HAL_Driver\Src\stm32f1xx_hal_dac_ex.o
LOAD src\lib\STM32F1xx_HAL_Driver\Src\stm32f1xx_hal_dma.o
LOAD src\lib\STM32F1xx_HAL_Driver\Src\stm32f1xx_hal_eth.o
LOAD src\lib\STM32F1xx_HAL_Driver\Src\stm32f1xx_hal_flash.o
LOAD src\lib\STM32F1xx_HAL_Driver\Src\stm32f1xx_hal_flash_ex.o
LOAD src\lib\STM32F1xx_HAL_Driver\Src\stm32f1xx_hal_gpio.o
LOAD src\lib\STM32F1xx_HAL_Driver\Src\stm32f1xx_hal_gpio_ex.o
LOAD src\lib\STM32F1xx_HAL_Driver\Src\stm32f1xx_hal_hcd.o
LOAD src\lib\STM32F1xx_HAL_Driver\Src\stm32f1xx_hal_i2c.o
LOAD src\lib\STM32F1xx_HAL_Driver\Src\stm32f1xx_hal_i2s.o
LOAD src\lib\STM32F1xx_HAL_Driver\Src\stm32f1xx_hal_irda.o
LOAD src\lib\STM32F1xx_HAL_Driver\Src\stm32f1xx_hal_iwdg.o
LOAD src\lib\STM32F1xx_HAL_Driver\Src\stm32f1xx_hal_mmc.o
LOAD src\lib\STM32F1xx_HAL_Driver\Src\stm32f1xx_hal_nand.o
LOAD src\lib\STM32F1xx_HAL_Driver\Src\stm32f1xx_hal_nor.o
LOAD src\lib\STM32F1xx_HAL_Driver\Src\stm32f1xx_hal_pccard.o
LOAD src\lib\STM32F1xx_HAL_Driver\Src\stm32f1xx_hal_pcd.o
LOAD src\lib\STM32F1xx_HAL_Driver\Src\stm32f1xx_hal_pcd_ex.o
LOAD src\lib\STM32F1xx_HAL_Driver\Src\stm32f1xx_hal_pwr.o
LOAD src\lib\STM32F1xx_HAL_Driver\Src\stm32f1xx_hal_rcc.o
LOAD src\lib\STM32F1xx_HAL_Driver\Src\stm32f1xx_hal_rcc_ex.o
LOAD src\lib\STM32F1xx_HAL_Driver\Src\stm32f1xx_hal_rtc.o
LOAD src\lib\STM32F1xx_HAL_Driver\Src\stm32f1xx_hal_rtc_ex.o
LOAD src\lib\STM32F1xx_HAL_Driver\Src\stm32f1xx_hal_sd.o
LOAD src\lib\STM32F1xx_HAL_Driver\Src\stm32f1xx_hal_smartcard.o
LOAD src\lib\STM32F1xx_HAL_Driver\Src\stm32f1xx_hal_spi.o
LOAD src\lib\STM32F1xx_HAL_Driver\Src\stm32f1xx_hal_spi_ex.o
LOAD src\lib\STM32F1xx_HAL_Driver\Src\stm32f1xx_hal_sram.o
LOAD src\lib\STM32F1xx_HAL_Driver\Src\stm32f1xx_hal_tim.o
LOAD src\lib\STM32F1xx_HAL_Driver\Src\stm32f1xx_hal_tim_ex.o
LOAD src\lib\STM32F1xx_HAL_Driver\Src\stm32f1xx_hal_uart.o
LOAD src\lib\STM32F1xx_HAL_Driver\Src\stm32f1xx_hal_usart.o
LOAD src\lib\STM32F1xx_HAL_Driver\Src\stm32f1xx_hal_wwdg.o
LOAD src\lib\STM32F1xx_HAL_Driver\Src\stm32f1xx_ll_adc.o
LOAD src\lib\STM32F1xx_HAL_Driver\Src\stm32f1xx_ll_crc.o
LOAD src\lib\STM32F1xx_HAL_Driver\Src\stm32f1xx_ll_dac.o
LOAD src\lib\STM32F1xx_HAL_Driver\Src\stm32f1xx_ll_dma.o
LOAD src\lib\STM32F1xx_HAL_Driver\Src\stm32f1xx_ll_exti.o
LOAD src\lib\STM32F1xx_HAL_Driver\Src\stm32f1xx_ll_fsmc.o
LOAD src\lib\STM32F1xx_HAL_Driver\Src\stm32f1xx_ll_gpio.o
LOAD src\lib\STM32F1xx_HAL_Driver\Src\stm32f1xx_ll_i2c.o
LOAD src\lib\STM32F1xx_HAL_Driver\Src\stm32f1xx_ll_pwr.o
LOAD src\lib\STM32F1xx_HAL_Driver\Src\stm32f1xx_ll_rcc.o
LOAD src\lib\STM32F1xx_HAL_Driver\Src\stm32f1xx_ll_rtc.o
LOAD src\lib\STM32F1xx_HAL_Driver\Src\stm32f1xx_ll_sdmmc.o
LOAD src\lib\STM32F1xx_HAL_Driver\Src\stm32f1xx_ll_spi.o
LOAD src\lib\STM32F1xx_HAL_Driver\Src\stm32f1xx_ll_tim.o
LOAD src\lib\STM32F1xx_HAL_Driver\Src\stm32f1xx_ll_usart.o
LOAD src\lib\STM32F1xx_HAL_Driver\Src\stm32f1xx_ll_usb.o
LOAD src\lib\STM32F1xx_HAL_Driver\Src\stm32f1xx_ll_utils.o
LOAD src\main.o
                0x00000080                malloc_getpagesize_P = 0x80
START GROUP
LOAD c:/program files (x86)/atollic/truestudio for stm32 9.0.1/armtools/bin/../lib/gcc/arm-atollic-eabi/6.3.1/../../../../arm-atollic-eabi/lib/armv7-m\libc_nano.a
LOAD c:/program files (x86)/atollic/truestudio for stm32 9.0.1/armtools/bin/../lib/gcc/arm-atollic-eabi/6.3.1/../../../../arm-atollic-eabi/lib/armv7-m\libm.a
END GROUP
START GROUP
LOAD c:/program files (x86)/atollic/truestudio for stm32 9.0.1/armtools/bin/../lib/gcc/arm-atollic-eabi/6.3.1/armv7-m\libgcc.a
LOAD c:/program files (x86)/atollic/truestudio for stm32 9.0.1/armtools/bin/../lib/gcc/arm-atollic-eabi/6.3.1/../../../../arm-atollic-eabi/lib/armv7-m\libc_nano.a
END GROUP
START GROUP
LOAD c:/program files (x86)/atollic/truestudio for stm32 9.0.1/armtools/bin/../lib/gcc/arm-atollic-eabi/6.3.1/armv7-m\libgcc.a
LOAD c:/program files (x86)/atollic/truestudio for stm32 9.0.1/armtools/bin/../lib/gcc/arm-atollic-eabi/6.3.1/../../../../arm-atollic-eabi/lib/armv7-m\libc_nano.a
LOAD c:/program files (x86)/atollic/truestudio for stm32 9.0.1/armtools/bin/../lib/gcc/arm-atollic-eabi/6.3.1/../../../../arm-atollic-eabi/lib/armv7-m\libnosys.a
END GROUP
START GROUP
LOAD c:/program files (x86)/atollic/truestudio for stm32 9.0.1/armtools/bin/../lib/gcc/arm-atollic-eabi/6.3.1/armv7-m\libgcc.a
LOAD c:/program files (x86)/atollic/truestudio for stm32 9.0.1/armtools/bin/../lib/gcc/arm-atollic-eabi/6.3.1/../../../../arm-atollic-eabi/lib/armv7-m\libc_nano.a
LOAD c:/program files (x86)/atollic/truestudio for stm32 9.0.1/armtools/bin/../lib/gcc/arm-atollic-eabi/6.3.1/../../../../arm-atollic-eabi/lib/armv7-m\libnosys.a
END GROUP
LOAD c:/program files (x86)/atollic/truestudio for stm32 9.0.1/armtools/bin/../lib/gcc/arm-atollic-eabi/6.3.1/armv7-m/crtend.o
LOAD c:/program files (x86)/atollic/truestudio for stm32 9.0.1/armtools/bin/../lib/gcc/arm-atollic-eabi/6.3.1/armv7-m/crtn.o
                0x20004fff                _estack = 0x20004fff
                0x00000200                _Min_Heap_Size = 0x200
                0x00000400                _Min_Stack_Size = 0x400

.isr_vector     0x08000000      0x10c
                0x08000000                . = ALIGN (0x4)
 *(.isr_vector)
 .isr_vector    0x08000000      0x10c src\bsp\startup\startup_stm32f103xb.o
                0x08000000                g_pfnVectors
                0x0800010c                . = ALIGN (0x4)

.text           0x0800010c     0x137c
                0x0800010c                . = ALIGN (0x4)
 *(.text)
 .text          0x0800010c       0x40 c:/program files (x86)/atollic/truestudio for stm32 9.0.1/armtools/bin/../lib/gcc/arm-atollic-eabi/6.3.1/armv7-m/crtbegin.o
 .text          0x0800014c       0x1e src\ap\ap.o
                0x0800014c                apInit
                0x0800014e                apMain
 *fill*         0x0800016a        0x2 
 .text          0x0800016c       0x98 src\bsp\bsp.o
                0x0800016c                SystemClock_Config
                0x080001c6                bspInit
 .text          0x08000204       0xe0 src\bsp\cmsis\system_stm32f1xx.o
                0x08000204                SystemInit
                0x08000250                SystemCoreClockUpdate
 .text          0x080002e4       0x18 src\bsp\stm32f1xx_it.o
                0x080002e4                NMI_Handler
                0x080002e6                HardFault_Handler
                0x080002e8                MemManage_Handler
                0x080002ea                BusFault_Handler
                0x080002ec                UsageFault_Handler
                0x080002ee                SVC_Handler
                0x080002f0                DebugMon_Handler
                0x080002f2                PendSV_Handler
                0x080002f4                SysTick_Handler
 .text          0x080002fc       0x44 src\hw\core\button.o
                0x080002fc                buttonInit
                0x08000324                buttonGetPressed
 .text          0x08000340       0x60 src\hw\core\led.o
                0x08000340                ledInit
                0x08000368                ledOn
                0x0800037c                ledOff
                0x08000390                ledToggle
 .text          0x080003a0       0x20 src\hw\hw.o
                0x080003a0                hwInit
                0x080003b0                delay
                0x080003b8                millis
 .text          0x080003c0      0x1d8 src\lib\STM32F1xx_HAL_Driver\Src\stm32f1xx_hal.o
                0x080003c0                HAL_MspInit
                0x080003c2                HAL_MspDeInit
                0x080003c4                HAL_DeInit
                0x080003e4                HAL_InitTick
                0x0800042c                HAL_Init
                0x08000450                HAL_IncTick
                0x08000468                HAL_GetTick
                0x08000474                HAL_GetTickPrio
                0x08000480                HAL_SetTickFreq
                0x080004a0                HAL_GetTickFreq
                0x080004ac                HAL_Delay
                0x080004d4                HAL_SuspendTick
                0x080004e4                HAL_ResumeTick
                0x080004f4                HAL_GetHalVersion
                0x080004fc                HAL_GetREVID
                0x08000508                HAL_GetDEVID
                0x08000518                HAL_DBGMCU_EnableDBGSleepMode
                0x08000528                HAL_DBGMCU_DisableDBGSleepMode
                0x08000538                HAL_DBGMCU_EnableDBGStopMode
                0x08000548                HAL_DBGMCU_DisableDBGStopMode
                0x08000558                HAL_DBGMCU_EnableDBGStandbyMode
                0x08000568                HAL_DBGMCU_DisableDBGStandbyMode
                0x08000578                HAL_GetUID
 .text          0x08000598      0x214 src\lib\STM32F1xx_HAL_Driver\Src\stm32f1xx_hal_cortex.o
                0x08000598                HAL_NVIC_SetPriorityGrouping
                0x080005bc                HAL_NVIC_SetPriority
                0x08000620                HAL_NVIC_EnableIRQ
                0x08000638                HAL_NVIC_DisableIRQ
                0x08000654                HAL_NVIC_SystemReset
                0x08000678                HAL_SYSTICK_Config
                0x080006a4                HAL_NVIC_GetPriorityGrouping
                0x080006b4                HAL_NVIC_GetPriority
                0x08000710                HAL_NVIC_SetPendingIRQ
                0x0800072c                HAL_NVIC_GetPendingIRQ
                0x08000748                HAL_NVIC_ClearPendingIRQ
                0x08000764                HAL_NVIC_GetActive
                0x08000780                HAL_SYSTICK_CLKSourceConfig
                0x080007a0                HAL_SYSTICK_Callback
                0x080007a2                HAL_SYSTICK_IRQHandler
 .text          0x080007ac      0x348 src\lib\STM32F1xx_HAL_Driver\Src\stm32f1xx_hal_gpio.o
                0x080007ac                HAL_GPIO_Init
                0x08000998                HAL_GPIO_DeInit
                0x08000a88                HAL_GPIO_ReadPin
                0x08000a96                HAL_GPIO_WritePin
                0x08000aa2                HAL_GPIO_TogglePin
                0x08000aaa                HAL_GPIO_LockPin
                0x08000ad8                HAL_GPIO_EXTI_Callback
                0x08000ada                HAL_GPIO_EXTI_IRQHandler
 .text          0x08000af4      0x8c4 src\lib\STM32F1xx_HAL_Driver\Src\stm32f1xx_hal_rcc.o
                0x08000b20                HAL_RCC_DeInit
                0x08000c0c                HAL_RCC_OscConfig
                0x08000fec                HAL_RCC_MCOConfig
                0x08001038                HAL_RCC_EnableCSS
                0x08001044                HAL_RCC_DisableCSS
                0x08001050                HAL_RCC_GetSysClockFreq
                0x080010bc                HAL_RCC_ClockConfig
                0x08001258                HAL_RCC_GetHCLKFreq
                0x08001264                HAL_RCC_GetPCLK1Freq
                0x08001284                HAL_RCC_GetPCLK2Freq
                0x080012a4                HAL_RCC_GetOscConfig
                0x08001358                HAL_RCC_GetClockConfig
                0x08001394                HAL_RCC_CSSCallback
                0x08001396                HAL_RCC_NMI_IRQHandler
 .text          0x080013b8       0x12 src\main.o
                0x080013b8                main
 *(.text*)
 *fill*         0x080013ca        0x2 
 .text.Reset_Handler
                0x080013cc       0x48 src\bsp\startup\startup_stm32f103xb.o
                0x080013cc                Reset_Handler
 .text.Default_Handler
                0x08001414        0x2 src\bsp\startup\startup_stm32f103xb.o
                0x08001414                RTC_Alarm_IRQHandler
                0x08001414                EXTI2_IRQHandler
                0x08001414                TIM1_CC_IRQHandler
                0x08001414                PVD_IRQHandler
                0x08001414                EXTI3_IRQHandler
                0x08001414                EXTI0_IRQHandler
                0x08001414                I2C2_EV_IRQHandler
                0x08001414                ADC1_2_IRQHandler
                0x08001414                SPI1_IRQHandler
                0x08001414                TAMPER_IRQHandler
                0x08001414                DMA1_Channel4_IRQHandler
                0x08001414                USART3_IRQHandler
                0x08001414                RTC_IRQHandler
                0x08001414                DMA1_Channel7_IRQHandler
                0x08001414                CAN1_RX1_IRQHandler
                0x08001414                TIM4_IRQHandler
                0x08001414                I2C1_EV_IRQHandler
                0x08001414                DMA1_Channel6_IRQHandler
                0x08001414                TIM3_IRQHandler
                0x08001414                RCC_IRQHandler
                0x08001414                TIM1_TRG_COM_IRQHandler
                0x08001414                DMA1_Channel1_IRQHandler
                0x08001414                Default_Handler
                0x08001414                EXTI15_10_IRQHandler
                0x08001414                EXTI9_5_IRQHandler
                0x08001414                SPI2_IRQHandler
                0x08001414                DMA1_Channel5_IRQHandler
                0x08001414                EXTI4_IRQHandler
                0x08001414                USB_LP_CAN1_RX0_IRQHandler
                0x08001414                USB_HP_CAN1_TX_IRQHandler
                0x08001414                DMA1_Channel3_IRQHandler
                0x08001414                TIM1_UP_IRQHandler
                0x08001414                WWDG_IRQHandler
                0x08001414                TIM2_IRQHandler
                0x08001414                TIM1_BRK_IRQHandler
                0x08001414                EXTI1_IRQHandler
                0x08001414                USART2_IRQHandler
                0x08001414                I2C2_ER_IRQHandler
                0x08001414                DMA1_Channel2_IRQHandler
                0x08001414                CAN1_SCE_IRQHandler
                0x08001414                FLASH_IRQHandler
                0x08001414                USART1_IRQHandler
                0x08001414                I2C1_ER_IRQHandler
                0x08001414                USBWakeUp_IRQHandler
 *fill*         0x08001416        0x2 
 .text.__libc_init_array
                0x08001418       0x48 c:/program files (x86)/atollic/truestudio for stm32 9.0.1/armtools/bin/../lib/gcc/arm-atollic-eabi/6.3.1/../../../../arm-atollic-eabi/lib/armv7-m\libc_nano.a(lib_a-init.o)
                0x08001418                __libc_init_array
 .text.memset   0x08001460       0x10 c:/program files (x86)/atollic/truestudio for stm32 9.0.1/armtools/bin/../lib/gcc/arm-atollic-eabi/6.3.1/../../../../arm-atollic-eabi/lib/armv7-m\libc_nano.a(lib_a-memset.o)
                0x08001460                memset
 *(.glue_7)
 .glue_7        0x08001470        0x0 linker stubs
 *(.glue_7t)
 .glue_7t       0x08001470        0x0 linker stubs
 *(.eh_frame)
 .eh_frame      0x08001470        0x0 c:/program files (x86)/atollic/truestudio for stm32 9.0.1/armtools/bin/../lib/gcc/arm-atollic-eabi/6.3.1/armv7-m/crtbegin.o
 *(.init)
 .init          0x08001470        0x4 c:/program files (x86)/atollic/truestudio for stm32 9.0.1/armtools/bin/../lib/gcc/arm-atollic-eabi/6.3.1/armv7-m/crti.o
                0x08001470                _init
 .init          0x08001474        0x8 c:/program files (x86)/atollic/truestudio for stm32 9.0.1/armtools/bin/../lib/gcc/arm-atollic-eabi/6.3.1/armv7-m/crtn.o
 *(.fini)
 .fini          0x0800147c        0x4 c:/program files (x86)/atollic/truestudio for stm32 9.0.1/armtools/bin/../lib/gcc/arm-atollic-eabi/6.3.1/armv7-m/crti.o
                0x0800147c                _fini
 .fini          0x08001480        0x8 c:/program files (x86)/atollic/truestudio for stm32 9.0.1/armtools/bin/../lib/gcc/arm-atollic-eabi/6.3.1/armv7-m/crtn.o
                0x08001488                . = ALIGN (0x4)
                0x08001488                _etext = .

.vfp11_veneer   0x08001488        0x0
 .vfp11_veneer  0x08001488        0x0 linker stubs

.v4_bx          0x08001488        0x0
 .v4_bx         0x08001488        0x0 linker stubs

.iplt           0x08001488        0x0
 .iplt          0x08001488        0x0 c:/program files (x86)/atollic/truestudio for stm32 9.0.1/armtools/bin/../lib/gcc/arm-atollic-eabi/6.3.1/armv7-m/crtbegin.o

.rodata         0x08001488       0x2c
                0x08001488                . = ALIGN (0x4)
 *(.rodata)
 .rodata        0x08001488       0x18 src\bsp\cmsis\system_stm32f1xx.o
                0x08001488                AHBPrescTable
                0x08001498                APBPrescTable
 .rodata        0x080014a0       0x12 src\lib\STM32F1xx_HAL_Driver\Src\stm32f1xx_hal_rcc.o
 *(.rodata*)
                0x080014b4                . = ALIGN (0x4)
 *fill*         0x080014b2        0x2 

.rel.dyn        0x080014b4        0x0
 .rel.iplt      0x080014b4        0x0 c:/program files (x86)/atollic/truestudio for stm32 9.0.1/armtools/bin/../lib/gcc/arm-atollic-eabi/6.3.1/armv7-m/crtbegin.o

.ARM.extab
 *(.ARM.extab* .gnu.linkonce.armextab.*)

.ARM            0x080014b4        0x0
                0x080014b4                __exidx_start = .
 *(.ARM.exidx*)
                0x080014b4                __exidx_end = .

.preinit_array  0x080014b4        0x0
                0x080014b4                PROVIDE (__preinit_array_start, .)
 *(.preinit_array*)
                0x080014b4                PROVIDE (__preinit_array_end, .)

.init_array     0x080014b4        0x4
                0x080014b4                PROVIDE (__init_array_start, .)
 *(SORT(.init_array.*))
 *(.init_array*)
 .init_array    0x080014b4        0x4 c:/program files (x86)/atollic/truestudio for stm32 9.0.1/armtools/bin/../lib/gcc/arm-atollic-eabi/6.3.1/armv7-m/crtbegin.o
                0x080014b8                PROVIDE (__init_array_end, .)

.fini_array     0x080014b8        0x4
                [!provide]                PROVIDE (__fini_array_start, .)
 *(SORT(.fini_array.*))
 *(.fini_array*)
 .fini_array    0x080014b8        0x4 c:/program files (x86)/atollic/truestudio for stm32 9.0.1/armtools/bin/../lib/gcc/arm-atollic-eabi/6.3.1/armv7-m/crtbegin.o
                [!provide]                PROVIDE (__fini_array_end, .)
                0x080014bc                _sidata = LOADADDR (.data)

.data           0x20000000        0xc load address 0x080014bc
                0x20000000                . = ALIGN (0x4)
                0x20000000                _sdata = .
 *(.data)
 .data          0x20000000        0x4 src\bsp\cmsis\system_stm32f1xx.o
                0x20000000                SystemCoreClock
 .data          0x20000004        0x8 src\lib\STM32F1xx_HAL_Driver\Src\stm32f1xx_hal.o
                0x20000004                uwTickFreq
                0x20000008                uwTickPrio
 *(.data*)
                0x2000000c                . = ALIGN (0x4)
                0x2000000c                _edata = .

.igot.plt       0x2000000c        0x0 load address 0x080014c8
 .igot.plt      0x2000000c        0x0 c:/program files (x86)/atollic/truestudio for stm32 9.0.1/armtools/bin/../lib/gcc/arm-atollic-eabi/6.3.1/armv7-m/crtbegin.o
                0x2000000c                . = ALIGN (0x4)

.bss            0x2000000c       0x20 load address 0x080014c8
                0x2000000c                _sbss = .
                0x2000000c                __bss_start__ = _sbss
 *(.bss)
 .bss           0x2000000c       0x1c c:/program files (x86)/atollic/truestudio for stm32 9.0.1/armtools/bin/../lib/gcc/arm-atollic-eabi/6.3.1/armv7-m/crtbegin.o
 *(.bss*)
 *(COMMON)
 COMMON         0x20000028        0x4 src\lib\STM32F1xx_HAL_Driver\Src\stm32f1xx_hal.o
                0x20000028                uwTick
                0x2000002c                . = ALIGN (0x4)
                0x2000002c                _ebss = .
                0x2000002c                __bss_end__ = _ebss

._user_heap_stack
                0x2000002c      0x600 load address 0x080014c8
                0x2000002c                . = ALIGN (0x4)
                [!provide]                PROVIDE (end, .)
                [!provide]                PROVIDE (_end, .)
                0x2000022c                . = (. + _Min_Heap_Size)
 *fill*         0x2000002c      0x200 
                0x2000062c                . = (. + _Min_Stack_Size)
 *fill*         0x2000022c      0x400 
                0x2000062c                . = ALIGN (0x4)

/DISCARD/
 libc.a(*)
 libm.a(*)
 libgcc.a(*)

.ARM.attributes
                0x00000000       0x29
 *(.ARM.attributes)
 .ARM.attributes
                0x00000000       0x1d c:/program files (x86)/atollic/truestudio for stm32 9.0.1/armtools/bin/../lib/gcc/arm-atollic-eabi/6.3.1/armv7-m/crti.o
 .ARM.attributes
                0x0000001d       0x2d c:/program files (x86)/atollic/truestudio for stm32 9.0.1/armtools/bin/../lib/gcc/arm-atollic-eabi/6.3.1/armv7-m/crtbegin.o
 .ARM.attributes
                0x0000004a       0x33 src\ap\ap.o
 .ARM.attributes
                0x0000007d       0x33 src\bsp\bsp.o
 .ARM.attributes
                0x000000b0       0x33 src\bsp\cmsis\system_stm32f1xx.o
 .ARM.attributes
                0x000000e3       0x21 src\bsp\startup\startup_stm32f103xb.o
 .ARM.attributes
                0x00000104       0x33 src\bsp\stm32f1xx_it.o
 .ARM.attributes
                0x00000137       0x33 src\hw\core\button.o
 .ARM.attributes
                0x0000016a       0x33 src\hw\core\led.o
 .ARM.attributes
                0x0000019d       0x33 src\hw\hw.o
 .ARM.attributes
                0x000001d0       0x33 src\lib\STM32F1xx_HAL_Driver\Src\stm32f1xx_hal.o
 .ARM.attributes
                0x00000203       0x33 src\lib\STM32F1xx_HAL_Driver\Src\stm32f1xx_hal_cortex.o
 .ARM.attributes
                0x00000236       0x33 src\lib\STM32F1xx_HAL_Driver\Src\stm32f1xx_hal_gpio.o
 .ARM.attributes
                0x00000269       0x33 src\lib\STM32F1xx_HAL_Driver\Src\stm32f1xx_hal_rcc.o
 .ARM.attributes
                0x0000029c       0x33 src\main.o
 .ARM.attributes
                0x000002cf       0x2d c:/program files (x86)/atollic/truestudio for stm32 9.0.1/armtools/bin/../lib/gcc/arm-atollic-eabi/6.3.1/../../../../arm-atollic-eabi/lib/armv7-m\libc_nano.a(lib_a-init.o)
 .ARM.attributes
                0x000002fc       0x2d c:/program files (x86)/atollic/truestudio for stm32 9.0.1/armtools/bin/../lib/gcc/arm-atollic-eabi/6.3.1/../../../../arm-atollic-eabi/lib/armv7-m\libc_nano.a(lib_a-memset.o)
 .ARM.attributes
                0x00000329       0x1d c:/program files (x86)/atollic/truestudio for stm32 9.0.1/armtools/bin/../lib/gcc/arm-atollic-eabi/6.3.1/armv7-m/crtn.o
OUTPUT(02_Button.elf elf32-littlearm)

.debug_info     0x00000000     0x946e
 .debug_info    0x00000000      0x9f2 src\ap\ap.o
 .debug_info    0x000009f2      0xc43 src\bsp\bsp.o
 .debug_info    0x00001635      0x3ee src\bsp\cmsis\system_stm32f1xx.o
 .debug_info    0x00001a23       0x76 src\bsp\startup\startup_stm32f103xb.o
 .debug_info    0x00001a99      0xa28 src\bsp\stm32f1xx_it.o
 .debug_info    0x000024c1      0xafa src\hw\core\button.o
 .debug_info    0x00002fbb      0xb7d src\hw\core\led.o
 .debug_info    0x00003b38      0xa38 src\hw\hw.o
 .debug_info    0x00004570      0xfa4 src\lib\STM32F1xx_HAL_Driver\Src\stm32f1xx_hal.o
 .debug_info    0x00005514     0x14ad src\lib\STM32F1xx_HAL_Driver\Src\stm32f1xx_hal_cortex.o
 .debug_info    0x000069c1      0xebd src\lib\STM32F1xx_HAL_Driver\Src\stm32f1xx_hal_gpio.o
 .debug_info    0x0000787e     0x1225 src\lib\STM32F1xx_HAL_Driver\Src\stm32f1xx_hal_rcc.o
 .debug_info    0x00008aa3      0x9cb src\main.o

.debug_abbrev   0x00000000     0x1a48
 .debug_abbrev  0x00000000      0x1df src\ap\ap.o
 .debug_abbrev  0x000001df      0x206 src\bsp\bsp.o
 .debug_abbrev  0x000003e5      0x12f src\bsp\cmsis\system_stm32f1xx.o
 .debug_abbrev  0x00000514       0x12 src\bsp\startup\startup_stm32f103xb.o
 .debug_abbrev  0x00000526      0x1c6 src\bsp\stm32f1xx_it.o
 .debug_abbrev  0x000006ec      0x201 src\hw\core\button.o
 .debug_abbrev  0x000008ed      0x1e5 src\hw\core\led.o
 .debug_abbrev  0x00000ad2      0x201 src\hw\hw.o
 .debug_abbrev  0x00000cd3      0x2c4 src\lib\STM32F1xx_HAL_Driver\Src\stm32f1xx_hal.o
 .debug_abbrev  0x00000f97      0x39f src\lib\STM32F1xx_HAL_Driver\Src\stm32f1xx_hal_cortex.o
 .debug_abbrev  0x00001336      0x26a src\lib\STM32F1xx_HAL_Driver\Src\stm32f1xx_hal_gpio.o
 .debug_abbrev  0x000015a0      0x2f8 src\lib\STM32F1xx_HAL_Driver\Src\stm32f1xx_hal_rcc.o
 .debug_abbrev  0x00001898      0x1b0 src\main.o

.debug_aranges  0x00000000      0x1a8
 .debug_aranges
                0x00000000       0x20 src\ap\ap.o
 .debug_aranges
                0x00000020       0x20 src\bsp\bsp.o
 .debug_aranges
                0x00000040       0x20 src\bsp\cmsis\system_stm32f1xx.o
 .debug_aranges
                0x00000060       0x28 src\bsp\startup\startup_stm32f103xb.o
 .debug_aranges
                0x00000088       0x20 src\bsp\stm32f1xx_it.o
 .debug_aranges
                0x000000a8       0x20 src\hw\core\button.o
 .debug_aranges
                0x000000c8       0x20 src\hw\core\led.o
 .debug_aranges
                0x000000e8       0x20 src\hw\hw.o
 .debug_aranges
                0x00000108       0x20 src\lib\STM32F1xx_HAL_Driver\Src\stm32f1xx_hal.o
 .debug_aranges
                0x00000128       0x20 src\lib\STM32F1xx_HAL_Driver\Src\stm32f1xx_hal_cortex.o
 .debug_aranges
                0x00000148       0x20 src\lib\STM32F1xx_HAL_Driver\Src\stm32f1xx_hal_gpio.o
 .debug_aranges
                0x00000168       0x20 src\lib\STM32F1xx_HAL_Driver\Src\stm32f1xx_hal_rcc.o
 .debug_aranges
                0x00000188       0x20 src\main.o

.debug_line     0x00000000     0x27e4
 .debug_line    0x00000000      0x2e8 src\ap\ap.o
 .debug_line    0x000002e8      0x30e src\bsp\bsp.o
 .debug_line    0x000005f6      0x1e7 src\bsp\cmsis\system_stm32f1xx.o
 .debug_line    0x000007dd       0x85 src\bsp\startup\startup_stm32f103xb.o
 .debug_line    0x00000862      0x2c2 src\bsp\stm32f1xx_it.o
 .debug_line    0x00000b24      0x2db src\hw\core\button.o
 .debug_line    0x00000dff      0x2d7 src\hw\core\led.o
 .debug_line    0x000010d6      0x2fb src\hw\hw.o
 .debug_line    0x000013d1      0x37f src\lib\STM32F1xx_HAL_Driver\Src\stm32f1xx_hal.o
 .debug_line    0x00001750      0x3e5 src\lib\STM32F1xx_HAL_Driver\Src\stm32f1xx_hal_cortex.o
 .debug_line    0x00001b35      0x459 src\lib\STM32F1xx_HAL_Driver\Src\stm32f1xx_hal_gpio.o
 .debug_line    0x00001f8e      0x555 src\lib\STM32F1xx_HAL_Driver\Src\stm32f1xx_hal_rcc.o
 .debug_line    0x000024e3      0x301 src\main.o

.debug_str      0x00000000     0x1598
 .debug_str     0x00000000      0x5ff src\ap\ap.o
                                0x689 (size before relaxing)
 .debug_str     0x000005ff      0x1d6 src\bsp\bsp.o
                                0x824 (size before relaxing)
 .debug_str     0x000007d5       0xb5 src\bsp\cmsis\system_stm32f1xx.o
                                0x2a1 (size before relaxing)
 .debug_str     0x0000088a       0xb6 src\bsp\stm32f1xx_it.o
                                0x704 (size before relaxing)
 .debug_str     0x00000940       0xb2 src\hw\core\button.o
                                0x71f (size before relaxing)
 .debug_str     0x000009f2       0x4c src\hw\core\led.o
                                0x72d (size before relaxing)
 .debug_str     0x00000a3e       0x3b src\hw\hw.o
                                0x6aa (size before relaxing)
 .debug_str     0x00000a79      0x54b src\lib\STM32F1xx_HAL_Driver\Src\stm32f1xx_hal.o
                                0xc40 (size before relaxing)
 .debug_str     0x00000fc4      0x283 src\lib\STM32F1xx_HAL_Driver\Src\stm32f1xx_hal_cortex.o
                                0xd68 (size before relaxing)
 .debug_str     0x00001247      0x131 src\lib\STM32F1xx_HAL_Driver\Src\stm32f1xx_hal_gpio.o
                                0x8d5 (size before relaxing)
 .debug_str     0x00001378      0x20d src\lib\STM32F1xx_HAL_Driver\Src\stm32f1xx_hal_rcc.o
                                0xaac (size before relaxing)
 .debug_str     0x00001585       0x13 src\main.o
                                0x676 (size before relaxing)

.comment        0x00000000       0x7c
 .comment       0x00000000       0x7c src\ap\ap.o
                                 0x7d (size before relaxing)
 .comment       0x0000007c       0x7d src\bsp\bsp.o
 .comment       0x0000007c       0x7d src\bsp\cmsis\system_stm32f1xx.o
 .comment       0x0000007c       0x7d src\bsp\stm32f1xx_it.o
 .comment       0x0000007c       0x7d src\hw\core\button.o
 .comment       0x0000007c       0x7d src\hw\core\led.o
 .comment       0x0000007c       0x7d src\hw\hw.o
 .comment       0x0000007c       0x7d src\lib\STM32F1xx_HAL_Driver\Src\stm32f1xx_hal.o
 .comment       0x0000007c       0x7d src\lib\STM32F1xx_HAL_Driver\Src\stm32f1xx_hal_cortex.o
 .comment       0x0000007c       0x7d src\lib\STM32F1xx_HAL_Driver\Src\stm32f1xx_hal_gpio.o
 .comment       0x0000007c       0x7d src\lib\STM32F1xx_HAL_Driver\Src\stm32f1xx_hal_rcc.o
 .comment       0x0000007c       0x7d src\main.o

.debug_frame    0x00000000      0x808
 .debug_frame   0x00000000       0x38 src\ap\ap.o
 .debug_frame   0x00000038       0x48 src\bsp\bsp.o
 .debug_frame   0x00000080       0x30 src\bsp\cmsis\system_stm32f1xx.o
 .debug_frame   0x000000b0       0xa8 src\bsp\stm32f1xx_it.o
 .debug_frame   0x00000158       0x44 src\hw\core\button.o
 .debug_frame   0x0000019c       0x74 src\hw\core\led.o
 .debug_frame   0x00000210       0x58 src\hw\hw.o
 .debug_frame   0x00000268      0x1ac src\lib\STM32F1xx_HAL_Driver\Src\stm32f1xx_hal.o
 .debug_frame   0x00000414      0x12c src\lib\STM32F1xx_HAL_Driver\Src\stm32f1xx_hal_cortex.o
 .debug_frame   0x00000540       0xe4 src\lib\STM32F1xx_HAL_Driver\Src\stm32f1xx_hal_gpio.o
 .debug_frame   0x00000624      0x170 src\lib\STM32F1xx_HAL_Driver\Src\stm32f1xx_hal_rcc.o
 .debug_frame   0x00000794       0x28 src\main.o
 .debug_frame   0x000007bc       0x2c c:/program files (x86)/atollic/truestudio for stm32 9.0.1/armtools/bin/../lib/gcc/arm-atollic-eabi/6.3.1/../../../../arm-atollic-eabi/lib/armv7-m\libc_nano.a(lib_a-init.o)
 .debug_frame   0x000007e8       0x20 c:/program files (x86)/atollic/truestudio for stm32 9.0.1/armtools/bin/../lib/gcc/arm-atollic-eabi/6.3.1/../../../../arm-atollic-eabi/lib/armv7-m\libc_nano.a(lib_a-memset.o)

.debug_loc      0x00000000     0x1137
 .debug_loc     0x00000000       0xdf src\bsp\cmsis\system_stm32f1xx.o
 .debug_loc     0x000000df       0x21 src\hw\core\button.o
 .debug_loc     0x00000100       0x63 src\hw\core\led.o
 .debug_loc     0x00000163       0x21 src\hw\hw.o
 .debug_loc     0x00000184      0x108 src\lib\STM32F1xx_HAL_Driver\Src\stm32f1xx_hal.o
 .debug_loc     0x0000028c      0x5ad src\lib\STM32F1xx_HAL_Driver\Src\stm32f1xx_hal_cortex.o
 .debug_loc     0x00000839      0x42d src\lib\STM32F1xx_HAL_Driver\Src\stm32f1xx_hal_gpio.o
 .debug_loc     0x00000c66      0x4d1 src\lib\STM32F1xx_HAL_Driver\Src\stm32f1xx_hal_rcc.o

.debug_ranges   0x00000000       0xa0
 .debug_ranges  0x00000000       0x20 src\bsp\startup\startup_stm32f103xb.o
 .debug_ranges  0x00000020       0x60 src\lib\STM32F1xx_HAL_Driver\Src\stm32f1xx_hal_cortex.o
 .debug_ranges  0x00000080       0x20 src\lib\STM32F1xx_HAL_Driver\Src\stm32f1xx_hal_rcc.o

Cross Reference Table

Symbol                                            File
ADC1_2_IRQHandler                                 src\bsp\startup\startup_stm32f103xb.o
ADC_ConversionStop_Disable                        src\lib\STM32F1xx_HAL_Driver\Src\stm32f1xx_hal_adc.o
                                                  src\lib\STM32F1xx_HAL_Driver\Src\stm32f1xx_hal_adc_ex.o
ADC_DMAConvCplt                                   src\lib\STM32F1xx_HAL_Driver\Src\stm32f1xx_hal_adc.o
                                                  src\lib\STM32F1xx_HAL_Driver\Src\stm32f1xx_hal_adc_ex.o
ADC_DMAError                                      src\lib\STM32F1xx_HAL_Driver\Src\stm32f1xx_hal_adc.o
                                                  src\lib\STM32F1xx_HAL_Driver\Src\stm32f1xx_hal_adc_ex.o
ADC_DMAHalfConvCplt                               src\lib\STM32F1xx_HAL_Driver\Src\stm32f1xx_hal_adc.o
                                                  src\lib\STM32F1xx_HAL_Driver\Src\stm32f1xx_hal_adc_ex.o
ADC_Enable                                        src\lib\STM32F1xx_HAL_Driver\Src\stm32f1xx_hal_adc.o
                                                  src\lib\STM32F1xx_HAL_Driver\Src\stm32f1xx_hal_adc_ex.o
AHBPrescTable                                     src\bsp\cmsis\system_stm32f1xx.o
                                                  src\lib\STM32F1xx_HAL_Driver\Src\stm32f1xx_ll_utils.o
                                                  src\lib\STM32F1xx_HAL_Driver\Src\stm32f1xx_hal_rcc.o
APBPrescTable                                     src\bsp\cmsis\system_stm32f1xx.o
                                                  src\lib\STM32F1xx_HAL_Driver\Src\stm32f1xx_hal_rcc.o
BusFault_Handler                                  src\bsp\stm32f1xx_it.o
                                                  src\bsp\startup\startup_stm32f103xb.o
CAN1_RX1_IRQHandler                               src\bsp\startup\startup_stm32f103xb.o
CAN1_SCE_IRQHandler                               src\bsp\startup\startup_stm32f103xb.o
DMA1_Channel1_IRQHandler                          src\bsp\startup\startup_stm32f103xb.o
DMA1_Channel2_IRQHandler                          src\bsp\startup\startup_stm32f103xb.o
DMA1_Channel3_IRQHandler                          src\bsp\startup\startup_stm32f103xb.o
DMA1_Channel4_IRQHandler                          src\bsp\startup\startup_stm32f103xb.o
DMA1_Channel5_IRQHandler                          src\bsp\startup\startup_stm32f103xb.o
DMA1_Channel6_IRQHandler                          src\bsp\startup\startup_stm32f103xb.o
DMA1_Channel7_IRQHandler                          src\bsp\startup\startup_stm32f103xb.o
DebugMon_Handler                                  src\bsp\stm32f1xx_it.o
                                                  src\bsp\startup\startup_stm32f103xb.o
Default_Handler                                   src\bsp\startup\startup_stm32f103xb.o
EXTI0_IRQHandler                                  src\bsp\startup\startup_stm32f103xb.o
EXTI15_10_IRQHandler                              src\bsp\startup\startup_stm32f103xb.o
EXTI1_IRQHandler                                  src\bsp\startup\startup_stm32f103xb.o
EXTI2_IRQHandler                                  src\bsp\startup\startup_stm32f103xb.o
EXTI3_IRQHandler                                  src\bsp\startup\startup_stm32f103xb.o
EXTI4_IRQHandler                                  src\bsp\startup\startup_stm32f103xb.o
EXTI9_5_IRQHandler                                src\bsp\startup\startup_stm32f103xb.o
FLASH_IRQHandler                                  src\bsp\startup\startup_stm32f103xb.o
FLASH_PageErase                                   src\lib\STM32F1xx_HAL_Driver\Src\stm32f1xx_hal_flash_ex.o
                                                  src\lib\STM32F1xx_HAL_Driver\Src\stm32f1xx_hal_flash.o
FLASH_WaitForLastOperation                        src\lib\STM32F1xx_HAL_Driver\Src\stm32f1xx_hal_flash.o
                                                  src\lib\STM32F1xx_HAL_Driver\Src\stm32f1xx_hal_flash_ex.o
HAL_ADCEx_Calibration_Start                       src\lib\STM32F1xx_HAL_Driver\Src\stm32f1xx_hal_adc_ex.o
HAL_ADCEx_InjectedConfigChannel                   src\lib\STM32F1xx_HAL_Driver\Src\stm32f1xx_hal_adc_ex.o
HAL_ADCEx_InjectedConvCpltCallback                src\lib\STM32F1xx_HAL_Driver\Src\stm32f1xx_hal_adc_ex.o
                                                  src\lib\STM32F1xx_HAL_Driver\Src\stm32f1xx_hal_adc.o
HAL_ADCEx_InjectedGetValue                        src\lib\STM32F1xx_HAL_Driver\Src\stm32f1xx_hal_adc_ex.o
HAL_ADCEx_InjectedPollForConversion               src\lib\STM32F1xx_HAL_Driver\Src\stm32f1xx_hal_adc_ex.o
HAL_ADCEx_InjectedStart                           src\lib\STM32F1xx_HAL_Driver\Src\stm32f1xx_hal_adc_ex.o
HAL_ADCEx_InjectedStart_IT                        src\lib\STM32F1xx_HAL_Driver\Src\stm32f1xx_hal_adc_ex.o
HAL_ADCEx_InjectedStop                            src\lib\STM32F1xx_HAL_Driver\Src\stm32f1xx_hal_adc_ex.o
HAL_ADCEx_InjectedStop_IT                         src\lib\STM32F1xx_HAL_Driver\Src\stm32f1xx_hal_adc_ex.o
HAL_ADCEx_MultiModeConfigChannel                  src\lib\STM32F1xx_HAL_Driver\Src\stm32f1xx_hal_adc_ex.o
HAL_ADCEx_MultiModeGetValue                       src\lib\STM32F1xx_HAL_Driver\Src\stm32f1xx_hal_adc_ex.o
HAL_ADCEx_MultiModeStart_DMA                      src\lib\STM32F1xx_HAL_Driver\Src\stm32f1xx_hal_adc_ex.o
HAL_ADCEx_MultiModeStop_DMA                       src\lib\STM32F1xx_HAL_Driver\Src\stm32f1xx_hal_adc_ex.o
HAL_ADC_AnalogWDGConfig                           src\lib\STM32F1xx_HAL_Driver\Src\stm32f1xx_hal_adc.o
HAL_ADC_ConfigChannel                             src\lib\STM32F1xx_HAL_Driver\Src\stm32f1xx_hal_adc.o
HAL_ADC_ConvCpltCallback                          src\lib\STM32F1xx_HAL_Driver\Src\stm32f1xx_hal_adc.o
HAL_ADC_ConvHalfCpltCallback                      src\lib\STM32F1xx_HAL_Driver\Src\stm32f1xx_hal_adc.o
HAL_ADC_DeInit                                    src\lib\STM32F1xx_HAL_Driver\Src\stm32f1xx_hal_adc.o
HAL_ADC_ErrorCallback                             src\lib\STM32F1xx_HAL_Driver\Src\stm32f1xx_hal_adc.o
HAL_ADC_GetError                                  src\lib\STM32F1xx_HAL_Driver\Src\stm32f1xx_hal_adc.o
HAL_ADC_GetState                                  src\lib\STM32F1xx_HAL_Driver\Src\stm32f1xx_hal_adc.o
HAL_ADC_GetValue                                  src\lib\STM32F1xx_HAL_Driver\Src\stm32f1xx_hal_adc.o
HAL_ADC_IRQHandler                                src\lib\STM32F1xx_HAL_Driver\Src\stm32f1xx_hal_adc.o
HAL_ADC_Init                                      src\lib\STM32F1xx_HAL_Driver\Src\stm32f1xx_hal_adc.o
HAL_ADC_LevelOutOfWindowCallback                  src\lib\STM32F1xx_HAL_Driver\Src\stm32f1xx_hal_adc.o
HAL_ADC_MspDeInit                                 src\lib\STM32F1xx_HAL_Driver\Src\stm32f1xx_hal_adc.o
HAL_ADC_MspInit                                   src\lib\STM32F1xx_HAL_Driver\Src\stm32f1xx_hal_adc.o
HAL_ADC_PollForConversion                         src\lib\STM32F1xx_HAL_Driver\Src\stm32f1xx_hal_adc.o
HAL_ADC_PollForEvent                              src\lib\STM32F1xx_HAL_Driver\Src\stm32f1xx_hal_adc.o
HAL_ADC_Start                                     src\lib\STM32F1xx_HAL_Driver\Src\stm32f1xx_hal_adc.o
HAL_ADC_Start_DMA                                 src\lib\STM32F1xx_HAL_Driver\Src\stm32f1xx_hal_adc.o
HAL_ADC_Start_IT                                  src\lib\STM32F1xx_HAL_Driver\Src\stm32f1xx_hal_adc.o
HAL_ADC_Stop                                      src\lib\STM32F1xx_HAL_Driver\Src\stm32f1xx_hal_adc.o
HAL_ADC_Stop_DMA                                  src\lib\STM32F1xx_HAL_Driver\Src\stm32f1xx_hal_adc.o
HAL_ADC_Stop_IT                                   src\lib\STM32F1xx_HAL_Driver\Src\stm32f1xx_hal_adc.o
HAL_CAN_AbortTxRequest                            src\lib\STM32F1xx_HAL_Driver\Src\stm32f1xx_hal_can.o
HAL_CAN_ActivateNotification                      src\lib\STM32F1xx_HAL_Driver\Src\stm32f1xx_hal_can.o
HAL_CAN_AddTxMessage                              src\lib\STM32F1xx_HAL_Driver\Src\stm32f1xx_hal_can.o
HAL_CAN_ConfigFilter                              src\lib\STM32F1xx_HAL_Driver\Src\stm32f1xx_hal_can.o
HAL_CAN_DeInit                                    src\lib\STM32F1xx_HAL_Driver\Src\stm32f1xx_hal_can.o
HAL_CAN_DeactivateNotification                    src\lib\STM32F1xx_HAL_Driver\Src\stm32f1xx_hal_can.o
HAL_CAN_ErrorCallback                             src\lib\STM32F1xx_HAL_Driver\Src\stm32f1xx_hal_can.o
HAL_CAN_GetError                                  src\lib\STM32F1xx_HAL_Driver\Src\stm32f1xx_hal_can.o
HAL_CAN_GetRxFifoFillLevel                        src\lib\STM32F1xx_HAL_Driver\Src\stm32f1xx_hal_can.o
HAL_CAN_GetRxMessage                              src\lib\STM32F1xx_HAL_Driver\Src\stm32f1xx_hal_can.o
HAL_CAN_GetState                                  src\lib\STM32F1xx_HAL_Driver\Src\stm32f1xx_hal_can.o
HAL_CAN_GetTxMailboxesFreeLevel                   src\lib\STM32F1xx_HAL_Driver\Src\stm32f1xx_hal_can.o
HAL_CAN_GetTxTimestamp                            src\lib\STM32F1xx_HAL_Driver\Src\stm32f1xx_hal_can.o
HAL_CAN_IRQHandler                                src\lib\STM32F1xx_HAL_Driver\Src\stm32f1xx_hal_can.o
HAL_CAN_Init                                      src\lib\STM32F1xx_HAL_Driver\Src\stm32f1xx_hal_can.o
HAL_CAN_IsSleepActive                             src\lib\STM32F1xx_HAL_Driver\Src\stm32f1xx_hal_can.o
HAL_CAN_IsTxMessagePending                        src\lib\STM32F1xx_HAL_Driver\Src\stm32f1xx_hal_can.o
HAL_CAN_MspDeInit                                 src\lib\STM32F1xx_HAL_Driver\Src\stm32f1xx_hal_can.o
HAL_CAN_MspInit                                   src\lib\STM32F1xx_HAL_Driver\Src\stm32f1xx_hal_can.o
HAL_CAN_RequestSleep                              src\lib\STM32F1xx_HAL_Driver\Src\stm32f1xx_hal_can.o
HAL_CAN_ResetError                                src\lib\STM32F1xx_HAL_Driver\Src\stm32f1xx_hal_can.o
HAL_CAN_RxFifo0FullCallback                       src\lib\STM32F1xx_HAL_Driver\Src\stm32f1xx_hal_can.o
HAL_CAN_RxFifo0MsgPendingCallback                 src\lib\STM32F1xx_HAL_Driver\Src\stm32f1xx_hal_can.o
HAL_CAN_RxFifo1FullCallback                       src\lib\STM32F1xx_HAL_Driver\Src\stm32f1xx_hal_can.o
HAL_CAN_RxFifo1MsgPendingCallback                 src\lib\STM32F1xx_HAL_Driver\Src\stm32f1xx_hal_can.o
HAL_CAN_SleepCallback                             src\lib\STM32F1xx_HAL_Driver\Src\stm32f1xx_hal_can.o
HAL_CAN_Start                                     src\lib\STM32F1xx_HAL_Driver\Src\stm32f1xx_hal_can.o
HAL_CAN_Stop                                      src\lib\STM32F1xx_HAL_Driver\Src\stm32f1xx_hal_can.o
HAL_CAN_TxMailbox0AbortCallback                   src\lib\STM32F1xx_HAL_Driver\Src\stm32f1xx_hal_can.o
HAL_CAN_TxMailbox0CompleteCallback                src\lib\STM32F1xx_HAL_Driver\Src\stm32f1xx_hal_can.o
HAL_CAN_TxMailbox1AbortCallback                   src\lib\STM32F1xx_HAL_Driver\Src\stm32f1xx_hal_can.o
HAL_CAN_TxMailbox1CompleteCallback                src\lib\STM32F1xx_HAL_Driver\Src\stm32f1xx_hal_can.o
HAL_CAN_TxMailbox2AbortCallback                   src\lib\STM32F1xx_HAL_Driver\Src\stm32f1xx_hal_can.o
HAL_CAN_TxMailbox2CompleteCallback                src\lib\STM32F1xx_HAL_Driver\Src\stm32f1xx_hal_can.o
HAL_CAN_WakeUp                                    src\lib\STM32F1xx_HAL_Driver\Src\stm32f1xx_hal_can.o
HAL_CAN_WakeUpFromRxMsgCallback                   src\lib\STM32F1xx_HAL_Driver\Src\stm32f1xx_hal_can.o
HAL_CRC_Accumulate                                src\lib\STM32F1xx_HAL_Driver\Src\stm32f1xx_hal_crc.o
HAL_CRC_Calculate                                 src\lib\STM32F1xx_HAL_Driver\Src\stm32f1xx_hal_crc.o
HAL_CRC_DeInit                                    src\lib\STM32F1xx_HAL_Driver\Src\stm32f1xx_hal_crc.o
HAL_CRC_GetState                                  src\lib\STM32F1xx_HAL_Driver\Src\stm32f1xx_hal_crc.o
HAL_CRC_Init                                      src\lib\STM32F1xx_HAL_Driver\Src\stm32f1xx_hal_crc.o
HAL_CRC_MspDeInit                                 src\lib\STM32F1xx_HAL_Driver\Src\stm32f1xx_hal_crc.o
HAL_CRC_MspInit                                   src\lib\STM32F1xx_HAL_Driver\Src\stm32f1xx_hal_crc.o
HAL_DBGMCU_DisableDBGSleepMode                    src\lib\STM32F1xx_HAL_Driver\Src\stm32f1xx_hal.o
HAL_DBGMCU_DisableDBGStandbyMode                  src\lib\STM32F1xx_HAL_Driver\Src\stm32f1xx_hal.o
HAL_DBGMCU_DisableDBGStopMode                     src\lib\STM32F1xx_HAL_Driver\Src\stm32f1xx_hal.o
HAL_DBGMCU_EnableDBGSleepMode                     src\lib\STM32F1xx_HAL_Driver\Src\stm32f1xx_hal.o
HAL_DBGMCU_EnableDBGStandbyMode                   src\lib\STM32F1xx_HAL_Driver\Src\stm32f1xx_hal.o
HAL_DBGMCU_EnableDBGStopMode                      src\lib\STM32F1xx_HAL_Driver\Src\stm32f1xx_hal.o
HAL_DMA_Abort                                     src\lib\STM32F1xx_HAL_Driver\Src\stm32f1xx_hal_dma.o
                                                  src\lib\STM32F1xx_HAL_Driver\Src\stm32f1xx_hal_usart.o
                                                  src\lib\STM32F1xx_HAL_Driver\Src\stm32f1xx_hal_uart.o
                                                  src\lib\STM32F1xx_HAL_Driver\Src\stm32f1xx_hal_tim.o
                                                  src\lib\STM32F1xx_HAL_Driver\Src\stm32f1xx_hal_spi.o
                                                  src\lib\STM32F1xx_HAL_Driver\Src\stm32f1xx_hal_smartcard.o
                                                  src\lib\STM32F1xx_HAL_Driver\Src\stm32f1xx_hal_irda.o
                                                  src\lib\STM32F1xx_HAL_Driver\Src\stm32f1xx_hal_adc_ex.o
                                                  src\lib\STM32F1xx_HAL_Driver\Src\stm32f1xx_hal_adc.o
HAL_DMA_Abort_IT                                  src\lib\STM32F1xx_HAL_Driver\Src\stm32f1xx_hal_dma.o
                                                  src\lib\STM32F1xx_HAL_Driver\Src\stm32f1xx_hal_usart.o
                                                  src\lib\STM32F1xx_HAL_Driver\Src\stm32f1xx_hal_uart.o
                                                  src\lib\STM32F1xx_HAL_Driver\Src\stm32f1xx_hal_spi.o
                                                  src\lib\STM32F1xx_HAL_Driver\Src\stm32f1xx_hal_smartcard.o
                                                  src\lib\STM32F1xx_HAL_Driver\Src\stm32f1xx_hal_irda.o
                                                  src\lib\STM32F1xx_HAL_Driver\Src\stm32f1xx_hal_i2c.o
HAL_DMA_DeInit                                    src\lib\STM32F1xx_HAL_Driver\Src\stm32f1xx_hal_dma.o
HAL_DMA_GetError                                  src\lib\STM32F1xx_HAL_Driver\Src\stm32f1xx_hal_dma.o
HAL_DMA_GetState                                  src\lib\STM32F1xx_HAL_Driver\Src\stm32f1xx_hal_dma.o
HAL_DMA_IRQHandler                                src\lib\STM32F1xx_HAL_Driver\Src\stm32f1xx_hal_dma.o
HAL_DMA_Init                                      src\lib\STM32F1xx_HAL_Driver\Src\stm32f1xx_hal_dma.o
HAL_DMA_PollForTransfer                           src\lib\STM32F1xx_HAL_Driver\Src\stm32f1xx_hal_dma.o
HAL_DMA_RegisterCallback                          src\lib\STM32F1xx_HAL_Driver\Src\stm32f1xx_hal_dma.o
HAL_DMA_Start                                     src\lib\STM32F1xx_HAL_Driver\Src\stm32f1xx_hal_dma.o
HAL_DMA_Start_IT                                  src\lib\STM32F1xx_HAL_Driver\Src\stm32f1xx_hal_dma.o
                                                  src\lib\STM32F1xx_HAL_Driver\Src\stm32f1xx_hal_usart.o
                                                  src\lib\STM32F1xx_HAL_Driver\Src\stm32f1xx_hal_uart.o
                                                  src\lib\STM32F1xx_HAL_Driver\Src\stm32f1xx_hal_tim_ex.o
                                                  src\lib\STM32F1xx_HAL_Driver\Src\stm32f1xx_hal_tim.o
                                                  src\lib\STM32F1xx_HAL_Driver\Src\stm32f1xx_hal_spi.o
                                                  src\lib\STM32F1xx_HAL_Driver\Src\stm32f1xx_hal_smartcard.o
                                                  src\lib\STM32F1xx_HAL_Driver\Src\stm32f1xx_hal_irda.o
                                                  src\lib\STM32F1xx_HAL_Driver\Src\stm32f1xx_hal_i2c.o
                                                  src\lib\STM32F1xx_HAL_Driver\Src\stm32f1xx_hal_adc_ex.o
                                                  src\lib\STM32F1xx_HAL_Driver\Src\stm32f1xx_hal_adc.o
HAL_DMA_UnRegisterCallback                        src\lib\STM32F1xx_HAL_Driver\Src\stm32f1xx_hal_dma.o
HAL_DeInit                                        src\lib\STM32F1xx_HAL_Driver\Src\stm32f1xx_hal.o
HAL_Delay                                         src\lib\STM32F1xx_HAL_Driver\Src\stm32f1xx_hal.o
                                                  src\hw\hw.o
HAL_FLASHEx_Erase                                 src\lib\STM32F1xx_HAL_Driver\Src\stm32f1xx_hal_flash_ex.o
HAL_FLASHEx_Erase_IT                              src\lib\STM32F1xx_HAL_Driver\Src\stm32f1xx_hal_flash_ex.o
HAL_FLASHEx_OBErase                               src\lib\STM32F1xx_HAL_Driver\Src\stm32f1xx_hal_flash_ex.o
HAL_FLASHEx_OBGetConfig                           src\lib\STM32F1xx_HAL_Driver\Src\stm32f1xx_hal_flash_ex.o
HAL_FLASHEx_OBGetUserData                         src\lib\STM32F1xx_HAL_Driver\Src\stm32f1xx_hal_flash_ex.o
HAL_FLASHEx_OBProgram                             src\lib\STM32F1xx_HAL_Driver\Src\stm32f1xx_hal_flash_ex.o
HAL_FLASH_EndOfOperationCallback                  src\lib\STM32F1xx_HAL_Driver\Src\stm32f1xx_hal_flash.o
HAL_FLASH_GetError                                src\lib\STM32F1xx_HAL_Driver\Src\stm32f1xx_hal_flash.o
HAL_FLASH_IRQHandler                              src\lib\STM32F1xx_HAL_Driver\Src\stm32f1xx_hal_flash.o
HAL_FLASH_Lock                                    src\lib\STM32F1xx_HAL_Driver\Src\stm32f1xx_hal_flash.o
HAL_FLASH_OB_Launch                               src\lib\STM32F1xx_HAL_Driver\Src\stm32f1xx_hal_flash.o
HAL_FLASH_OB_Lock                                 src\lib\STM32F1xx_HAL_Driver\Src\stm32f1xx_hal_flash.o
HAL_FLASH_OB_Unlock                               src\lib\STM32F1xx_HAL_Driver\Src\stm32f1xx_hal_flash.o
HAL_FLASH_OperationErrorCallback                  src\lib\STM32F1xx_HAL_Driver\Src\stm32f1xx_hal_flash.o
HAL_FLASH_Program                                 src\lib\STM32F1xx_HAL_Driver\Src\stm32f1xx_hal_flash.o
HAL_FLASH_Program_IT                              src\lib\STM32F1xx_HAL_Driver\Src\stm32f1xx_hal_flash.o
HAL_FLASH_Unlock                                  src\lib\STM32F1xx_HAL_Driver\Src\stm32f1xx_hal_flash.o
HAL_GPIOEx_ConfigEventout                         src\lib\STM32F1xx_HAL_Driver\Src\stm32f1xx_hal_gpio_ex.o
HAL_GPIOEx_DisableEventout                        src\lib\STM32F1xx_HAL_Driver\Src\stm32f1xx_hal_gpio_ex.o
HAL_GPIOEx_EnableEventout                         src\lib\STM32F1xx_HAL_Driver\Src\stm32f1xx_hal_gpio_ex.o
HAL_GPIO_DeInit                                   src\lib\STM32F1xx_HAL_Driver\Src\stm32f1xx_hal_gpio.o
HAL_GPIO_EXTI_Callback                            src\lib\STM32F1xx_HAL_Driver\Src\stm32f1xx_hal_gpio.o
HAL_GPIO_EXTI_IRQHandler                          src\lib\STM32F1xx_HAL_Driver\Src\stm32f1xx_hal_gpio.o
HAL_GPIO_Init                                     src\lib\STM32F1xx_HAL_Driver\Src\stm32f1xx_hal_gpio.o
                                                  src\lib\STM32F1xx_HAL_Driver\Src\stm32f1xx_hal_rcc.o
                                                  src\hw\core\led.o
                                                  src\hw\core\button.o
HAL_GPIO_LockPin                                  src\lib\STM32F1xx_HAL_Driver\Src\stm32f1xx_hal_gpio.o
HAL_GPIO_ReadPin                                  src\lib\STM32F1xx_HAL_Driver\Src\stm32f1xx_hal_gpio.o
                                                  src\hw\core\button.o
HAL_GPIO_TogglePin                                src\lib\STM32F1xx_HAL_Driver\Src\stm32f1xx_hal_gpio.o
                                                  src\hw\core\led.o
HAL_GPIO_WritePin                                 src\lib\STM32F1xx_HAL_Driver\Src\stm32f1xx_hal_gpio.o
                                                  src\hw\core\led.o
HAL_GetDEVID                                      src\lib\STM32F1xx_HAL_Driver\Src\stm32f1xx_hal.o
HAL_GetHalVersion                                 src\lib\STM32F1xx_HAL_Driver\Src\stm32f1xx_hal.o
HAL_GetREVID                                      src\lib\STM32F1xx_HAL_Driver\Src\stm32f1xx_hal.o
HAL_GetTick                                       src\lib\STM32F1xx_HAL_Driver\Src\stm32f1xx_hal.o
                                                  src\lib\STM32F1xx_HAL_Driver\Src\stm32f1xx_hal_usart.o
                                                  src\lib\STM32F1xx_HAL_Driver\Src\stm32f1xx_hal_uart.o
                                                  src\lib\STM32F1xx_HAL_Driver\Src\stm32f1xx_hal_spi.o
                                                  src\lib\STM32F1xx_HAL_Driver\Src\stm32f1xx_hal_smartcard.o
                                                  src\lib\STM32F1xx_HAL_Driver\Src\stm32f1xx_hal_rtc_ex.o
                                                  src\lib\STM32F1xx_HAL_Driver\Src\stm32f1xx_hal_rtc.o
                                                  src\lib\STM32F1xx_HAL_Driver\Src\stm32f1xx_hal_rcc_ex.o
                                                  src\lib\STM32F1xx_HAL_Driver\Src\stm32f1xx_hal_rcc.o
                                                  src\lib\STM32F1xx_HAL_Driver\Src\stm32f1xx_hal_iwdg.o
                                                  src\lib\STM32F1xx_HAL_Driver\Src\stm32f1xx_hal_irda.o
                                                  src\lib\STM32F1xx_HAL_Driver\Src\stm32f1xx_hal_i2c.o
                                                  src\lib\STM32F1xx_HAL_Driver\Src\stm32f1xx_hal_flash.o
                                                  src\lib\STM32F1xx_HAL_Driver\Src\stm32f1xx_hal_dma.o
                                                  src\lib\STM32F1xx_HAL_Driver\Src\stm32f1xx_hal_can.o
                                                  src\lib\STM32F1xx_HAL_Driver\Src\stm32f1xx_hal_adc_ex.o
                                                  src\lib\STM32F1xx_HAL_Driver\Src\stm32f1xx_hal_adc.o
                                                  src\hw\hw.o
HAL_GetTickFreq                                   src\lib\STM32F1xx_HAL_Driver\Src\stm32f1xx_hal.o
HAL_GetTickPrio                                   src\lib\STM32F1xx_HAL_Driver\Src\stm32f1xx_hal.o
HAL_GetUID                                        src\lib\STM32F1xx_HAL_Driver\Src\stm32f1xx_hal.o
HAL_HalfDuplex_EnableReceiver                     src\lib\STM32F1xx_HAL_Driver\Src\stm32f1xx_hal_uart.o
HAL_HalfDuplex_EnableTransmitter                  src\lib\STM32F1xx_HAL_Driver\Src\stm32f1xx_hal_uart.o
HAL_HalfDuplex_Init                               src\lib\STM32F1xx_HAL_Driver\Src\stm32f1xx_hal_uart.o
HAL_I2C_AbortCpltCallback                         src\lib\STM32F1xx_HAL_Driver\Src\stm32f1xx_hal_i2c.o
HAL_I2C_AddrCallback                              src\lib\STM32F1xx_HAL_Driver\Src\stm32f1xx_hal_i2c.o
HAL_I2C_DeInit                                    src\lib\STM32F1xx_HAL_Driver\Src\stm32f1xx_hal_i2c.o
HAL_I2C_DisableListen_IT                          src\lib\STM32F1xx_HAL_Driver\Src\stm32f1xx_hal_i2c.o
HAL_I2C_ER_IRQHandler                             src\lib\STM32F1xx_HAL_Driver\Src\stm32f1xx_hal_i2c.o
HAL_I2C_EV_IRQHandler                             src\lib\STM32F1xx_HAL_Driver\Src\stm32f1xx_hal_i2c.o
HAL_I2C_EnableListen_IT                           src\lib\STM32F1xx_HAL_Driver\Src\stm32f1xx_hal_i2c.o
HAL_I2C_ErrorCallback                             src\lib\STM32F1xx_HAL_Driver\Src\stm32f1xx_hal_i2c.o
HAL_I2C_GetError                                  src\lib\STM32F1xx_HAL_Driver\Src\stm32f1xx_hal_i2c.o
HAL_I2C_GetMode                                   src\lib\STM32F1xx_HAL_Driver\Src\stm32f1xx_hal_i2c.o
HAL_I2C_GetState                                  src\lib\STM32F1xx_HAL_Driver\Src\stm32f1xx_hal_i2c.o
HAL_I2C_Init                                      src\lib\STM32F1xx_HAL_Driver\Src\stm32f1xx_hal_i2c.o
HAL_I2C_IsDeviceReady                             src\lib\STM32F1xx_HAL_Driver\Src\stm32f1xx_hal_i2c.o
HAL_I2C_ListenCpltCallback                        src\lib\STM32F1xx_HAL_Driver\Src\stm32f1xx_hal_i2c.o
HAL_I2C_MasterRxCpltCallback                      src\lib\STM32F1xx_HAL_Driver\Src\stm32f1xx_hal_i2c.o
HAL_I2C_MasterTxCpltCallback                      src\lib\STM32F1xx_HAL_Driver\Src\stm32f1xx_hal_i2c.o
HAL_I2C_Master_Abort_IT                           src\lib\STM32F1xx_HAL_Driver\Src\stm32f1xx_hal_i2c.o
HAL_I2C_Master_Receive                            src\lib\STM32F1xx_HAL_Driver\Src\stm32f1xx_hal_i2c.o
HAL_I2C_Master_Receive_DMA                        src\lib\STM32F1xx_HAL_Driver\Src\stm32f1xx_hal_i2c.o
HAL_I2C_Master_Receive_IT                         src\lib\STM32F1xx_HAL_Driver\Src\stm32f1xx_hal_i2c.o
HAL_I2C_Master_Sequential_Receive_IT              src\lib\STM32F1xx_HAL_Driver\Src\stm32f1xx_hal_i2c.o
HAL_I2C_Master_Sequential_Transmit_IT             src\lib\STM32F1xx_HAL_Driver\Src\stm32f1xx_hal_i2c.o
HAL_I2C_Master_Transmit                           src\lib\STM32F1xx_HAL_Driver\Src\stm32f1xx_hal_i2c.o
HAL_I2C_Master_Transmit_DMA                       src\lib\STM32F1xx_HAL_Driver\Src\stm32f1xx_hal_i2c.o
HAL_I2C_Master_Transmit_IT                        src\lib\STM32F1xx_HAL_Driver\Src\stm32f1xx_hal_i2c.o
HAL_I2C_MemRxCpltCallback                         src\lib\STM32F1xx_HAL_Driver\Src\stm32f1xx_hal_i2c.o
HAL_I2C_MemTxCpltCallback                         src\lib\STM32F1xx_HAL_Driver\Src\stm32f1xx_hal_i2c.o
HAL_I2C_Mem_Read                                  src\lib\STM32F1xx_HAL_Driver\Src\stm32f1xx_hal_i2c.o
HAL_I2C_Mem_Read_DMA                              src\lib\STM32F1xx_HAL_Driver\Src\stm32f1xx_hal_i2c.o
HAL_I2C_Mem_Read_IT                               src\lib\STM32F1xx_HAL_Driver\Src\stm32f1xx_hal_i2c.o
HAL_I2C_Mem_Write                                 src\lib\STM32F1xx_HAL_Driver\Src\stm32f1xx_hal_i2c.o
HAL_I2C_Mem_Write_DMA                             src\lib\STM32F1xx_HAL_Driver\Src\stm32f1xx_hal_i2c.o
HAL_I2C_Mem_Write_IT                              src\lib\STM32F1xx_HAL_Driver\Src\stm32f1xx_hal_i2c.o
HAL_I2C_MspDeInit                                 src\lib\STM32F1xx_HAL_Driver\Src\stm32f1xx_hal_i2c.o
HAL_I2C_MspInit                                   src\lib\STM32F1xx_HAL_Driver\Src\stm32f1xx_hal_i2c.o
HAL_I2C_SlaveRxCpltCallback                       src\lib\STM32F1xx_HAL_Driver\Src\stm32f1xx_hal_i2c.o
HAL_I2C_SlaveTxCpltCallback                       src\lib\STM32F1xx_HAL_Driver\Src\stm32f1xx_hal_i2c.o
HAL_I2C_Slave_Receive                             src\lib\STM32F1xx_HAL_Driver\Src\stm32f1xx_hal_i2c.o
HAL_I2C_Slave_Receive_DMA                         src\lib\STM32F1xx_HAL_Driver\Src\stm32f1xx_hal_i2c.o
HAL_I2C_Slave_Receive_IT                          src\lib\STM32F1xx_HAL_Driver\Src\stm32f1xx_hal_i2c.o
HAL_I2C_Slave_Sequential_Receive_IT               src\lib\STM32F1xx_HAL_Driver\Src\stm32f1xx_hal_i2c.o
HAL_I2C_Slave_Sequential_Transmit_IT              src\lib\STM32F1xx_HAL_Driver\Src\stm32f1xx_hal_i2c.o
HAL_I2C_Slave_Transmit                            src\lib\STM32F1xx_HAL_Driver\Src\stm32f1xx_hal_i2c.o
HAL_I2C_Slave_Transmit_DMA                        src\lib\STM32F1xx_HAL_Driver\Src\stm32f1xx_hal_i2c.o
HAL_I2C_Slave_Transmit_IT                         src\lib\STM32F1xx_HAL_Driver\Src\stm32f1xx_hal_i2c.o
HAL_IRDA_Abort                                    src\lib\STM32F1xx_HAL_Driver\Src\stm32f1xx_hal_irda.o
HAL_IRDA_AbortCpltCallback                        src\lib\STM32F1xx_HAL_Driver\Src\stm32f1xx_hal_irda.o
HAL_IRDA_AbortReceive                             src\lib\STM32F1xx_HAL_Driver\Src\stm32f1xx_hal_irda.o
HAL_IRDA_AbortReceiveCpltCallback                 src\lib\STM32F1xx_HAL_Driver\Src\stm32f1xx_hal_irda.o
HAL_IRDA_AbortReceive_IT                          src\lib\STM32F1xx_HAL_Driver\Src\stm32f1xx_hal_irda.o
HAL_IRDA_AbortTransmit                            src\lib\STM32F1xx_HAL_Driver\Src\stm32f1xx_hal_irda.o
HAL_IRDA_AbortTransmitCpltCallback                src\lib\STM32F1xx_HAL_Driver\Src\stm32f1xx_hal_irda.o
HAL_IRDA_AbortTransmit_IT                         src\lib\STM32F1xx_HAL_Driver\Src\stm32f1xx_hal_irda.o
HAL_IRDA_Abort_IT                                 src\lib\STM32F1xx_HAL_Driver\Src\stm32f1xx_hal_irda.o
HAL_IRDA_DMAPause                                 src\lib\STM32F1xx_HAL_Driver\Src\stm32f1xx_hal_irda.o
HAL_IRDA_DMAResume                                src\lib\STM32F1xx_HAL_Driver\Src\stm32f1xx_hal_irda.o
HAL_IRDA_DMAStop                                  src\lib\STM32F1xx_HAL_Driver\Src\stm32f1xx_hal_irda.o
HAL_IRDA_DeInit                                   src\lib\STM32F1xx_HAL_Driver\Src\stm32f1xx_hal_irda.o
HAL_IRDA_ErrorCallback                            src\lib\STM32F1xx_HAL_Driver\Src\stm32f1xx_hal_irda.o
HAL_IRDA_GetError                                 src\lib\STM32F1xx_HAL_Driver\Src\stm32f1xx_hal_irda.o
HAL_IRDA_GetState                                 src\lib\STM32F1xx_HAL_Driver\Src\stm32f1xx_hal_irda.o
HAL_IRDA_IRQHandler                               src\lib\STM32F1xx_HAL_Driver\Src\stm32f1xx_hal_irda.o
HAL_IRDA_Init                                     src\lib\STM32F1xx_HAL_Driver\Src\stm32f1xx_hal_irda.o
HAL_IRDA_MspDeInit                                src\lib\STM32F1xx_HAL_Driver\Src\stm32f1xx_hal_irda.o
HAL_IRDA_MspInit                                  src\lib\STM32F1xx_HAL_Driver\Src\stm32f1xx_hal_irda.o
HAL_IRDA_Receive                                  src\lib\STM32F1xx_HAL_Driver\Src\stm32f1xx_hal_irda.o
HAL_IRDA_Receive_DMA                              src\lib\STM32F1xx_HAL_Driver\Src\stm32f1xx_hal_irda.o
HAL_IRDA_Receive_IT                               src\lib\STM32F1xx_HAL_Driver\Src\stm32f1xx_hal_irda.o
HAL_IRDA_RxCpltCallback                           src\lib\STM32F1xx_HAL_Driver\Src\stm32f1xx_hal_irda.o
HAL_IRDA_RxHalfCpltCallback                       src\lib\STM32F1xx_HAL_Driver\Src\stm32f1xx_hal_irda.o
HAL_IRDA_Transmit                                 src\lib\STM32F1xx_HAL_Driver\Src\stm32f1xx_hal_irda.o
HAL_IRDA_Transmit_DMA                             src\lib\STM32F1xx_HAL_Driver\Src\stm32f1xx_hal_irda.o
HAL_IRDA_Transmit_IT                              src\lib\STM32F1xx_HAL_Driver\Src\stm32f1xx_hal_irda.o
HAL_IRDA_TxCpltCallback                           src\lib\STM32F1xx_HAL_Driver\Src\stm32f1xx_hal_irda.o
HAL_IRDA_TxHalfCpltCallback                       src\lib\STM32F1xx_HAL_Driver\Src\stm32f1xx_hal_irda.o
HAL_IWDG_Init                                     src\lib\STM32F1xx_HAL_Driver\Src\stm32f1xx_hal_iwdg.o
HAL_IWDG_Refresh                                  src\lib\STM32F1xx_HAL_Driver\Src\stm32f1xx_hal_iwdg.o
HAL_IncTick                                       src\lib\STM32F1xx_HAL_Driver\Src\stm32f1xx_hal.o
                                                  src\bsp\stm32f1xx_it.o
HAL_Init                                          src\lib\STM32F1xx_HAL_Driver\Src\stm32f1xx_hal.o
                                                  src\bsp\bsp.o
HAL_InitTick                                      src\lib\STM32F1xx_HAL_Driver\Src\stm32f1xx_hal.o
                                                  src\lib\STM32F1xx_HAL_Driver\Src\stm32f1xx_hal_rcc.o
HAL_LIN_Init                                      src\lib\STM32F1xx_HAL_Driver\Src\stm32f1xx_hal_uart.o
HAL_LIN_SendBreak                                 src\lib\STM32F1xx_HAL_Driver\Src\stm32f1xx_hal_uart.o
HAL_MspDeInit                                     src\lib\STM32F1xx_HAL_Driver\Src\stm32f1xx_hal.o
HAL_MspInit                                       src\lib\STM32F1xx_HAL_Driver\Src\stm32f1xx_hal.o
HAL_MultiProcessor_EnterMuteMode                  src\lib\STM32F1xx_HAL_Driver\Src\stm32f1xx_hal_uart.o
HAL_MultiProcessor_ExitMuteMode                   src\lib\STM32F1xx_HAL_Driver\Src\stm32f1xx_hal_uart.o
HAL_MultiProcessor_Init                           src\lib\STM32F1xx_HAL_Driver\Src\stm32f1xx_hal_uart.o
HAL_NVIC_ClearPendingIRQ                          src\lib\STM32F1xx_HAL_Driver\Src\stm32f1xx_hal_cortex.o
HAL_NVIC_DisableIRQ                               src\lib\STM32F1xx_HAL_Driver\Src\stm32f1xx_hal_cortex.o
HAL_NVIC_EnableIRQ                                src\lib\STM32F1xx_HAL_Driver\Src\stm32f1xx_hal_cortex.o
HAL_NVIC_GetActive                                src\lib\STM32F1xx_HAL_Driver\Src\stm32f1xx_hal_cortex.o
HAL_NVIC_GetPendingIRQ                            src\lib\STM32F1xx_HAL_Driver\Src\stm32f1xx_hal_cortex.o
HAL_NVIC_GetPriority                              src\lib\STM32F1xx_HAL_Driver\Src\stm32f1xx_hal_cortex.o
HAL_NVIC_GetPriorityGrouping                      src\lib\STM32F1xx_HAL_Driver\Src\stm32f1xx_hal_cortex.o
HAL_NVIC_SetPendingIRQ                            src\lib\STM32F1xx_HAL_Driver\Src\stm32f1xx_hal_cortex.o
HAL_NVIC_SetPriority                              src\lib\STM32F1xx_HAL_Driver\Src\stm32f1xx_hal_cortex.o
                                                  src\lib\STM32F1xx_HAL_Driver\Src\stm32f1xx_hal.o
HAL_NVIC_SetPriorityGrouping                      src\lib\STM32F1xx_HAL_Driver\Src\stm32f1xx_hal_cortex.o
                                                  src\lib\STM32F1xx_HAL_Driver\Src\stm32f1xx_hal.o
HAL_NVIC_SystemReset                              src\lib\STM32F1xx_HAL_Driver\Src\stm32f1xx_hal_cortex.o
                                                  src\lib\STM32F1xx_HAL_Driver\Src\stm32f1xx_hal_flash.o
HAL_PCDEx_PMAConfig                               src\lib\STM32F1xx_HAL_Driver\Src\stm32f1xx_hal_pcd_ex.o
HAL_PCDEx_SetConnectionState                      src\lib\STM32F1xx_HAL_Driver\Src\stm32f1xx_hal_pcd_ex.o
                                                  src\lib\STM32F1xx_HAL_Driver\Src\stm32f1xx_hal_pcd.o
HAL_PCD_ActivateRemoteWakeup                      src\lib\STM32F1xx_HAL_Driver\Src\stm32f1xx_hal_pcd.o
HAL_PCD_ConnectCallback                           src\lib\STM32F1xx_HAL_Driver\Src\stm32f1xx_hal_pcd.o
HAL_PCD_DataInStageCallback                       src\lib\STM32F1xx_HAL_Driver\Src\stm32f1xx_hal_pcd.o
HAL_PCD_DataOutStageCallback                      src\lib\STM32F1xx_HAL_Driver\Src\stm32f1xx_hal_pcd.o
HAL_PCD_DeActivateRemoteWakeup                    src\lib\STM32F1xx_HAL_Driver\Src\stm32f1xx_hal_pcd.o
HAL_PCD_DeInit                                    src\lib\STM32F1xx_HAL_Driver\Src\stm32f1xx_hal_pcd.o
HAL_PCD_DevConnect                                src\lib\STM32F1xx_HAL_Driver\Src\stm32f1xx_hal_pcd.o
HAL_PCD_DevDisconnect                             src\lib\STM32F1xx_HAL_Driver\Src\stm32f1xx_hal_pcd.o
HAL_PCD_DisconnectCallback                        src\lib\STM32F1xx_HAL_Driver\Src\stm32f1xx_hal_pcd.o
HAL_PCD_EP_Close                                  src\lib\STM32F1xx_HAL_Driver\Src\stm32f1xx_hal_pcd.o
HAL_PCD_EP_ClrStall                               src\lib\STM32F1xx_HAL_Driver\Src\stm32f1xx_hal_pcd.o
HAL_PCD_EP_Flush                                  src\lib\STM32F1xx_HAL_Driver\Src\stm32f1xx_hal_pcd.o
HAL_PCD_EP_GetRxCount                             src\lib\STM32F1xx_HAL_Driver\Src\stm32f1xx_hal_pcd.o
HAL_PCD_EP_Open                                   src\lib\STM32F1xx_HAL_Driver\Src\stm32f1xx_hal_pcd.o
HAL_PCD_EP_Receive                                src\lib\STM32F1xx_HAL_Driver\Src\stm32f1xx_hal_pcd.o
HAL_PCD_EP_SetStall                               src\lib\STM32F1xx_HAL_Driver\Src\stm32f1xx_hal_pcd.o
HAL_PCD_EP_Transmit                               src\lib\STM32F1xx_HAL_Driver\Src\stm32f1xx_hal_pcd.o
HAL_PCD_GetState                                  src\lib\STM32F1xx_HAL_Driver\Src\stm32f1xx_hal_pcd.o
HAL_PCD_IRQHandler                                src\lib\STM32F1xx_HAL_Driver\Src\stm32f1xx_hal_pcd.o
HAL_PCD_ISOINIncompleteCallback                   src\lib\STM32F1xx_HAL_Driver\Src\stm32f1xx_hal_pcd.o
HAL_PCD_ISOOUTIncompleteCallback                  src\lib\STM32F1xx_HAL_Driver\Src\stm32f1xx_hal_pcd.o
HAL_PCD_Init                                      src\lib\STM32F1xx_HAL_Driver\Src\stm32f1xx_hal_pcd.o
HAL_PCD_MspDeInit                                 src\lib\STM32F1xx_HAL_Driver\Src\stm32f1xx_hal_pcd.o
HAL_PCD_MspInit                                   src\lib\STM32F1xx_HAL_Driver\Src\stm32f1xx_hal_pcd.o
HAL_PCD_ResetCallback                             src\lib\STM32F1xx_HAL_Driver\Src\stm32f1xx_hal_pcd.o
HAL_PCD_ResumeCallback                            src\lib\STM32F1xx_HAL_Driver\Src\stm32f1xx_hal_pcd.o
HAL_PCD_SOFCallback                               src\lib\STM32F1xx_HAL_Driver\Src\stm32f1xx_hal_pcd.o
HAL_PCD_SetAddress                                src\lib\STM32F1xx_HAL_Driver\Src\stm32f1xx_hal_pcd.o
HAL_PCD_SetupStageCallback                        src\lib\STM32F1xx_HAL_Driver\Src\stm32f1xx_hal_pcd.o
HAL_PCD_Start                                     src\lib\STM32F1xx_HAL_Driver\Src\stm32f1xx_hal_pcd.o
HAL_PCD_Stop                                      src\lib\STM32F1xx_HAL_Driver\Src\stm32f1xx_hal_pcd.o
HAL_PCD_SuspendCallback                           src\lib\STM32F1xx_HAL_Driver\Src\stm32f1xx_hal_pcd.o
HAL_PWR_ConfigPVD                                 src\lib\STM32F1xx_HAL_Driver\Src\stm32f1xx_hal_pwr.o
HAL_PWR_DeInit                                    src\lib\STM32F1xx_HAL_Driver\Src\stm32f1xx_hal_pwr.o
HAL_PWR_DisableBkUpAccess                         src\lib\STM32F1xx_HAL_Driver\Src\stm32f1xx_hal_pwr.o
HAL_PWR_DisablePVD                                src\lib\STM32F1xx_HAL_Driver\Src\stm32f1xx_hal_pwr.o
HAL_PWR_DisableSEVOnPend                          src\lib\STM32F1xx_HAL_Driver\Src\stm32f1xx_hal_pwr.o
HAL_PWR_DisableSleepOnExit                        src\lib\STM32F1xx_HAL_Driver\Src\stm32f1xx_hal_pwr.o
HAL_PWR_DisableWakeUpPin                          src\lib\STM32F1xx_HAL_Driver\Src\stm32f1xx_hal_pwr.o
HAL_PWR_EnableBkUpAccess                          src\lib\STM32F1xx_HAL_Driver\Src\stm32f1xx_hal_pwr.o
HAL_PWR_EnablePVD                                 src\lib\STM32F1xx_HAL_Driver\Src\stm32f1xx_hal_pwr.o
HAL_PWR_EnableSEVOnPend                           src\lib\STM32F1xx_HAL_Driver\Src\stm32f1xx_hal_pwr.o
HAL_PWR_EnableSleepOnExit                         src\lib\STM32F1xx_HAL_Driver\Src\stm32f1xx_hal_pwr.o
HAL_PWR_EnableWakeUpPin                           src\lib\STM32F1xx_HAL_Driver\Src\stm32f1xx_hal_pwr.o
HAL_PWR_EnterSLEEPMode                            src\lib\STM32F1xx_HAL_Driver\Src\stm32f1xx_hal_pwr.o
HAL_PWR_EnterSTANDBYMode                          src\lib\STM32F1xx_HAL_Driver\Src\stm32f1xx_hal_pwr.o
HAL_PWR_EnterSTOPMode                             src\lib\STM32F1xx_HAL_Driver\Src\stm32f1xx_hal_pwr.o
HAL_PWR_PVDCallback                               src\lib\STM32F1xx_HAL_Driver\Src\stm32f1xx_hal_pwr.o
HAL_PWR_PVD_IRQHandler                            src\lib\STM32F1xx_HAL_Driver\Src\stm32f1xx_hal_pwr.o
HAL_RCCEx_GetPeriphCLKConfig                      src\lib\STM32F1xx_HAL_Driver\Src\stm32f1xx_hal_rcc_ex.o
HAL_RCCEx_GetPeriphCLKFreq                        src\lib\STM32F1xx_HAL_Driver\Src\stm32f1xx_hal_rcc_ex.o
                                                  src\lib\STM32F1xx_HAL_Driver\Src\stm32f1xx_hal_rtc.o
                                                  src\lib\STM32F1xx_HAL_Driver\Src\stm32f1xx_hal_adc_ex.o
                                                  src\lib\STM32F1xx_HAL_Driver\Src\stm32f1xx_hal_adc.o
HAL_RCCEx_PeriphCLKConfig                         src\lib\STM32F1xx_HAL_Driver\Src\stm32f1xx_hal_rcc_ex.o
HAL_RCC_CSSCallback                               src\lib\STM32F1xx_HAL_Driver\Src\stm32f1xx_hal_rcc.o
HAL_RCC_ClockConfig                               src\lib\STM32F1xx_HAL_Driver\Src\stm32f1xx_hal_rcc.o
                                                  src\bsp\bsp.o
HAL_RCC_DeInit                                    src\lib\STM32F1xx_HAL_Driver\Src\stm32f1xx_hal_rcc.o
HAL_RCC_DisableCSS                                src\lib\STM32F1xx_HAL_Driver\Src\stm32f1xx_hal_rcc.o
HAL_RCC_EnableCSS                                 src\lib\STM32F1xx_HAL_Driver\Src\stm32f1xx_hal_rcc.o
HAL_RCC_GetClockConfig                            src\lib\STM32F1xx_HAL_Driver\Src\stm32f1xx_hal_rcc.o
HAL_RCC_GetHCLKFreq                               src\lib\STM32F1xx_HAL_Driver\Src\stm32f1xx_hal_rcc.o
HAL_RCC_GetOscConfig                              src\lib\STM32F1xx_HAL_Driver\Src\stm32f1xx_hal_rcc.o
HAL_RCC_GetPCLK1Freq                              src\lib\STM32F1xx_HAL_Driver\Src\stm32f1xx_hal_rcc.o
                                                  src\lib\STM32F1xx_HAL_Driver\Src\stm32f1xx_hal_usart.o
                                                  src\lib\STM32F1xx_HAL_Driver\Src\stm32f1xx_hal_uart.o
                                                  src\lib\STM32F1xx_HAL_Driver\Src\stm32f1xx_hal_smartcard.o
                                                  src\lib\STM32F1xx_HAL_Driver\Src\stm32f1xx_hal_irda.o
                                                  src\lib\STM32F1xx_HAL_Driver\Src\stm32f1xx_hal_i2c.o
HAL_RCC_GetPCLK2Freq                              src\lib\STM32F1xx_HAL_Driver\Src\stm32f1xx_hal_rcc.o
                                                  src\lib\STM32F1xx_HAL_Driver\Src\stm32f1xx_hal_usart.o
                                                  src\lib\STM32F1xx_HAL_Driver\Src\stm32f1xx_hal_uart.o
                                                  src\lib\STM32F1xx_HAL_Driver\Src\stm32f1xx_hal_smartcard.o
                                                  src\lib\STM32F1xx_HAL_Driver\Src\stm32f1xx_hal_rcc_ex.o
                                                  src\lib\STM32F1xx_HAL_Driver\Src\stm32f1xx_hal_irda.o
HAL_RCC_GetSysClockFreq                           src\lib\STM32F1xx_HAL_Driver\Src\stm32f1xx_hal_rcc.o
HAL_RCC_MCOConfig                                 src\lib\STM32F1xx_HAL_Driver\Src\stm32f1xx_hal_rcc.o
HAL_RCC_NMI_IRQHandler                            src\lib\STM32F1xx_HAL_Driver\Src\stm32f1xx_hal_rcc.o
HAL_RCC_OscConfig                                 src\lib\STM32F1xx_HAL_Driver\Src\stm32f1xx_hal_rcc.o
                                                  src\bsp\bsp.o
HAL_RTCEx_BKUPRead                                src\lib\STM32F1xx_HAL_Driver\Src\stm32f1xx_hal_rtc_ex.o
HAL_RTCEx_BKUPWrite                               src\lib\STM32F1xx_HAL_Driver\Src\stm32f1xx_hal_rtc_ex.o
HAL_RTCEx_DeactivateSecond                        src\lib\STM32F1xx_HAL_Driver\Src\stm32f1xx_hal_rtc_ex.o
HAL_RTCEx_DeactivateTamper                        src\lib\STM32F1xx_HAL_Driver\Src\stm32f1xx_hal_rtc_ex.o
HAL_RTCEx_PollForTamper1Event                     src\lib\STM32F1xx_HAL_Driver\Src\stm32f1xx_hal_rtc_ex.o
HAL_RTCEx_RTCEventCallback                        src\lib\STM32F1xx_HAL_Driver\Src\stm32f1xx_hal_rtc_ex.o
HAL_RTCEx_RTCEventErrorCallback                   src\lib\STM32F1xx_HAL_Driver\Src\stm32f1xx_hal_rtc_ex.o
HAL_RTCEx_RTCIRQHandler                           src\lib\STM32F1xx_HAL_Driver\Src\stm32f1xx_hal_rtc_ex.o
HAL_RTCEx_SetSecond_IT                            src\lib\STM32F1xx_HAL_Driver\Src\stm32f1xx_hal_rtc_ex.o
HAL_RTCEx_SetSmoothCalib                          src\lib\STM32F1xx_HAL_Driver\Src\stm32f1xx_hal_rtc_ex.o
HAL_RTCEx_SetTamper                               src\lib\STM32F1xx_HAL_Driver\Src\stm32f1xx_hal_rtc_ex.o
HAL_RTCEx_SetTamper_IT                            src\lib\STM32F1xx_HAL_Driver\Src\stm32f1xx_hal_rtc_ex.o
HAL_RTCEx_Tamper1EventCallback                    src\lib\STM32F1xx_HAL_Driver\Src\stm32f1xx_hal_rtc_ex.o
HAL_RTCEx_TamperIRQHandler                        src\lib\STM32F1xx_HAL_Driver\Src\stm32f1xx_hal_rtc_ex.o
HAL_RTC_AlarmAEventCallback                       src\lib\STM32F1xx_HAL_Driver\Src\stm32f1xx_hal_rtc.o
HAL_RTC_AlarmIRQHandler                           src\lib\STM32F1xx_HAL_Driver\Src\stm32f1xx_hal_rtc.o
HAL_RTC_DeInit                                    src\lib\STM32F1xx_HAL_Driver\Src\stm32f1xx_hal_rtc.o
HAL_RTC_DeactivateAlarm                           src\lib\STM32F1xx_HAL_Driver\Src\stm32f1xx_hal_rtc.o
HAL_RTC_GetAlarm                                  src\lib\STM32F1xx_HAL_Driver\Src\stm32f1xx_hal_rtc.o
HAL_RTC_GetDate                                   src\lib\STM32F1xx_HAL_Driver\Src\stm32f1xx_hal_rtc.o
HAL_RTC_GetState                                  src\lib\STM32F1xx_HAL_Driver\Src\stm32f1xx_hal_rtc.o
HAL_RTC_GetTime                                   src\lib\STM32F1xx_HAL_Driver\Src\stm32f1xx_hal_rtc.o
HAL_RTC_Init                                      src\lib\STM32F1xx_HAL_Driver\Src\stm32f1xx_hal_rtc.o
HAL_RTC_MspDeInit                                 src\lib\STM32F1xx_HAL_Driver\Src\stm32f1xx_hal_rtc.o
HAL_RTC_MspInit                                   src\lib\STM32F1xx_HAL_Driver\Src\stm32f1xx_hal_rtc.o
HAL_RTC_PollForAlarmAEvent                        src\lib\STM32F1xx_HAL_Driver\Src\stm32f1xx_hal_rtc.o
HAL_RTC_SetAlarm                                  src\lib\STM32F1xx_HAL_Driver\Src\stm32f1xx_hal_rtc.o
HAL_RTC_SetAlarm_IT                               src\lib\STM32F1xx_HAL_Driver\Src\stm32f1xx_hal_rtc.o
HAL_RTC_SetDate                                   src\lib\STM32F1xx_HAL_Driver\Src\stm32f1xx_hal_rtc.o
HAL_RTC_SetTime                                   src\lib\STM32F1xx_HAL_Driver\Src\stm32f1xx_hal_rtc.o
HAL_RTC_WaitForSynchro                            src\lib\STM32F1xx_HAL_Driver\Src\stm32f1xx_hal_rtc.o
HAL_ResumeTick                                    src\lib\STM32F1xx_HAL_Driver\Src\stm32f1xx_hal.o
HAL_SMARTCARD_Abort                               src\lib\STM32F1xx_HAL_Driver\Src\stm32f1xx_hal_smartcard.o
HAL_SMARTCARD_AbortCpltCallback                   src\lib\STM32F1xx_HAL_Driver\Src\stm32f1xx_hal_smartcard.o
HAL_SMARTCARD_AbortReceive                        src\lib\STM32F1xx_HAL_Driver\Src\stm32f1xx_hal_smartcard.o
HAL_SMARTCARD_AbortReceiveCpltCallback            src\lib\STM32F1xx_HAL_Driver\Src\stm32f1xx_hal_smartcard.o
HAL_SMARTCARD_AbortReceive_IT                     src\lib\STM32F1xx_HAL_Driver\Src\stm32f1xx_hal_smartcard.o
HAL_SMARTCARD_AbortTransmit                       src\lib\STM32F1xx_HAL_Driver\Src\stm32f1xx_hal_smartcard.o
HAL_SMARTCARD_AbortTransmitCpltCallback           src\lib\STM32F1xx_HAL_Driver\Src\stm32f1xx_hal_smartcard.o
HAL_SMARTCARD_AbortTransmit_IT                    src\lib\STM32F1xx_HAL_Driver\Src\stm32f1xx_hal_smartcard.o
HAL_SMARTCARD_Abort_IT                            src\lib\STM32F1xx_HAL_Driver\Src\stm32f1xx_hal_smartcard.o
HAL_SMARTCARD_DeInit                              src\lib\STM32F1xx_HAL_Driver\Src\stm32f1xx_hal_smartcard.o
HAL_SMARTCARD_ErrorCallback                       src\lib\STM32F1xx_HAL_Driver\Src\stm32f1xx_hal_smartcard.o
HAL_SMARTCARD_GetError                            src\lib\STM32F1xx_HAL_Driver\Src\stm32f1xx_hal_smartcard.o
HAL_SMARTCARD_GetState                            src\lib\STM32F1xx_HAL_Driver\Src\stm32f1xx_hal_smartcard.o
HAL_SMARTCARD_IRQHandler                          src\lib\STM32F1xx_HAL_Driver\Src\stm32f1xx_hal_smartcard.o
HAL_SMARTCARD_Init                                src\lib\STM32F1xx_HAL_Driver\Src\stm32f1xx_hal_smartcard.o
HAL_SMARTCARD_MspDeInit                           src\lib\STM32F1xx_HAL_Driver\Src\stm32f1xx_hal_smartcard.o
HAL_SMARTCARD_MspInit                             src\lib\STM32F1xx_HAL_Driver\Src\stm32f1xx_hal_smartcard.o
HAL_SMARTCARD_Receive                             src\lib\STM32F1xx_HAL_Driver\Src\stm32f1xx_hal_smartcard.o
HAL_SMARTCARD_Receive_DMA                         src\lib\STM32F1xx_HAL_Driver\Src\stm32f1xx_hal_smartcard.o
HAL_SMARTCARD_Receive_IT                          src\lib\STM32F1xx_HAL_Driver\Src\stm32f1xx_hal_smartcard.o
HAL_SMARTCARD_RxCpltCallback                      src\lib\STM32F1xx_HAL_Driver\Src\stm32f1xx_hal_smartcard.o
HAL_SMARTCARD_Transmit                            src\lib\STM32F1xx_HAL_Driver\Src\stm32f1xx_hal_smartcard.o
HAL_SMARTCARD_Transmit_DMA                        src\lib\STM32F1xx_HAL_Driver\Src\stm32f1xx_hal_smartcard.o
HAL_SMARTCARD_Transmit_IT                         src\lib\STM32F1xx_HAL_Driver\Src\stm32f1xx_hal_smartcard.o
HAL_SMARTCARD_TxCpltCallback                      src\lib\STM32F1xx_HAL_Driver\Src\stm32f1xx_hal_smartcard.o
HAL_SPI_Abort                                     src\lib\STM32F1xx_HAL_Driver\Src\stm32f1xx_hal_spi.o
HAL_SPI_AbortCpltCallback                         src\lib\STM32F1xx_HAL_Driver\Src\stm32f1xx_hal_spi.o
HAL_SPI_Abort_IT                                  src\lib\STM32F1xx_HAL_Driver\Src\stm32f1xx_hal_spi.o
HAL_SPI_DMAPause                                  src\lib\STM32F1xx_HAL_Driver\Src\stm32f1xx_hal_spi.o
HAL_SPI_DMAResume                                 src\lib\STM32F1xx_HAL_Driver\Src\stm32f1xx_hal_spi.o
HAL_SPI_DMAStop                                   src\lib\STM32F1xx_HAL_Driver\Src\stm32f1xx_hal_spi.o
HAL_SPI_DeInit                                    src\lib\STM32F1xx_HAL_Driver\Src\stm32f1xx_hal_spi.o
HAL_SPI_ErrorCallback                             src\lib\STM32F1xx_HAL_Driver\Src\stm32f1xx_hal_spi.o
HAL_SPI_GetError                                  src\lib\STM32F1xx_HAL_Driver\Src\stm32f1xx_hal_spi.o
HAL_SPI_GetState                                  src\lib\STM32F1xx_HAL_Driver\Src\stm32f1xx_hal_spi.o
HAL_SPI_IRQHandler                                src\lib\STM32F1xx_HAL_Driver\Src\stm32f1xx_hal_spi.o
HAL_SPI_Init                                      src\lib\STM32F1xx_HAL_Driver\Src\stm32f1xx_hal_spi_ex.o
                                                  src\lib\STM32F1xx_HAL_Driver\Src\stm32f1xx_hal_spi.o
HAL_SPI_MspDeInit                                 src\lib\STM32F1xx_HAL_Driver\Src\stm32f1xx_hal_spi.o
HAL_SPI_MspInit                                   src\lib\STM32F1xx_HAL_Driver\Src\stm32f1xx_hal_spi.o
                                                  src\lib\STM32F1xx_HAL_Driver\Src\stm32f1xx_hal_spi_ex.o
HAL_SPI_Receive                                   src\lib\STM32F1xx_HAL_Driver\Src\stm32f1xx_hal_spi.o
HAL_SPI_Receive_DMA                               src\lib\STM32F1xx_HAL_Driver\Src\stm32f1xx_hal_spi.o
HAL_SPI_Receive_IT                                src\lib\STM32F1xx_HAL_Driver\Src\stm32f1xx_hal_spi.o
HAL_SPI_RxCpltCallback                            src\lib\STM32F1xx_HAL_Driver\Src\stm32f1xx_hal_spi.o
HAL_SPI_RxHalfCpltCallback                        src\lib\STM32F1xx_HAL_Driver\Src\stm32f1xx_hal_spi.o
HAL_SPI_Transmit                                  src\lib\STM32F1xx_HAL_Driver\Src\stm32f1xx_hal_spi.o
HAL_SPI_TransmitReceive                           src\lib\STM32F1xx_HAL_Driver\Src\stm32f1xx_hal_spi.o
HAL_SPI_TransmitReceive_DMA                       src\lib\STM32F1xx_HAL_Driver\Src\stm32f1xx_hal_spi.o
HAL_SPI_TransmitReceive_IT                        src\lib\STM32F1xx_HAL_Driver\Src\stm32f1xx_hal_spi.o
HAL_SPI_Transmit_DMA                              src\lib\STM32F1xx_HAL_Driver\Src\stm32f1xx_hal_spi.o
HAL_SPI_Transmit_IT                               src\lib\STM32F1xx_HAL_Driver\Src\stm32f1xx_hal_spi.o
HAL_SPI_TxCpltCallback                            src\lib\STM32F1xx_HAL_Driver\Src\stm32f1xx_hal_spi.o
HAL_SPI_TxHalfCpltCallback                        src\lib\STM32F1xx_HAL_Driver\Src\stm32f1xx_hal_spi.o
HAL_SPI_TxRxCpltCallback                          src\lib\STM32F1xx_HAL_Driver\Src\stm32f1xx_hal_spi.o
HAL_SPI_TxRxHalfCpltCallback                      src\lib\STM32F1xx_HAL_Driver\Src\stm32f1xx_hal_spi.o
HAL_SYSTICK_CLKSourceConfig                       src\lib\STM32F1xx_HAL_Driver\Src\stm32f1xx_hal_cortex.o
HAL_SYSTICK_Callback                              src\lib\STM32F1xx_HAL_Driver\Src\stm32f1xx_hal_cortex.o
HAL_SYSTICK_Config                                src\lib\STM32F1xx_HAL_Driver\Src\stm32f1xx_hal_cortex.o
                                                  src\lib\STM32F1xx_HAL_Driver\Src\stm32f1xx_hal.o
HAL_SYSTICK_IRQHandler                            src\lib\STM32F1xx_HAL_Driver\Src\stm32f1xx_hal_cortex.o
HAL_SetTickFreq                                   src\lib\STM32F1xx_HAL_Driver\Src\stm32f1xx_hal.o
HAL_SuspendTick                                   src\lib\STM32F1xx_HAL_Driver\Src\stm32f1xx_hal.o
HAL_TIMEx_BreakCallback                           src\lib\STM32F1xx_HAL_Driver\Src\stm32f1xx_hal_tim_ex.o
                                                  src\lib\STM32F1xx_HAL_Driver\Src\stm32f1xx_hal_tim.o
HAL_TIMEx_CommutationCallback                     src\lib\STM32F1xx_HAL_Driver\Src\stm32f1xx_hal_tim_ex.o
                                                  src\lib\STM32F1xx_HAL_Driver\Src\stm32f1xx_hal_tim.o
HAL_TIMEx_ConfigBreakDeadTime                     src\lib\STM32F1xx_HAL_Driver\Src\stm32f1xx_hal_tim_ex.o
HAL_TIMEx_ConfigCommutationEvent                  src\lib\STM32F1xx_HAL_Driver\Src\stm32f1xx_hal_tim_ex.o
HAL_TIMEx_ConfigCommutationEvent_DMA              src\lib\STM32F1xx_HAL_Driver\Src\stm32f1xx_hal_tim_ex.o
HAL_TIMEx_ConfigCommutationEvent_IT               src\lib\STM32F1xx_HAL_Driver\Src\stm32f1xx_hal_tim_ex.o
HAL_TIMEx_HallSensor_DeInit                       src\lib\STM32F1xx_HAL_Driver\Src\stm32f1xx_hal_tim_ex.o
HAL_TIMEx_HallSensor_GetState                     src\lib\STM32F1xx_HAL_Driver\Src\stm32f1xx_hal_tim_ex.o
HAL_TIMEx_HallSensor_Init                         src\lib\STM32F1xx_HAL_Driver\Src\stm32f1xx_hal_tim_ex.o
HAL_TIMEx_HallSensor_MspDeInit                    src\lib\STM32F1xx_HAL_Driver\Src\stm32f1xx_hal_tim_ex.o
HAL_TIMEx_HallSensor_MspInit                      src\lib\STM32F1xx_HAL_Driver\Src\stm32f1xx_hal_tim_ex.o
HAL_TIMEx_HallSensor_Start                        src\lib\STM32F1xx_HAL_Driver\Src\stm32f1xx_hal_tim_ex.o
HAL_TIMEx_HallSensor_Start_DMA                    src\lib\STM32F1xx_HAL_Driver\Src\stm32f1xx_hal_tim_ex.o
HAL_TIMEx_HallSensor_Start_IT                     src\lib\STM32F1xx_HAL_Driver\Src\stm32f1xx_hal_tim_ex.o
HAL_TIMEx_HallSensor_Stop                         src\lib\STM32F1xx_HAL_Driver\Src\stm32f1xx_hal_tim_ex.o
HAL_TIMEx_HallSensor_Stop_DMA                     src\lib\STM32F1xx_HAL_Driver\Src\stm32f1xx_hal_tim_ex.o
HAL_TIMEx_HallSensor_Stop_IT                      src\lib\STM32F1xx_HAL_Driver\Src\stm32f1xx_hal_tim_ex.o
HAL_TIMEx_MasterConfigSynchronization             src\lib\STM32F1xx_HAL_Driver\Src\stm32f1xx_hal_tim_ex.o
HAL_TIMEx_OCN_Start                               src\lib\STM32F1xx_HAL_Driver\Src\stm32f1xx_hal_tim_ex.o
HAL_TIMEx_OCN_Start_DMA                           src\lib\STM32F1xx_HAL_Driver\Src\stm32f1xx_hal_tim_ex.o
HAL_TIMEx_OCN_Start_IT                            src\lib\STM32F1xx_HAL_Driver\Src\stm32f1xx_hal_tim_ex.o
HAL_TIMEx_OCN_Stop                                src\lib\STM32F1xx_HAL_Driver\Src\stm32f1xx_hal_tim_ex.o
HAL_TIMEx_OCN_Stop_DMA                            src\lib\STM32F1xx_HAL_Driver\Src\stm32f1xx_hal_tim_ex.o
HAL_TIMEx_OCN_Stop_IT                             src\lib\STM32F1xx_HAL_Driver\Src\stm32f1xx_hal_tim_ex.o
HAL_TIMEx_OnePulseN_Start                         src\lib\STM32F1xx_HAL_Driver\Src\stm32f1xx_hal_tim_ex.o
HAL_TIMEx_OnePulseN_Start_IT                      src\lib\STM32F1xx_HAL_Driver\Src\stm32f1xx_hal_tim_ex.o
HAL_TIMEx_OnePulseN_Stop                          src\lib\STM32F1xx_HAL_Driver\Src\stm32f1xx_hal_tim_ex.o
HAL_TIMEx_OnePulseN_Stop_IT                       src\lib\STM32F1xx_HAL_Driver\Src\stm32f1xx_hal_tim_ex.o
HAL_TIMEx_PWMN_Start                              src\lib\STM32F1xx_HAL_Driver\Src\stm32f1xx_hal_tim_ex.o
HAL_TIMEx_PWMN_Start_DMA                          src\lib\STM32F1xx_HAL_Driver\Src\stm32f1xx_hal_tim_ex.o
HAL_TIMEx_PWMN_Start_IT                           src\lib\STM32F1xx_HAL_Driver\Src\stm32f1xx_hal_tim_ex.o
HAL_TIMEx_PWMN_Stop                               src\lib\STM32F1xx_HAL_Driver\Src\stm32f1xx_hal_tim_ex.o
HAL_TIMEx_PWMN_Stop_DMA                           src\lib\STM32F1xx_HAL_Driver\Src\stm32f1xx_hal_tim_ex.o
HAL_TIMEx_PWMN_Stop_IT                            src\lib\STM32F1xx_HAL_Driver\Src\stm32f1xx_hal_tim_ex.o
HAL_TIM_Base_DeInit                               src\lib\STM32F1xx_HAL_Driver\Src\stm32f1xx_hal_tim.o
HAL_TIM_Base_GetState                             src\lib\STM32F1xx_HAL_Driver\Src\stm32f1xx_hal_tim.o
HAL_TIM_Base_Init                                 src\lib\STM32F1xx_HAL_Driver\Src\stm32f1xx_hal_tim.o
HAL_TIM_Base_MspDeInit                            src\lib\STM32F1xx_HAL_Driver\Src\stm32f1xx_hal_tim.o
HAL_TIM_Base_MspInit                              src\lib\STM32F1xx_HAL_Driver\Src\stm32f1xx_hal_tim.o
HAL_TIM_Base_Start                                src\lib\STM32F1xx_HAL_Driver\Src\stm32f1xx_hal_tim.o
HAL_TIM_Base_Start_DMA                            src\lib\STM32F1xx_HAL_Driver\Src\stm32f1xx_hal_tim.o
HAL_TIM_Base_Start_IT                             src\lib\STM32F1xx_HAL_Driver\Src\stm32f1xx_hal_tim.o
HAL_TIM_Base_Stop                                 src\lib\STM32F1xx_HAL_Driver\Src\stm32f1xx_hal_tim.o
HAL_TIM_Base_Stop_DMA                             src\lib\STM32F1xx_HAL_Driver\Src\stm32f1xx_hal_tim.o
HAL_TIM_Base_Stop_IT                              src\lib\STM32F1xx_HAL_Driver\Src\stm32f1xx_hal_tim.o
HAL_TIM_ConfigClockSource                         src\lib\STM32F1xx_HAL_Driver\Src\stm32f1xx_hal_tim.o
HAL_TIM_ConfigOCrefClear                          src\lib\STM32F1xx_HAL_Driver\Src\stm32f1xx_hal_tim.o
HAL_TIM_ConfigTI1Input                            src\lib\STM32F1xx_HAL_Driver\Src\stm32f1xx_hal_tim.o
HAL_TIM_DMABurst_ReadStart                        src\lib\STM32F1xx_HAL_Driver\Src\stm32f1xx_hal_tim.o
HAL_TIM_DMABurst_ReadStop                         src\lib\STM32F1xx_HAL_Driver\Src\stm32f1xx_hal_tim.o
HAL_TIM_DMABurst_WriteStart                       src\lib\STM32F1xx_HAL_Driver\Src\stm32f1xx_hal_tim.o
HAL_TIM_DMABurst_WriteStop                        src\lib\STM32F1xx_HAL_Driver\Src\stm32f1xx_hal_tim.o
HAL_TIM_Encoder_DeInit                            src\lib\STM32F1xx_HAL_Driver\Src\stm32f1xx_hal_tim.o
HAL_TIM_Encoder_GetState                          src\lib\STM32F1xx_HAL_Driver\Src\stm32f1xx_hal_tim.o
HAL_TIM_Encoder_Init                              src\lib\STM32F1xx_HAL_Driver\Src\stm32f1xx_hal_tim.o
HAL_TIM_Encoder_MspDeInit                         src\lib\STM32F1xx_HAL_Driver\Src\stm32f1xx_hal_tim.o
HAL_TIM_Encoder_MspInit                           src\lib\STM32F1xx_HAL_Driver\Src\stm32f1xx_hal_tim.o
HAL_TIM_Encoder_Start                             src\lib\STM32F1xx_HAL_Driver\Src\stm32f1xx_hal_tim.o
HAL_TIM_Encoder_Start_DMA                         src\lib\STM32F1xx_HAL_Driver\Src\stm32f1xx_hal_tim.o
HAL_TIM_Encoder_Start_IT                          src\lib\STM32F1xx_HAL_Driver\Src\stm32f1xx_hal_tim.o
HAL_TIM_Encoder_Stop                              src\lib\STM32F1xx_HAL_Driver\Src\stm32f1xx_hal_tim.o
HAL_TIM_Encoder_Stop_DMA                          src\lib\STM32F1xx_HAL_Driver\Src\stm32f1xx_hal_tim.o
HAL_TIM_Encoder_Stop_IT                           src\lib\STM32F1xx_HAL_Driver\Src\stm32f1xx_hal_tim.o
HAL_TIM_ErrorCallback                             src\lib\STM32F1xx_HAL_Driver\Src\stm32f1xx_hal_tim.o
HAL_TIM_GenerateEvent                             src\lib\STM32F1xx_HAL_Driver\Src\stm32f1xx_hal_tim.o
HAL_TIM_IC_CaptureCallback                        src\lib\STM32F1xx_HAL_Driver\Src\stm32f1xx_hal_tim.o
HAL_TIM_IC_ConfigChannel                          src\lib\STM32F1xx_HAL_Driver\Src\stm32f1xx_hal_tim.o
HAL_TIM_IC_DeInit                                 src\lib\STM32F1xx_HAL_Driver\Src\stm32f1xx_hal_tim.o
HAL_TIM_IC_GetState                               src\lib\STM32F1xx_HAL_Driver\Src\stm32f1xx_hal_tim.o
HAL_TIM_IC_Init                                   src\lib\STM32F1xx_HAL_Driver\Src\stm32f1xx_hal_tim.o
HAL_TIM_IC_MspDeInit                              src\lib\STM32F1xx_HAL_Driver\Src\stm32f1xx_hal_tim.o
HAL_TIM_IC_MspInit                                src\lib\STM32F1xx_HAL_Driver\Src\stm32f1xx_hal_tim.o
HAL_TIM_IC_Start                                  src\lib\STM32F1xx_HAL_Driver\Src\stm32f1xx_hal_tim.o
HAL_TIM_IC_Start_DMA                              src\lib\STM32F1xx_HAL_Driver\Src\stm32f1xx_hal_tim.o
HAL_TIM_IC_Start_IT                               src\lib\STM32F1xx_HAL_Driver\Src\stm32f1xx_hal_tim.o
HAL_TIM_IC_Stop                                   src\lib\STM32F1xx_HAL_Driver\Src\stm32f1xx_hal_tim.o
HAL_TIM_IC_Stop_DMA                               src\lib\STM32F1xx_HAL_Driver\Src\stm32f1xx_hal_tim.o
HAL_TIM_IC_Stop_IT                                src\lib\STM32F1xx_HAL_Driver\Src\stm32f1xx_hal_tim.o
HAL_TIM_IRQHandler                                src\lib\STM32F1xx_HAL_Driver\Src\stm32f1xx_hal_tim.o
HAL_TIM_OC_ConfigChannel                          src\lib\STM32F1xx_HAL_Driver\Src\stm32f1xx_hal_tim.o
HAL_TIM_OC_DeInit                                 src\lib\STM32F1xx_HAL_Driver\Src\stm32f1xx_hal_tim.o
HAL_TIM_OC_DelayElapsedCallback                   src\lib\STM32F1xx_HAL_Driver\Src\stm32f1xx_hal_tim.o
HAL_TIM_OC_GetState                               src\lib\STM32F1xx_HAL_Driver\Src\stm32f1xx_hal_tim.o
HAL_TIM_OC_Init                                   src\lib\STM32F1xx_HAL_Driver\Src\stm32f1xx_hal_tim.o
HAL_TIM_OC_MspDeInit                              src\lib\STM32F1xx_HAL_Driver\Src\stm32f1xx_hal_tim.o
HAL_TIM_OC_MspInit                                src\lib\STM32F1xx_HAL_Driver\Src\stm32f1xx_hal_tim.o
HAL_TIM_OC_Start                                  src\lib\STM32F1xx_HAL_Driver\Src\stm32f1xx_hal_tim.o
HAL_TIM_OC_Start_DMA                              src\lib\STM32F1xx_HAL_Driver\Src\stm32f1xx_hal_tim.o
HAL_TIM_OC_Start_IT                               src\lib\STM32F1xx_HAL_Driver\Src\stm32f1xx_hal_tim.o
HAL_TIM_OC_Stop                                   src\lib\STM32F1xx_HAL_Driver\Src\stm32f1xx_hal_tim.o
HAL_TIM_OC_Stop_DMA                               src\lib\STM32F1xx_HAL_Driver\Src\stm32f1xx_hal_tim.o
HAL_TIM_OC_Stop_IT                                src\lib\STM32F1xx_HAL_Driver\Src\stm32f1xx_hal_tim.o
HAL_TIM_OnePulse_ConfigChannel                    src\lib\STM32F1xx_HAL_Driver\Src\stm32f1xx_hal_tim.o