Archive member included to satisfy reference by file (symbol)

c:/program files (x86)/atollic/truestudio for stm32 9.0.1/armtools/bin/../lib/gcc/arm-atollic-eabi/6.3.1/../../../../arm-atollic-eabi/lib/armv7-m\libc_nano.a(lib_a-init.o)
                              src\bsp\startup\startup_stm32f103xb.o (__libc_init_array)
c:/program files (x86)/atollic/truestudio for stm32 9.0.1/armtools/bin/../lib/gcc/arm-atollic-eabi/6.3.1/../../../../arm-atollic-eabi/lib/armv7-m\libc_nano.a(lib_a-memset.o)
                              src\bsp\bsp.o (memset)
c:/program files (x86)/atollic/truestudio for stm32 9.0.1/armtools/bin/../lib/gcc/arm-atollic-eabi/6.3.1/../../../../arm-atollic-eabi/lib/armv7-m\libc_nano.a(lib_a-vsnprintf.o)
                              src\hw\core\uart.o (vsnprintf)
c:/program files (x86)/atollic/truestudio for stm32 9.0.1/armtools/bin/../lib/gcc/arm-atollic-eabi/6.3.1/../../../../arm-atollic-eabi/lib/armv7-m\libc_nano.a(lib_a-impure.o)
                              c:/program files (x86)/atollic/truestudio for stm32 9.0.1/armtools/bin/../lib/gcc/arm-atollic-eabi/6.3.1/../../../../arm-atollic-eabi/lib/armv7-m\libc_nano.a(lib_a-vsnprintf.o) (_impure_ptr)
c:/program files (x86)/atollic/truestudio for stm32 9.0.1/armtools/bin/../lib/gcc/arm-atollic-eabi/6.3.1/../../../../arm-atollic-eabi/lib/armv7-m\libc_nano.a(lib_a-nano-svfprintf.o)
                              c:/program files (x86)/atollic/truestudio for stm32 9.0.1/armtools/bin/../lib/gcc/arm-atollic-eabi/6.3.1/../../../../arm-atollic-eabi/lib/armv7-m\libc_nano.a(lib_a-vsnprintf.o) (_svfprintf_r)
c:/program files (x86)/atollic/truestudio for stm32 9.0.1/armtools/bin/../lib/gcc/arm-atollic-eabi/6.3.1/../../../../arm-atollic-eabi/lib/armv7-m\libc_nano.a(lib_a-nano-vfprintf_i.o)
                              c:/program files (x86)/atollic/truestudio for stm32 9.0.1/armtools/bin/../lib/gcc/arm-atollic-eabi/6.3.1/../../../../arm-atollic-eabi/lib/armv7-m\libc_nano.a(lib_a-nano-svfprintf.o) (_printf_i)
c:/program files (x86)/atollic/truestudio for stm32 9.0.1/armtools/bin/../lib/gcc/arm-atollic-eabi/6.3.1/../../../../arm-atollic-eabi/lib/armv7-m\libc_nano.a(lib_a-memchr-stub.o)
                              c:/program files (x86)/atollic/truestudio for stm32 9.0.1/armtools/bin/../lib/gcc/arm-atollic-eabi/6.3.1/../../../../arm-atollic-eabi/lib/armv7-m\libc_nano.a(lib_a-nano-svfprintf.o) (memchr)
c:/program files (x86)/atollic/truestudio for stm32 9.0.1/armtools/bin/../lib/gcc/arm-atollic-eabi/6.3.1/../../../../arm-atollic-eabi/lib/armv7-m\libc_nano.a(lib_a-memcpy-stub.o)
                              c:/program files (x86)/atollic/truestudio for stm32 9.0.1/armtools/bin/../lib/gcc/arm-atollic-eabi/6.3.1/../../../../arm-atollic-eabi/lib/armv7-m\libc_nano.a(lib_a-nano-svfprintf.o) (memcpy)
c:/program files (x86)/atollic/truestudio for stm32 9.0.1/armtools/bin/../lib/gcc/arm-atollic-eabi/6.3.1/../../../../arm-atollic-eabi/lib/armv7-m\libc_nano.a(lib_a-memmove.o)
                              c:/program files (x86)/atollic/truestudio for stm32 9.0.1/armtools/bin/../lib/gcc/arm-atollic-eabi/6.3.1/../../../../arm-atollic-eabi/lib/armv7-m\libc_nano.a(lib_a-nano-svfprintf.o) (memmove)
c:/program files (x86)/atollic/truestudio for stm32 9.0.1/armtools/bin/../lib/gcc/arm-atollic-eabi/6.3.1/../../../../arm-atollic-eabi/lib/armv7-m\libc_nano.a(lib_a-nano-freer.o)
                              c:/program files (x86)/atollic/truestudio for stm32 9.0.1/armtools/bin/../lib/gcc/arm-atollic-eabi/6.3.1/../../../../arm-atollic-eabi/lib/armv7-m\libc_nano.a(lib_a-nano-svfprintf.o) (_free_r)
c:/program files (x86)/atollic/truestudio for stm32 9.0.1/armtools/bin/../lib/gcc/arm-atollic-eabi/6.3.1/../../../../arm-atollic-eabi/lib/armv7-m\libc_nano.a(lib_a-nano-mallocr.o)
                              c:/program files (x86)/atollic/truestudio for stm32 9.0.1/armtools/bin/../lib/gcc/arm-atollic-eabi/6.3.1/../../../../arm-atollic-eabi/lib/armv7-m\libc_nano.a(lib_a-nano-svfprintf.o) (_malloc_r)
c:/program files (x86)/atollic/truestudio for stm32 9.0.1/armtools/bin/../lib/gcc/arm-atollic-eabi/6.3.1/../../../../arm-atollic-eabi/lib/armv7-m\libc_nano.a(lib_a-nano-reallocr.o)
                              c:/program files (x86)/atollic/truestudio for stm32 9.0.1/armtools/bin/../lib/gcc/arm-atollic-eabi/6.3.1/../../../../arm-atollic-eabi/lib/armv7-m\libc_nano.a(lib_a-nano-svfprintf.o) (_realloc_r)
c:/program files (x86)/atollic/truestudio for stm32 9.0.1/armtools/bin/../lib/gcc/arm-atollic-eabi/6.3.1/../../../../arm-atollic-eabi/lib/armv7-m\libc_nano.a(lib_a-sbrkr.o)
                              c:/program files (x86)/atollic/truestudio for stm32 9.0.1/armtools/bin/../lib/gcc/arm-atollic-eabi/6.3.1/../../../../arm-atollic-eabi/lib/armv7-m\libc_nano.a(lib_a-nano-mallocr.o) (_sbrk_r)
c:/program files (x86)/atollic/truestudio for stm32 9.0.1/armtools/bin/../lib/gcc/arm-atollic-eabi/6.3.1/../../../../arm-atollic-eabi/lib/armv7-m\libc_nano.a(lib_a-mlock.o)
[...]
Memory Configuration

Name             Origin             Length             Attributes
FLASH            0x08000000         0x00020000         xr
RAM              0x20000000         0x00005000         xrw
*default*        0x00000000         0xffffffff

Linker script and memory map

LOAD c:/program files (x86)/atollic/truestudio for stm32 9.0.1/armtools/bin/../lib/gcc/arm-atollic-eabi/6.3.1/armv7-m/crti.o
LOAD c:/program files (x86)/atollic/truestudio for stm32 9.0.1/armtools/bin/../lib/gcc/arm-atollic-eabi/6.3.1/armv7-m/crtbegin.o
LOAD src\ap\ap.o
LOAD src\bsp\bsp.o
LOAD src\bsp\cmsis\system_stm32f1xx.o
LOAD src\bsp\startup\startup_stm32f103xb.o
LOAD src\bsp\stm32f1xx_it.o
LOAD src\common\core\qbuffer.o
LOAD src\hw\core\button.o
LOAD src\hw\core\led.o
LOAD src\hw\core\uart.o
LOAD src\hw\hw.o
LOAD src\lib\STM32F1xx_HAL_Driver\Src\stm32f1xx_hal.o
LOAD src\lib\STM32F1xx_HAL_Driver\Src\stm32f1xx_hal_adc.o
LOAD src\lib\STM32F1xx_HAL_Driver\Src\stm32f1xx_hal_adc_ex.o
LOAD src\lib\STM32F1xx_HAL_Driver\Src\stm32f1xx_hal_can.o
LOAD src\lib\STM32F1xx_HAL_Driver\Src\stm32f1xx_hal_cec.o
LOAD src\lib\STM32F1xx_HAL_Driver\Src\stm32f1xx_hal_cortex.o
LOAD src\lib\STM32F1xx_HAL_Driver\Src\stm32f1xx_hal_crc.o
LOAD src\lib\STM32F1xx_HAL_Driver\Src\stm32f1xx_hal_dac.o
LOAD src\lib\STM32F1xx_HAL_Driver\Src\stm32f1xx_hal_dac_ex.o
LOAD src\lib\STM32F1xx_HAL_Driver\Src\stm32f1xx_hal_dma.o
LOAD src\lib\STM32F1xx_HAL_Driver\Src\stm32f1xx_hal_eth.o
LOAD src\lib\STM32F1xx_HAL_Driver\Src\stm32f1xx_hal_flash.o
LOAD src\lib\STM32F1xx_HAL_Driver\Src\stm32f1xx_hal_flash_ex.o
LOAD src\lib\STM32F1xx_HAL_Driver\Src\stm32f1xx_hal_gpio.o
LOAD src\lib\STM32F1xx_HAL_Driver\Src\stm32f1xx_hal_gpio_ex.o
LOAD src\lib\STM32F1xx_HAL_Driver\Src\stm32f1xx_hal_hcd.o
LOAD src\lib\STM32F1xx_HAL_Driver\Src\stm32f1xx_hal_i2c.o
LOAD src\lib\STM32F1xx_HAL_Driver\Src\stm32f1xx_hal_i2s.o
LOAD src\lib\STM32F1xx_HAL_Driver\Src\stm32f1xx_hal_irda.o
LOAD src\lib\STM32F1xx_HAL_Driver\Src\stm32f1xx_hal_iwdg.o
LOAD src\lib\STM32F1xx_HAL_Driver\Src\stm32f1xx_hal_mmc.o
LOAD src\lib\STM32F1xx_HAL_Driver\Src\stm32f1xx_hal_nand.o
LOAD src\lib\STM32F1xx_HAL_Driver\Src\stm32f1xx_hal_nor.o
LOAD src\lib\STM32F1xx_HAL_Driver\Src\stm32f1xx_hal_pccard.o
LOAD src\lib\STM32F1xx_HAL_Driver\Src\stm32f1xx_hal_pcd.o
LOAD src\lib\STM32F1xx_HAL_Driver\Src\stm32f1xx_hal_pcd_ex.o
LOAD src\lib\STM32F1xx_HAL_Driver\Src\stm32f1xx_hal_pwr.o
LOAD src\lib\STM32F1xx_HAL_Driver\Src\stm32f1xx_hal_rcc.o
LOAD src\lib\STM32F1xx_HAL_Driver\Src\stm32f1xx_hal_rcc_ex.o
LOAD src\lib\STM32F1xx_HAL_Driver\Src\stm32f1xx_hal_rtc.o
LOAD src\lib\STM32F1xx_HAL_Driver\Src\stm32f1xx_hal_rtc_ex.o
LOAD src\lib\STM32F1xx_HAL_Driver\Src\stm32f1xx_hal_sd.o
LOAD src\lib\STM32F1xx_HAL_Driver\Src\stm32f1xx_hal_smartcard.o
LOAD src\lib\STM32F1xx_HAL_Driver\Src\stm32f1xx_hal_spi.o
LOAD src\lib\STM32F1xx_HAL_Driver\Src\stm32f1xx_hal_spi_ex.o
LOAD src\lib\STM32F1xx_HAL_Driver\Src\stm32f1xx_hal_sram.o
LOAD src\lib\STM32F1xx_HAL_Driver\Src\stm32f1xx_hal_tim.o
LOAD src\lib\STM32F1xx_HAL_Driver\Src\stm32f1xx_hal_tim_ex.o
LOAD src\lib\STM32F1xx_HAL_Driver\Src\stm32f1xx_hal_uart.o
LOAD src\lib\STM32F1xx_HAL_Driver\Src\stm32f1xx_hal_usart.o
LOAD src\lib\STM32F1xx_HAL_Driver\Src\stm32f1xx_hal_wwdg.o
LOAD src\lib\STM32F1xx_HAL_Driver\Src\stm32f1xx_ll_adc.o
LOAD src\lib\STM32F1xx_HAL_Driver\Src\stm32f1xx_ll_crc.o
LOAD src\lib\STM32F1xx_HAL_Driver\Src\stm32f1xx_ll_dac.o
LOAD src\lib\STM32F1xx_HAL_Driver\Src\stm32f1xx_ll_dma.o
LOAD src\lib\STM32F1xx_HAL_Driver\Src\stm32f1xx_ll_exti.o
LOAD src\lib\STM32F1xx_HAL_Driver\Src\stm32f1xx_ll_fsmc.o
LOAD src\lib\STM32F1xx_HAL_Driver\Src\stm32f1xx_ll_gpio.o
LOAD src\lib\STM32F1xx_HAL_Driver\Src\stm32f1xx_ll_i2c.o
LOAD src\lib\STM32F1xx_HAL_Driver\Src\stm32f1xx_ll_pwr.o
LOAD src\lib\STM32F1xx_HAL_Driver\Src\stm32f1xx_ll_rcc.o
LOAD src\lib\STM32F1xx_HAL_Driver\Src\stm32f1xx_ll_rtc.o
LOAD src\lib\STM32F1xx_HAL_Driver\Src\stm32f1xx_ll_sdmmc.o
LOAD src\lib\STM32F1xx_HAL_Driver\Src\stm32f1xx_ll_spi.o
LOAD src\lib\STM32F1xx_HAL_Driver\Src\stm32f1xx_ll_tim.o
LOAD src\lib\STM32F1xx_HAL_Driver\Src\stm32f1xx_ll_usart.o
LOAD src\lib\STM32F1xx_HAL_Driver\Src\stm32f1xx_ll_usb.o
LOAD src\lib\STM32F1xx_HAL_Driver\Src\stm32f1xx_ll_utils.o
LOAD src\main.o
                0x00000080                malloc_getpagesize_P = 0x80
START GROUP
LOAD c:/program files (x86)/atollic/truestudio for stm32 9.0.1/armtools/bin/../lib/gcc/arm-atollic-eabi/6.3.1/../../../../arm-atollic-eabi/lib/armv7-m\libc_nano.a
LOAD c:/program files (x86)/atollic/truestudio for stm32 9.0.1/armtools/bin/../lib/gcc/arm-atollic-eabi/6.3.1/../../../../arm-atollic-eabi/lib/armv7-m\libm.a
END GROUP
START GROUP
LOAD c:/program files (x86)/atollic/truestudio for stm32 9.0.1/armtools/bin/../lib/gcc/arm-atollic-eabi/6.3.1/armv7-m\libgcc.a
LOAD c:/program files (x86)/atollic/truestudio for stm32 9.0.1/armtools/bin/../lib/gcc/arm-atollic-eabi/6.3.1/../../../../arm-atollic-eabi/lib/armv7-m\libc_nano.a
END GROUP
START GROUP
LOAD c:/program files (x86)/atollic/truestudio for stm32 9.0.1/armtools/bin/../lib/gcc/arm-atollic-eabi/6.3.1/armv7-m\libgcc.a
LOAD c:/program files (x86)/atollic/truestudio for stm32 9.0.1/armtools/bin/../lib/gcc/arm-atollic-eabi/6.3.1/../../../../arm-atollic-eabi/lib/armv7-m\libc_nano.a
LOAD c:/program files (x86)/atollic/truestudio for stm32 9.0.1/armtools/bin/../lib/gcc/arm-atollic-eabi/6.3.1/../../../../arm-atollic-eabi/lib/armv7-m\libnosys.a
END GROUP
START GROUP
LOAD c:/program files (x86)/atollic/truestudio for stm32 9.0.1/armtools/bin/../lib/gcc/arm-atollic-eabi/6.3.1/armv7-m\libgcc.a
LOAD c:/program files (x86)/atollic/truestudio for stm32 9.0.1/armtools/bin/../lib/gcc/arm-atollic-eabi/6.3.1/../../../../arm-atollic-eabi/lib/armv7-m\libc_nano.a
LOAD c:/program files (x86)/atollic/truestudio for stm32 9.0.1/armtools/bin/../lib/gcc/arm-atollic-eabi/6.3.1/../../../../arm-atollic-eabi/lib/armv7-m\libnosys.a
END GROUP
LOAD c:/program files (x86)/atollic/truestudio for stm32 9.0.1/armtools/bin/../lib/gcc/arm-atollic-eabi/6.3.1/armv7-m/crtend.o
LOAD c:/program files (x86)/atollic/truestudio for stm32 9.0.1/armtools/bin/../lib/gcc/arm-atollic-eabi/6.3.1/armv7-m/crtn.o
                0x20004fff                _estack = 0x20004fff
                0x00000200                _Min_Heap_Size = 0x200
                0x00000400                _Min_Stack_Size = 0x400

.isr_vector     0x08000000      0x10c
                0x08000000                . = ALIGN (0x4)
 *(.isr_vector)
 .isr_vector    0x08000000      0x10c src\bsp\startup\startup_stm32f103xb.o
                0x08000000                g_pfnVectors
                0x0800010c                . = ALIGN (0x4)

.text           0x0800010c     0x379c
                0x0800010c                . = ALIGN (0x4)
 *(.text)
 .text          0x0800010c       0x40 c:/program files (x86)/atollic/truestudio for stm32 9.0.1/armtools/bin/../lib/gcc/arm-atollic-eabi/6.3.1/armv7-m/crtbegin.o
 .text          0x0800014c       0x30 src\ap\ap.o
                0x0800014c                apInit
                0x0800015a                apMain
 .text          0x0800017c       0x98 src\bsp\bsp.o
                0x0800017c                SystemClock_Config
                0x080001d6                bspInit
 .text          0x08000214       0xe0 src\bsp\cmsis\system_stm32f1xx.o
                0x08000214                SystemInit
                0x08000260                SystemCoreClockUpdate
 .text          0x080002f4       0x18 src\bsp\stm32f1xx_it.o
                0x080002f4                NMI_Handler
                0x080002f6                HardFault_Handler
                0x080002f8                MemManage_Handler
                0x080002fa                BusFault_Handler
                0x080002fc                UsageFault_Handler
                0x080002fe                SVC_Handler
                0x08000300                DebugMon_Handler
                0x08000302                PendSV_Handler
                0x08000304                SysTick_Handler
 .text          0x0800030c       0xb0 src\common\core\qbuffer.o
                0x0800030c                qbufferInit
                0x0800030e                qbufferCreate
                0x08000324                qbufferWrite
                0x0800035e                qbufferRead
                0x080003a0                qbufferAvailable
                0x080003b4                qbufferFlush
 .text          0x080003bc       0x44 src\hw\core\button.o
                0x080003bc                buttonInit
                0x080003e4                buttonGetPressed
 .text          0x08000400       0x60 src\hw\core\led.o
                0x08000400                ledInit
                0x08000428                ledOn
                0x0800043c                ledOff
                0x08000450                ledToggle
 .text          0x08000460      0x3a4 src\hw\core\uart.o
                0x080004dc                uartInit
                0x08000508                uartOpen
                0x0800058c                uartClose
                0x080005b8                uartAvailable
                0x080005dc                uartFlush
                0x08000604                uartWrite
                0x08000640                uartPutch
                0x08000658                uartRead
                0x08000698                uartGetch
                0x080006ae                uartPrintf
                0x080006da                uartErrHandler
                0x080006ea                HAL_UART_RxCpltCallback
                0x0800070c                HAL_UART_ErrorCallback
                0x08000730                USART2_IRQHandler
                0x08000740                HAL_UART_MspInit
                0x080007c0                HAL_UART_MspDeInit
 .text          0x08000804       0x24 src\hw\hw.o
                0x08000804                hwInit
                0x08000818                delay
                0x08000820                millis
 .text          0x08000828      0x1d8 src\lib\STM32F1xx_HAL_Driver\Src\stm32f1xx_hal.o
                0x08000828                HAL_MspInit
                0x0800082a                HAL_MspDeInit
                0x0800082c                HAL_DeInit
                0x0800084c                HAL_InitTick
                0x08000894                HAL_Init
                0x080008b8                HAL_IncTick
                0x080008d0                HAL_GetTick
                0x080008dc                HAL_GetTickPrio
                0x080008e8                HAL_SetTickFreq
                0x08000908                HAL_GetTickFreq
                0x08000914                HAL_Delay
                0x0800093c                HAL_SuspendTick
                0x0800094c                HAL_ResumeTick
                0x0800095c                HAL_GetHalVersion
                0x08000964                HAL_GetREVID
                0x08000970                HAL_GetDEVID
                0x08000980                HAL_DBGMCU_EnableDBGSleepMode
                0x08000990                HAL_DBGMCU_DisableDBGSleepMode
                0x080009a0                HAL_DBGMCU_EnableDBGStopMode
                0x080009b0                HAL_DBGMCU_DisableDBGStopMode
                0x080009c0                HAL_DBGMCU_EnableDBGStandbyMode
                0x080009d0                HAL_DBGMCU_DisableDBGStandbyMode
                0x080009e0                HAL_GetUID
 .text          0x08000a00      0x214 src\lib\STM32F1xx_HAL_Driver\Src\stm32f1xx_hal_cortex.o
                0x08000a00                HAL_NVIC_SetPriorityGrouping
                0x08000a24                HAL_NVIC_SetPriority
                0x08000a88                HAL_NVIC_EnableIRQ
                0x08000aa0                HAL_NVIC_DisableIRQ
                0x08000abc                HAL_NVIC_SystemReset
                0x08000ae0                HAL_SYSTICK_Config
                0x08000b0c                HAL_NVIC_GetPriorityGrouping
                0x08000b1c                HAL_NVIC_GetPriority
                0x08000b78                HAL_NVIC_SetPendingIRQ
                0x08000b94                HAL_NVIC_GetPendingIRQ
                0x08000bb0                HAL_NVIC_ClearPendingIRQ
                0x08000bcc                HAL_NVIC_GetActive
                0x08000be8                HAL_SYSTICK_CLKSourceConfig
                0x08000c08                HAL_SYSTICK_Callback
                0x08000c0a                HAL_SYSTICK_IRQHandler
 .text          0x08000c14      0x6b0 src\lib\STM32F1xx_HAL_Driver\Src\stm32f1xx_hal_dma.o
                0x08000c40                HAL_DMA_Init
                0x08000cac                HAL_DMA_DeInit
                0x08000d14                HAL_DMA_Start
                0x08000d64                HAL_DMA_Start_IT
                0x08000dd8                HAL_DMA_Abort
                0x08000e06                HAL_DMA_Abort_IT
                0x08000e9c                HAL_DMA_PollForTransfer
                0x080010cc                HAL_DMA_IRQHandler
                0x08001210                HAL_DMA_RegisterCallback
                0x0800125e                HAL_DMA_UnRegisterCallback
                0x080012ba                HAL_DMA_GetState
                0x080012c0                HAL_DMA_GetError
 .text          0x080012c4      0x348 src\lib\STM32F1xx_HAL_Driver\Src\stm32f1xx_hal_gpio.o
                0x080012c4                HAL_GPIO_Init
                0x080014b0                HAL_GPIO_DeInit
                0x080015a0                HAL_GPIO_ReadPin
                0x080015ae                HAL_GPIO_WritePin
                0x080015ba                HAL_GPIO_TogglePin
                0x080015c2                HAL_GPIO_LockPin
                0x080015f0                HAL_GPIO_EXTI_Callback
                0x080015f2                HAL_GPIO_EXTI_IRQHandler
 .text          0x0800160c      0x8c4 src\lib\STM32F1xx_HAL_Driver\Src\stm32f1xx_hal_rcc.o
                0x08001638                HAL_RCC_DeInit
                0x08001724                HAL_RCC_OscConfig
                0x08001b04                HAL_RCC_MCOConfig
                0x08001b50                HAL_RCC_EnableCSS
                0x08001b5c                HAL_RCC_DisableCSS
                0x08001b68                HAL_RCC_GetSysClockFreq
                0x08001bd4                HAL_RCC_ClockConfig
                0x08001d70                HAL_RCC_GetHCLKFreq
                0x08001d7c                HAL_RCC_GetPCLK1Freq
                0x08001d9c                HAL_RCC_GetPCLK2Freq
                0x08001dbc                HAL_RCC_GetOscConfig
                0x08001e70                HAL_RCC_GetClockConfig
                0x08001eac                HAL_RCC_CSSCallback
                0x08001eae                HAL_RCC_NMI_IRQHandler
 .text          0x08001ed0     0x1068 src\lib\STM32F1xx_HAL_Driver\Src\stm32f1xx_hal_uart.o
                0x0800217e                HAL_UART_Init
                0x080021dc                HAL_HalfDuplex_Init
                0x08002246                HAL_LIN_Init
                0x080022c0                HAL_MultiProcessor_Init
                0x08002340                HAL_UART_DeInit
                0x08002366                HAL_UART_Transmit
                0x08002448                HAL_UART_Receive
                0x0800252e                HAL_UART_Transmit_IT
                0x08002576                HAL_UART_Receive_IT
                0x080025d2                HAL_UART_Transmit_DMA
                0x08002660                HAL_UART_Receive_DMA
                0x08002708                HAL_UART_DMAPause
                0x08002778                HAL_UART_DMAResume
                0x080027ee                HAL_UART_DMAStop
                0x08002852                HAL_UART_Abort
                0x080028be                HAL_UART_AbortTransmit
                0x080028f8                HAL_UART_AbortReceive
                0x0800293c                HAL_UART_TxCpltCallback
                0x08002988                HAL_UART_TxHalfCpltCallback
                0x08002a72                HAL_UART_RxHalfCpltCallback
                0x08002ad8                HAL_UART_IRQHandler
                0x08002c08                HAL_UART_AbortCpltCallback
                0x08002c0a                HAL_UART_Abort_IT
                0x08002d2c                HAL_UART_AbortTransmitCpltCallback
                0x08002d2e                HAL_UART_AbortTransmit_IT
                0x08002da4                HAL_UART_AbortReceiveCpltCallback
                0x08002da6                HAL_UART_AbortReceive_IT
                0x08002e24                HAL_LIN_SendBreak
                0x08002e56                HAL_MultiProcessor_EnterMuteMode
                0x08002e88                HAL_MultiProcessor_ExitMuteMode
                0x08002eba                HAL_HalfDuplex_EnableTransmitter
                0x08002ef0                HAL_HalfDuplex_EnableReceiver
                0x08002f26                HAL_UART_GetState
                0x08002f32                HAL_UART_GetError
 .text          0x08002f38       0x12 src\main.o
                0x08002f38                main
 *(.text*)
 *fill*         0x08002f4a        0x2 
 .text.Reset_Handler
                0x08002f4c       0x48 src\bsp\startup\startup_stm32f103xb.o
                0x08002f4c                Reset_Handler
 .text.Default_Handler
                0x08002f94        0x2 src\bsp\startup\startup_stm32f103xb.o
                0x08002f94                RTC_Alarm_IRQHandler
                0x08002f94                EXTI2_IRQHandler
                0x08002f94                TIM1_CC_IRQHandler
                0x08002f94                PVD_IRQHandler
                0x08002f94                EXTI3_IRQHandler
                0x08002f94                EXTI0_IRQHandler
                0x08002f94                I2C2_EV_IRQHandler
                0x08002f94                ADC1_2_IRQHandler
                0x08002f94                SPI1_IRQHandler
                0x08002f94                TAMPER_IRQHandler
                0x08002f94                DMA1_Channel4_IRQHandler
                0x08002f94                USART3_IRQHandler
                0x08002f94                RTC_IRQHandler
                0x08002f94                DMA1_Channel7_IRQHandler
                0x08002f94                CAN1_RX1_IRQHandler
                0x08002f94                TIM4_IRQHandler
                0x08002f94                I2C1_EV_IRQHandler
                0x08002f94                DMA1_Channel6_IRQHandler
                0x08002f94                TIM3_IRQHandler
                0x08002f94                RCC_IRQHandler
                0x08002f94                TIM1_TRG_COM_IRQHandler
                0x08002f94                DMA1_Channel1_IRQHandler
                0x08002f94                Default_Handler
                0x08002f94                EXTI15_10_IRQHandler
                0x08002f94                EXTI9_5_IRQHandler
                0x08002f94                SPI2_IRQHandler
                0x08002f94                DMA1_Channel5_IRQHandler
                0x08002f94                EXTI4_IRQHandler
                0x08002f94                USB_LP_CAN1_RX0_IRQHandler
                0x08002f94                USB_HP_CAN1_TX_IRQHandler
                0x08002f94                DMA1_Channel3_IRQHandler
                0x08002f94                TIM1_UP_IRQHandler
                0x08002f94                WWDG_IRQHandler
                0x08002f94                TIM2_IRQHandler
                0x08002f94                TIM1_BRK_IRQHandler
                0x08002f94                EXTI1_IRQHandler
                0x08002f94                I2C2_ER_IRQHandler
                0x08002f94                DMA1_Channel2_IRQHandler
                0x08002f94                CAN1_SCE_IRQHandler
                0x08002f94                FLASH_IRQHandler
                0x08002f94                USART1_IRQHandler
                0x08002f94                I2C1_ER_IRQHandler
                0x08002f94                USBWakeUp_IRQHandler
 *fill*         0x08002f96        0x2 
 .text.__libc_init_array
                0x08002f98       0x48 c:/program files (x86)/atollic/truestudio for stm32 9.0.1/armtools/bin/../lib/gcc/arm-atollic-eabi/6.3.1/../../../../arm-atollic-eabi/lib/armv7-m\libc_nano.a(lib_a-init.o)
                0x08002f98                __libc_init_array
 .text.memset   0x08002fe0       0x10 c:/program files (x86)/atollic/truestudio for stm32 9.0.1/armtools/bin/../lib/gcc/arm-atollic-eabi/6.3.1/../../../../arm-atollic-eabi/lib/armv7-m\libc_nano.a(lib_a-memset.o)
                0x08002fe0                memset
 .text._vsnprintf_r
                0x08002ff0       0x58 c:/program files (x86)/atollic/truestudio for stm32 9.0.1/armtools/bin/../lib/gcc/arm-atollic-eabi/6.3.1/../../../../arm-atollic-eabi/lib/armv7-m\libc_nano.a(lib_a-vsnprintf.o)
                0x08002ff0                _vsniprintf_r
                0x08002ff0                _vsnprintf_r
 .text.vsnprintf
                0x08003048       0x1c c:/program files (x86)/atollic/truestudio for stm32 9.0.1/armtools/bin/../lib/gcc/arm-atollic-eabi/6.3.1/../../../../arm-atollic-eabi/lib/armv7-m\libc_nano.a(lib_a-vsnprintf.o)
                0x08003048                vsniprintf
                0x08003048                vsnprintf
 .text.__ssputs_r
                0x08003064       0xb6 c:/program files (x86)/atollic/truestudio for stm32 9.0.1/armtools/bin/../lib/gcc/arm-atollic-eabi/6.3.1/../../../../arm-atollic-eabi/lib/armv7-m\libc_nano.a(lib_a-nano-svfprintf.o)
                0x08003064                __ssputs_r
 *fill*         0x0800311a        0x2 
 .text._svfprintf_r
                0x0800311c      0x1e8 c:/program files (x86)/atollic/truestudio for stm32 9.0.1/armtools/bin/../lib/gcc/arm-atollic-eabi/6.3.1/../../../../arm-atollic-eabi/lib/armv7-m\libc_nano.a(lib_a-nano-svfprintf.o)
                0x0800311c                _svfiprintf_r
                0x0800311c                _svfprintf_r
 .text._printf_common
                0x08003304       0xee c:/program files (x86)/atollic/truestudio for stm32 9.0.1/armtools/bin/../lib/gcc/arm-atollic-eabi/6.3.1/../../../../arm-atollic-eabi/lib/armv7-m\libc_nano.a(lib_a-nano-vfprintf_i.o)
                0x08003304                _printf_common
 *fill*         0x080033f2        0x2 
 .text._printf_i
                0x080033f4      0x240 c:/program files (x86)/atollic/truestudio for stm32 9.0.1/armtools/bin/../lib/gcc/arm-atollic-eabi/6.3.1/../../../../arm-atollic-eabi/lib/armv7-m\libc_nano.a(lib_a-nano-vfprintf_i.o)
                0x080033f4                _printf_i
 .text.memchr   0x08003634       0x1c c:/program files (x86)/atollic/truestudio for stm32 9.0.1/armtools/bin/../lib/gcc/arm-atollic-eabi/6.3.1/../../../../arm-atollic-eabi/lib/armv7-m\libc_nano.a(lib_a-memchr-stub.o)
                0x08003634                memchr
 .text.memcpy   0x08003650       0x16 c:/program files (x86)/atollic/truestudio for stm32 9.0.1/armtools/bin/../lib/gcc/arm-atollic-eabi/6.3.1/../../../../arm-atollic-eabi/lib/armv7-m\libc_nano.a(lib_a-memcpy-stub.o)
                0x08003650                memcpy
 .text.memmove  0x08003666       0x34 c:/program files (x86)/atollic/truestudio for stm32 9.0.1/armtools/bin/../lib/gcc/arm-atollic-eabi/6.3.1/../../../../arm-atollic-eabi/lib/armv7-m\libc_nano.a(lib_a-memmove.o)
                0x08003666                memmove
 *fill*         0x0800369a        0x2 
 .text._free_r  0x0800369c       0x98 c:/program files (x86)/atollic/truestudio for stm32 9.0.1/armtools/bin/../lib/gcc/arm-atollic-eabi/6.3.1/../../../../arm-atollic-eabi/lib/armv7-m\libc_nano.a(lib_a-nano-freer.o)
                0x0800369c                _free_r
 .text._malloc_r
                0x08003734       0xbc c:/program files (x86)/atollic/truestudio for stm32 9.0.1/armtools/bin/../lib/gcc/arm-atollic-eabi/6.3.1/../../../../arm-atollic-eabi/lib/armv7-m\libc_nano.a(lib_a-nano-mallocr.o)
                0x08003734                _malloc_r
 .text._realloc_r
                0x080037f0       0x4c c:/program files (x86)/atollic/truestudio for stm32 9.0.1/armtools/bin/../lib/gcc/arm-atollic-eabi/6.3.1/../../../../arm-atollic-eabi/lib/armv7-m\libc_nano.a(lib_a-nano-reallocr.o)
                0x080037f0                _realloc_r
 .text._sbrk_r  0x0800383c       0x20 c:/program files (x86)/atollic/truestudio for stm32 9.0.1/armtools/bin/../lib/gcc/arm-atollic-eabi/6.3.1/../../../../arm-atollic-eabi/lib/armv7-m\libc_nano.a(lib_a-sbrkr.o)
                0x0800383c                _sbrk_r
 .text.__malloc_lock
                0x0800385c        0x2 c:/program files (x86)/atollic/truestudio for stm32 9.0.1/armtools/bin/../lib/gcc/arm-atollic-eabi/6.3.1/../../../../arm-atollic-eabi/lib/armv7-m\libc_nano.a(lib_a-mlock.o)
                0x0800385c                __malloc_lock
 .text.__malloc_unlock
                0x0800385e        0x2 c:/program files (x86)/atollic/truestudio for stm32 9.0.1/armtools/bin/../lib/gcc/arm-atollic-eabi/6.3.1/../../../../arm-atollic-eabi/lib/armv7-m\libc_nano.a(lib_a-mlock.o)
                0x0800385e                __malloc_unlock
 .text._malloc_usable_size_r
                0x08003860       0x12 c:/program files (x86)/atollic/truestudio for stm32 9.0.1/armtools/bin/../lib/gcc/arm-atollic-eabi/6.3.1/../../../../arm-atollic-eabi/lib/armv7-m\libc_nano.a(lib_a-nano-msizer.o)
                0x08003860                _malloc_usable_size_r
 *fill*         0x08003872        0x2 
 .text._sbrk    0x08003874       0x1c c:/program files (x86)/atollic/truestudio for stm32 9.0.1/armtools/bin/../lib/gcc/arm-atollic-eabi/6.3.1/../../../../arm-atollic-eabi/lib/armv7-m\libnosys.a(sbrk.o)
                0x08003874                _sbrk
 *(.glue_7)
 .glue_7        0x08003890        0x0 linker stubs
 *(.glue_7t)
 .glue_7t       0x08003890        0x0 linker stubs
 *(.eh_frame)
 .eh_frame      0x08003890        0x0 c:/program files (x86)/atollic/truestudio for stm32 9.0.1/armtools/bin/../lib/gcc/arm-atollic-eabi/6.3.1/armv7-m/crtbegin.o
 *(.init)
 .init          0x08003890        0x4 c:/program files (x86)/atollic/truestudio for stm32 9.0.1/armtools/bin/../lib/gcc/arm-atollic-eabi/6.3.1/armv7-m/crti.o
                0x08003890                _init
 .init          0x08003894        0x8 c:/program files (x86)/atollic/truestudio for stm32 9.0.1/armtools/bin/../lib/gcc/arm-atollic-eabi/6.3.1/armv7-m/crtn.o
 *(.fini)
 .fini          0x0800389c        0x4 c:/program files (x86)/atollic/truestudio for stm32 9.0.1/armtools/bin/../lib/gcc/arm-atollic-eabi/6.3.1/armv7-m/crti.o
                0x0800389c                _fini
 .fini          0x080038a0        0x8 c:/program files (x86)/atollic/truestudio for stm32 9.0.1/armtools/bin/../lib/gcc/arm-atollic-eabi/6.3.1/armv7-m/crtn.o
                0x080038a8                . = ALIGN (0x4)
                0x080038a8                _etext = .

.vfp11_veneer   0x080038a8        0x0
 .vfp11_veneer  0x080038a8        0x0 linker stubs

.v4_bx          0x080038a8        0x0
 .v4_bx         0x080038a8        0x0 linker stubs

.iplt           0x080038a8        0x0
 .iplt          0x080038a8        0x0 c:/program files (x86)/atollic/truestudio for stm32 9.0.1/armtools/bin/../lib/gcc/arm-atollic-eabi/6.3.1/armv7-m/crtbegin.o

.rodata         0x080038a8       0x6c
                0x080038a8                . = ALIGN (0x4)
 *(.rodata)
 .rodata        0x080038a8       0x18 src\bsp\cmsis\system_stm32f1xx.o
                0x080038a8                AHBPrescTable
                0x080038b8                APBPrescTable
 .rodata        0x080038c0       0x12 src\lib\STM32F1xx_HAL_Driver\Src\stm32f1xx_hal_rcc.o
 *(.rodata*)
 *fill*         0x080038d2        0x2 
 .rodata.str1.4
                0x080038d4        0xc src\ap\ap.o
 .rodata._svfprintf_r.str1.1
                0x080038e0       0x11 c:/program files (x86)/atollic/truestudio for stm32 9.0.1/armtools/bin/../lib/gcc/arm-atollic-eabi/6.3.1/../../../../arm-atollic-eabi/lib/armv7-m\libc_nano.a(lib_a-nano-svfprintf.o)
 .rodata._printf_i.str1.1
                0x080038f1       0x22 c:/program files (x86)/atollic/truestudio for stm32 9.0.1/armtools/bin/../lib/gcc/arm-atollic-eabi/6.3.1/../../../../arm-atollic-eabi/lib/armv7-m\libc_nano.a(lib_a-nano-vfprintf_i.o)
                0x08003914                . = ALIGN (0x4)
 *fill*         0x08003913        0x1 

.rel.dyn        0x08003914        0x0
 .rel.iplt      0x08003914        0x0 c:/program files (x86)/atollic/truestudio for stm32 9.0.1/armtools/bin/../lib/gcc/arm-atollic-eabi/6.3.1/armv7-m/crtbegin.o

.ARM.extab
 *(.ARM.extab* .gnu.linkonce.armextab.*)

.ARM            0x08003914        0x0
                0x08003914                __exidx_start = .
 *(.ARM.exidx*)
                0x08003914                __exidx_end = .

.preinit_array  0x08003914        0x0
                0x08003914                PROVIDE (__preinit_array_start, .)
 *(.preinit_array*)
                0x08003914                PROVIDE (__preinit_array_end, .)

.init_array     0x08003914        0x4
                0x08003914                PROVIDE (__init_array_start, .)
 *(SORT(.init_array.*))
 *(.init_array*)
 .init_array    0x08003914        0x4 c:/program files (x86)/atollic/truestudio for stm32 9.0.1/armtools/bin/../lib/gcc/arm-atollic-eabi/6.3.1/armv7-m/crtbegin.o
                0x08003918                PROVIDE (__init_array_end, .)

.fini_array     0x08003918        0x4
                [!provide]                PROVIDE (__fini_array_start, .)
 *(SORT(.fini_array.*))
 *(.fini_array*)
 .fini_array    0x08003918        0x4 c:/program files (x86)/atollic/truestudio for stm32 9.0.1/armtools/bin/../lib/gcc/arm-atollic-eabi/6.3.1/armv7-m/crtbegin.o
                [!provide]                PROVIDE (__fini_array_end, .)
                0x0800391c                _sidata = LOADADDR (.data)

.data           0x20000000       0x70 load address 0x0800391c
                0x20000000                . = ALIGN (0x4)
                0x20000000                _sdata = .
 *(.data)
 .data          0x20000000        0x4 src\bsp\cmsis\system_stm32f1xx.o
                0x20000000                SystemCoreClock
 .data          0x20000004        0x8 src\lib\STM32F1xx_HAL_Driver\Src\stm32f1xx_hal.o
                0x20000004                uwTickFreq
                0x20000008                uwTickPrio
 *(.data*)
 .data._impure_ptr
                0x2000000c        0x4 c:/program files (x86)/atollic/truestudio for stm32 9.0.1/armtools/bin/../lib/gcc/arm-atollic-eabi/6.3.1/../../../../arm-atollic-eabi/lib/armv7-m\libc_nano.a(lib_a-impure.o)
                0x2000000c                _impure_ptr
 .data.impure_data
                0x20000010       0x60 c:/program files (x86)/atollic/truestudio for stm32 9.0.1/armtools/bin/../lib/gcc/arm-atollic-eabi/6.3.1/../../../../arm-atollic-eabi/lib/armv7-m\libc_nano.a(lib_a-impure.o)
                0x20000070                . = ALIGN (0x4)
                0x20000070                _edata = .

.igot.plt       0x20000070        0x0 load address 0x0800398c
 .igot.plt      0x20000070        0x0 c:/program files (x86)/atollic/truestudio for stm32 9.0.1/armtools/bin/../lib/gcc/arm-atollic-eabi/6.3.1/armv7-m/crtbegin.o
                0x20000070                . = ALIGN (0x4)

.bss            0x20000070       0xac load address 0x0800398c
                0x20000070                _sbss = .
                0x20000070                __bss_start__ = _sbss
 *(.bss)
 .bss           0x20000070       0x1c c:/program files (x86)/atollic/truestudio for stm32 9.0.1/armtools/bin/../lib/gcc/arm-atollic-eabi/6.3.1/armv7-m/crtbegin.o
 *(.bss*)
 .bss.__malloc_free_list
                0x2000008c        0x4 c:/program files (x86)/atollic/truestudio for stm32 9.0.1/armtools/bin/../lib/gcc/arm-atollic-eabi/6.3.1/../../../../arm-atollic-eabi/lib/armv7-m\libc_nano.a(lib_a-nano-mallocr.o)
                0x2000008c                __malloc_free_list
 .bss.__malloc_sbrk_start
                0x20000090        0x4 c:/program files (x86)/atollic/truestudio for stm32 9.0.1/armtools/bin/../lib/gcc/arm-atollic-eabi/6.3.1/../../../../arm-atollic-eabi/lib/armv7-m\libc_nano.a(lib_a-nano-mallocr.o)
                0x20000090                __malloc_sbrk_start
 .bss.heap_end.4116
                0x20000094        0x4 c:/program files (x86)/atollic/truestudio for stm32 9.0.1/armtools/bin/../lib/gcc/arm-atollic-eabi/6.3.1/../../../../arm-atollic-eabi/lib/armv7-m\libnosys.a(sbrk.o)
 *(COMMON)
 COMMON         0x20000098       0x7c src\hw\core\uart.o
                0x20000098                uart_tbl
                0x20000104                uart_rx_qbuf
 COMMON         0x20000114        0x4 src\lib\STM32F1xx_HAL_Driver\Src\stm32f1xx_hal.o
                0x20000114                uwTick
 COMMON         0x20000118        0x4 c:/program files (x86)/atollic/truestudio for stm32 9.0.1/armtools/bin/../lib/gcc/arm-atollic-eabi/6.3.1/../../../../arm-atollic-eabi/lib/armv7-m\libc_nano.a(lib_a-reent.o)
                0x20000118                errno
                0x2000011c                . = ALIGN (0x4)
                0x2000011c                _ebss = .
                0x2000011c                __bss_end__ = _ebss

._user_heap_stack
                0x2000011c      0x600 load address 0x0800398c
                0x2000011c                . = ALIGN (0x4)
                0x2000011c                PROVIDE (end, .)
                [!provide]                PROVIDE (_end, .)
                0x2000031c                . = (. + _Min_Heap_Size)
 *fill*         0x2000011c      0x200 
                0x2000071c                . = (. + _Min_Stack_Size)
 *fill*         0x2000031c      0x400 
                0x2000071c                . = ALIGN (0x4)

/DISCARD/
 libc.a(*)
 libm.a(*)
 libgcc.a(*)

.ARM.attributes
                0x00000000       0x29
 *(.ARM.attributes)
 .ARM.attributes
                0x00000000       0x1d c:/program files (x86)/atollic/truestudio for stm32 9.0.1/armtools/bin/../lib/gcc/arm-atollic-eabi/6.3.1/armv7-m/crti.o
 .ARM.attributes
                0x0000001d       0x2d c:/program files (x86)/atollic/truestudio for stm32 9.0.1/armtools/bin/../lib/gcc/arm-atollic-eabi/6.3.1/armv7-m/crtbegin.o
 .ARM.attributes
                0x0000004a       0x33 src\ap\ap.o
 .ARM.attributes
                0x0000007d       0x33 src\bsp\bsp.o
 .ARM.attributes
                0x000000b0       0x33 src\bsp\cmsis\system_stm32f1xx.o
 .ARM.attributes
                0x000000e3       0x21 src\bsp\startup\startup_stm32f103xb.o
 .ARM.attributes
                0x00000104       0x33 src\bsp\stm32f1xx_it.o
 .ARM.attributes
                0x00000137       0x33 src\common\core\qbuffer.o
 .ARM.attributes
                0x0000016a       0x33 src\hw\core\button.o
 .ARM.attributes
                0x0000019d       0x33 src\hw\core\led.o
 .ARM.attributes
                0x000001d0       0x33 src\hw\core\uart.o
 .ARM.attributes
                0x00000203       0x33 src\hw\hw.o
 .ARM.attributes
                0x00000236       0x33 src\lib\STM32F1xx_HAL_Driver\Src\stm32f1xx_hal.o
 .ARM.attributes
                0x00000269       0x33 src\lib\STM32F1xx_HAL_Driver\Src\stm32f1xx_hal_cortex.o
 .ARM.attributes
                0x0000029c       0x33 src\lib\STM32F1xx_HAL_Driver\Src\stm32f1xx_hal_dma.o
 .ARM.attributes
                0x000002cf       0x33 src\lib\STM32F1xx_HAL_Driver\Src\stm32f1xx_hal_gpio.o
 .ARM.attributes
                0x00000302       0x33 src\lib\STM32F1xx_HAL_Driver\Src\stm32f1xx_hal_rcc.o
 .ARM.attributes
                0x00000335       0x33 src\lib\STM32F1xx_HAL_Driver\Src\stm32f1xx_hal_uart.o
 .ARM.attributes
                0x00000368       0x33 src\main.o
 .ARM.attributes
                0x0000039b       0x2d c:/program files (x86)/atollic/truestudio for stm32 9.0.1/armtools/bin/../lib/gcc/arm-atollic-eabi/6.3.1/../../../../arm-atollic-eabi/lib/armv7-m\libc_nano.a(lib_a-init.o)
 .ARM.attributes
                0x000003c8       0x2d c:/program files (x86)/atollic/truestudio for stm32 9.0.1/armtools/bin/../lib/gcc/arm-atollic-eabi/6.3.1/../../../../arm-atollic-eabi/lib/armv7-m\libc_nano.a(lib_a-memset.o)
 .ARM.attributes
                0x000003f5       0x2d c:/program files (x86)/atollic/truestudio for stm32 9.0.1/armtools/bin/../lib/gcc/arm-atollic-eabi/6.3.1/../../../../arm-atollic-eabi/lib/armv7-m\libc_nano.a(lib_a-vsnprintf.o)
 .ARM.attributes
                0x00000422       0x2d c:/program files (x86)/atollic/truestudio for stm32 9.0.1/armtools/bin/../lib/gcc/arm-atollic-eabi/6.3.1/../../../../arm-atollic-eabi/lib/armv7-m\libc_nano.a(lib_a-impure.o)
 .ARM.attributes
                0x0000044f       0x2d c:/program files (x86)/atollic/truestudio for stm32 9.0.1/armtools/bin/../lib/gcc/arm-atollic-eabi/6.3.1/../../../../arm-atollic-eabi/lib/armv7-m\libc_nano.a(lib_a-nano-svfprintf.o)
 .ARM.attributes
                0x0000047c       0x2d c:/program files (x86)/atollic/truestudio for stm32 9.0.1/armtools/bin/../lib/gcc/arm-atollic-eabi/6.3.1/../../../../arm-atollic-eabi/lib/armv7-m\libc_nano.a(lib_a-nano-vfprintf_i.o)
 .ARM.attributes
                0x000004a9       0x2d c:/program files (x86)/atollic/truestudio for stm32 9.0.1/armtools/bin/../lib/gcc/arm-atollic-eabi/6.3.1/../../../../arm-atollic-eabi/lib/armv7-m\libc_nano.a(lib_a-memchr-stub.o)
 .ARM.attributes
                0x000004d6       0x2d c:/program files (x86)/atollic/truestudio for stm32 9.0.1/armtools/bin/../lib/gcc/arm-atollic-eabi/6.3.1/../../../../arm-atollic-eabi/lib/armv7-m\libc_nano.a(lib_a-memcpy-stub.o)
 .ARM.attributes
                0x00000503       0x2d c:/program files (x86)/atollic/truestudio for stm32 9.0.1/armtools/bin/../lib/gcc/arm-atollic-eabi/6.3.1/../../../../arm-atollic-eabi/lib/armv7-m\libc_nano.a(lib_a-memmove.o)
 .ARM.attributes
                0x00000530       0x2d c:/program files (x86)/atollic/truestudio for stm32 9.0.1/armtools/bin/../lib/gcc/arm-atollic-eabi/6.3.1/../../../../arm-atollic-eabi/lib/armv7-m\libc_nano.a(lib_a-nano-freer.o)
 .ARM.attributes
                0x0000055d       0x2d c:/program files (x86)/atollic/truestudio for stm32 9.0.1/armtools/bin/../lib/gcc/arm-atollic-eabi/6.3.1/../../../../arm-atollic-eabi/lib/armv7-m\libc_nano.a(lib_a-nano-mallocr.o)
 .ARM.attributes
                0x0000058a       0x2d c:/program files (x86)/atollic/truestudio for stm32 9.0.1/armtools/bin/../lib/gcc/arm-atollic-eabi/6.3.1/../../../../arm-atollic-eabi/lib/armv7-m\libc_nano.a(lib_a-nano-reallocr.o)
 .ARM.attributes
                0x000005b7       0x2d c:/program files (x86)/atollic/truestudio for stm32 9.0.1/armtools/bin/../lib/gcc/arm-atollic-eabi/6.3.1/../../../../arm-atollic-eabi/lib/armv7-m\libc_nano.a(lib_a-sbrkr.o)
 .ARM.attributes
                0x000005e4       0x2d c:/program files (x86)/atollic/truestudio for stm32 9.0.1/armtools/bin/../lib/gcc/arm-atollic-eabi/6.3.1/../../../../arm-atollic-eabi/lib/armv7-m\libc_nano.a(lib_a-mlock.o)
 .ARM.attributes
                0x00000611       0x2d c:/program files (x86)/atollic/truestudio for stm32 9.0.1/armtools/bin/../lib/gcc/arm-atollic-eabi/6.3.1/../../../../arm-atollic-eabi/lib/armv7-m\libc_nano.a(lib_a-nano-msizer.o)
 .ARM.attributes
                0x0000063e       0x2d c:/program files (x86)/atollic/truestudio for stm32 9.0.1/armtools/bin/../lib/gcc/arm-atollic-eabi/6.3.1/../../../../arm-atollic-eabi/lib/armv7-m\libc_nano.a(lib_a-reent.o)
 .ARM.attributes
                0x0000066b       0x2d c:/program files (x86)/atollic/truestudio for stm32 9.0.1/armtools/bin/../lib/gcc/arm-atollic-eabi/6.3.1/../../../../arm-atollic-eabi/lib/armv7-m\libnosys.a(sbrk.o)
 .ARM.attributes
                0x00000698       0x1d c:/program files (x86)/atollic/truestudio for stm32 9.0.1/armtools/bin/../lib/gcc/arm-atollic-eabi/6.3.1/armv7-m/crtn.o
OUTPUT(03_UART.elf elf32-littlearm)

.debug_info     0x00000000     0xdf59
 .debug_info    0x00000000      0xa22 src\ap\ap.o
 .debug_info    0x00000a22      0xc43 src\bsp\bsp.o
 .debug_info    0x00001665      0x3ee src\bsp\cmsis\system_stm32f1xx.o
 .debug_info    0x00001a53       0x74 src\bsp\startup\startup_stm32f103xb.o
 .debug_info    0x00001ac7      0xa28 src\bsp\stm32f1xx_it.o
 .debug_info    0x000024ef      0x2a8 src\common\core\qbuffer.o
 .debug_info    0x00002797      0xafa src\hw\core\button.o
 .debug_info    0x00003291      0xb7d src\hw\core\led.o
 .debug_info    0x00003e0e     0x1908 src\hw\core\uart.o
 .debug_info    0x00005716      0xa4c src\hw\hw.o
 .debug_info    0x00006162      0xfa4 src\lib\STM32F1xx_HAL_Driver\Src\stm32f1xx_hal.o
 .debug_info    0x00007106     0x14ad src\lib\STM32F1xx_HAL_Driver\Src\stm32f1xx_hal_cortex.o
 .debug_info    0x000085b3     0x1049 src\lib\STM32F1xx_HAL_Driver\Src\stm32f1xx_hal_dma.o
 .debug_info    0x000095fc      0xebd src\lib\STM32F1xx_HAL_Driver\Src\stm32f1xx_hal_gpio.o
 .debug_info    0x0000a4b9     0x1225 src\lib\STM32F1xx_HAL_Driver\Src\stm32f1xx_hal_rcc.o
 .debug_info    0x0000b6de     0x1eb0 src\lib\STM32F1xx_HAL_Driver\Src\stm32f1xx_hal_uart.o
 .debug_info    0x0000d58e      0x9cb src\main.o

.debug_abbrev   0x00000000     0x23a7
 .debug_abbrev  0x00000000      0x1c7 src\ap\ap.o
 .debug_abbrev  0x000001c7      0x206 src\bsp\bsp.o
 .debug_abbrev  0x000003cd      0x12f src\bsp\cmsis\system_stm32f1xx.o
 .debug_abbrev  0x000004fc       0x12 src\bsp\startup\startup_stm32f103xb.o
 .debug_abbrev  0x0000050e      0x1c6 src\bsp\stm32f1xx_it.o
 .debug_abbrev  0x000006d4       0xf5 src\common\core\qbuffer.o
 .debug_abbrev  0x000007c9      0x201 src\hw\core\button.o
 .debug_abbrev  0x000009ca      0x1e5 src\hw\core\led.o
 .debug_abbrev  0x00000baf      0x31e src\hw\core\uart.o
 .debug_abbrev  0x00000ecd      0x201 src\hw\hw.o
 .debug_abbrev  0x000010ce      0x2c4 src\lib\STM32F1xx_HAL_Driver\Src\stm32f1xx_hal.o
 .debug_abbrev  0x00001392      0x39f src\lib\STM32F1xx_HAL_Driver\Src\stm32f1xx_hal_cortex.o
 .debug_abbrev  0x00001731      0x299 src\lib\STM32F1xx_HAL_Driver\Src\stm32f1xx_hal_dma.o
 .debug_abbrev  0x000019ca      0x26a src\lib\STM32F1xx_HAL_Driver\Src\stm32f1xx_hal_gpio.o
 .debug_abbrev  0x00001c34      0x2f8 src\lib\STM32F1xx_HAL_Driver\Src\stm32f1xx_hal_rcc.o
 .debug_abbrev  0x00001f2c      0x2cb src\lib\STM32F1xx_HAL_Driver\Src\stm32f1xx_hal_uart.o
 .debug_abbrev  0x000021f7      0x1b0 src\main.o

.debug_aranges  0x00000000      0x228
 .debug_aranges
                0x00000000       0x20 src\ap\ap.o
 .debug_aranges
                0x00000020       0x20 src\bsp\bsp.o
 .debug_aranges
                0x00000040       0x20 src\bsp\cmsis\system_stm32f1xx.o
 .debug_aranges
                0x00000060       0x28 src\bsp\startup\startup_stm32f103xb.o
 .debug_aranges
                0x00000088       0x20 src\bsp\stm32f1xx_it.o
 .debug_aranges
                0x000000a8       0x20 src\common\core\qbuffer.o
 .debug_aranges
                0x000000c8       0x20 src\hw\core\button.o
 .debug_aranges
                0x000000e8       0x20 src\hw\core\led.o
 .debug_aranges
                0x00000108       0x20 src\hw\core\uart.o
 .debug_aranges
                0x00000128       0x20 src\hw\hw.o
 .debug_aranges
                0x00000148       0x20 src\lib\STM32F1xx_HAL_Driver\Src\stm32f1xx_hal.o
 .debug_aranges
                0x00000168       0x20 src\lib\STM32F1xx_HAL_Driver\Src\stm32f1xx_hal_cortex.o
 .debug_aranges
                0x00000188       0x20 src\lib\STM32F1xx_HAL_Driver\Src\stm32f1xx_hal_dma.o
 .debug_aranges
                0x000001a8       0x20 src\lib\STM32F1xx_HAL_Driver\Src\stm32f1xx_hal_gpio.o
 .debug_aranges
                0x000001c8       0x20 src\lib\STM32F1xx_HAL_Driver\Src\stm32f1xx_hal_rcc.o
 .debug_aranges
                0x000001e8       0x20 src\lib\STM32F1xx_HAL_Driver\Src\stm32f1xx_hal_uart.o
 .debug_aranges
                0x00000208       0x20 src\main.o

.debug_line     0x00000000     0x3d01
 .debug_line    0x00000000      0x2d2 src\ap\ap.o
 .debug_line    0x000002d2      0x308 src\bsp\bsp.o
 .debug_line    0x000005da      0x1e5 src\bsp\cmsis\system_stm32f1xx.o
 .debug_line    0x000007bf       0x85 src\bsp\startup\startup_stm32f103xb.o
 .debug_line    0x00000844      0x2bc src\bsp\stm32f1xx_it.o
 .debug_line    0x00000b00      0x19c src\common\core\qbuffer.o
 .debug_line    0x00000c9c      0x2d5 src\hw\core\button.o
 .debug_line    0x00000f71      0x2d1 src\hw\core\led.o
 .debug_line    0x00001242      0x490 src\hw\core\uart.o
 .debug_line    0x000016d2      0x2fe src\hw\hw.o
 .debug_line    0x000019d0      0x379 src\lib\STM32F1xx_HAL_Driver\Src\stm32f1xx_hal.o
 .debug_line    0x00001d49      0x3df src\lib\STM32F1xx_HAL_Driver\Src\stm32f1xx_hal_cortex.o
 .debug_line    0x00002128      0x5d1 src\lib\STM32F1xx_HAL_Driver\Src\stm32f1xx_hal_dma.o
 .debug_line    0x000026f9      0x453 src\lib\STM32F1xx_HAL_Driver\Src\stm32f1xx_hal_gpio.o
 .debug_line    0x00002b4c      0x54f src\lib\STM32F1xx_HAL_Driver\Src\stm32f1xx_hal_rcc.o
 .debug_line    0x0000309b      0x96f src\lib\STM32F1xx_HAL_Driver\Src\stm32f1xx_hal_uart.o
 .debug_line    0x00003a0a      0x2f7 src\main.o

.debug_str      0x00000000     0x225d
 .debug_str     0x00000000      0x604 src\ap\ap.o
                                0x694 (size before relaxing)
 .debug_str     0x00000604      0x1d6 src\bsp\bsp.o
                                0x822 (size before relaxing)
 .debug_str     0x000007da       0xb5 src\bsp\cmsis\system_stm32f1xx.o
                                0x29f (size before relaxing)
 .debug_str     0x0000088f       0xb6 src\bsp\stm32f1xx_it.o
                                0x702 (size before relaxing)
 .debug_str     0x00000945       0xb3 src\common\core\qbuffer.o
                                0x216 (size before relaxing)
 .debug_str     0x000009f8       0xbd src\hw\core\button.o
                                0x71d (size before relaxing)
 .debug_str     0x00000ab5       0x59 src\hw\core\led.o
                                0x72b (size before relaxing)
 .debug_str     0x00000b0e      0x841 src\hw\core\uart.o
                               0x1045 (size before relaxing)
 .debug_str     0x0000134f       0x3b src\hw\hw.o
                                0x6b1 (size before relaxing)
 .debug_str     0x0000138a      0x261 src\lib\STM32F1xx_HAL_Driver\Src\stm32f1xx_hal.o
                                0xc3e (size before relaxing)
 .debug_str     0x000015eb      0x25c src\lib\STM32F1xx_HAL_Driver\Src\stm32f1xx_hal_cortex.o
                                0xd66 (size before relaxing)
 .debug_str     0x00001847      0x244 src\lib\STM32F1xx_HAL_Driver\Src\stm32f1xx_hal_dma.o
                                0xaca (size before relaxing)
 .debug_str     0x00001a8b      0x11c src\lib\STM32F1xx_HAL_Driver\Src\stm32f1xx_hal_gpio.o
                                0x8d3 (size before relaxing)
 .debug_str     0x00001ba7      0x20d src\lib\STM32F1xx_HAL_Driver\Src\stm32f1xx_hal_rcc.o
                                0xaaa (size before relaxing)
 .debug_str     0x00001db4      0x496 src\lib\STM32F1xx_HAL_Driver\Src\stm32f1xx_hal_uart.o
                               0x101b (size before relaxing)
 .debug_str     0x0000224a       0x13 src\main.o
                                0x674 (size before relaxing)

.comment        0x00000000       0x7c
 .comment       0x00000000       0x7c src\ap\ap.o
                                 0x7d (size before relaxing)
 .comment       0x0000007c       0x7d src\bsp\bsp.o
 .comment       0x0000007c       0x7d src\bsp\cmsis\system_stm32f1xx.o
 .comment       0x0000007c       0x7d src\bsp\stm32f1xx_it.o
 .comment       0x0000007c       0x7d src\common\core\qbuffer.o
 .comment       0x0000007c       0x7d src\hw\core\button.o
 .comment       0x0000007c       0x7d src\hw\core\led.o
 .comment       0x0000007c       0x7d src\hw\core\uart.o
 .comment       0x0000007c       0x7d src\hw\hw.o
 .comment       0x0000007c       0x7d src\lib\STM32F1xx_HAL_Driver\Src\stm32f1xx_hal.o
 .comment       0x0000007c       0x7d src\lib\STM32F1xx_HAL_Driver\Src\stm32f1xx_hal_cortex.o
 .comment       0x0000007c       0x7d src\lib\STM32F1xx_HAL_Driver\Src\stm32f1xx_hal_dma.o
 .comment       0x0000007c       0x7d src\lib\STM32F1xx_HAL_Driver\Src\stm32f1xx_hal_gpio.o
 .comment       0x0000007c       0x7d src\lib\STM32F1xx_HAL_Driver\Src\stm32f1xx_hal_rcc.o
 .comment       0x0000007c       0x7d src\lib\STM32F1xx_HAL_Driver\Src\stm32f1xx_hal_uart.o
 .comment       0x0000007c       0x7d src\main.o

.debug_frame    0x00000000     0x1444
 .debug_frame   0x00000000       0x40 src\ap\ap.o
 .debug_frame   0x00000040       0x48 src\bsp\bsp.o
 .debug_frame   0x00000088       0x30 src\bsp\cmsis\system_stm32f1xx.o
 .debug_frame   0x000000b8       0xa8 src\bsp\stm32f1xx_it.o
 .debug_frame   0x00000160       0xb0 src\common\core\qbuffer.o
 .debug_frame   0x00000210       0x44 src\hw\core\button.o
 .debug_frame   0x00000254       0x74 src\hw\core\led.o
 .debug_frame   0x000002c8      0x208 src\hw\core\uart.o
 .debug_frame   0x000004d0       0x58 src\hw\hw.o
 .debug_frame   0x00000528      0x1ac src\lib\STM32F1xx_HAL_Driver\Src\stm32f1xx_hal.o
 .debug_frame   0x000006d4      0x12c src\lib\STM32F1xx_HAL_Driver\Src\stm32f1xx_hal_cortex.o
 .debug_frame   0x00000800      0x148 src\lib\STM32F1xx_HAL_Driver\Src\stm32f1xx_hal_dma.o
 .debug_frame   0x00000948       0xe4 src\lib\STM32F1xx_HAL_Driver\Src\stm32f1xx_hal_gpio.o
 .debug_frame   0x00000a2c      0x170 src\lib\STM32F1xx_HAL_Driver\Src\stm32f1xx_hal_rcc.o
 .debug_frame   0x00000b9c      0x4e8 src\lib\STM32F1xx_HAL_Driver\Src\stm32f1xx_hal_uart.o
 .debug_frame   0x00001084       0x28 src\main.o
 .debug_frame   0x000010ac       0x2c c:/program files (x86)/atollic/truestudio for stm32 9.0.1/armtools/bin/../lib/gcc/arm-atollic-eabi/6.3.1/../../../../arm-atollic-eabi/lib/armv7-m\libc_nano.a(lib_a-init.o)
 .debug_frame   0x000010d8       0x20 c:/program files (x86)/atollic/truestudio for stm32 9.0.1/armtools/bin/../lib/gcc/arm-atollic-eabi/6.3.1/../../../../arm-atollic-eabi/lib/armv7-m\libc_nano.a(lib_a-memset.o)
 .debug_frame   0x000010f8       0x4c c:/program files (x86)/atollic/truestudio for stm32 9.0.1/armtools/bin/../lib/gcc/arm-atollic-eabi/6.3.1/../../../../arm-atollic-eabi/lib/armv7-m\libc_nano.a(lib_a-vsnprintf.o)
 .debug_frame   0x00001144       0x90 c:/program files (x86)/atollic/truestudio for stm32 9.0.1/armtools/bin/../lib/gcc/arm-atollic-eabi/6.3.1/../../../../arm-atollic-eabi/lib/armv7-m\libc_nano.a(lib_a-nano-svfprintf.o)
 .debug_frame   0x000011d4       0x60 c:/program files (x86)/atollic/truestudio for stm32 9.0.1/armtools/bin/../lib/gcc/arm-atollic-eabi/6.3.1/../../../../arm-atollic-eabi/lib/armv7-m\libc_nano.a(lib_a-nano-vfprintf_i.o)
 .debug_frame   0x00001234       0x28 c:/program files (x86)/atollic/truestudio for stm32 9.0.1/armtools/bin/../lib/gcc/arm-atollic-eabi/6.3.1/../../../../arm-atollic-eabi/lib/armv7-m\libc_nano.a(lib_a-memchr-stub.o)
 .debug_frame   0x0000125c       0x28 c:/program files (x86)/atollic/truestudio for stm32 9.0.1/armtools/bin/../lib/gcc/arm-atollic-eabi/6.3.1/../../../../arm-atollic-eabi/lib/armv7-m\libc_nano.a(lib_a-memcpy-stub.o)
 .debug_frame   0x00001284       0x28 c:/program files (x86)/atollic/truestudio for stm32 9.0.1/armtools/bin/../lib/gcc/arm-atollic-eabi/6.3.1/../../../../arm-atollic-eabi/lib/armv7-m\libc_nano.a(lib_a-memmove.o)
 .debug_frame   0x000012ac       0x38 c:/program files (x86)/atollic/truestudio for stm32 9.0.1/armtools/bin/../lib/gcc/arm-atollic-eabi/6.3.1/../../../../arm-atollic-eabi/lib/armv7-m\libc_nano.a(lib_a-nano-freer.o)
 .debug_frame   0x000012e4       0x2c c:/program files (x86)/atollic/truestudio for stm32 9.0.1/armtools/bin/../lib/gcc/arm-atollic-eabi/6.3.1/../../../../arm-atollic-eabi/lib/armv7-m\libc_nano.a(lib_a-nano-mallocr.o)
 .debug_frame   0x00001310       0x3c c:/program files (x86)/atollic/truestudio for stm32 9.0.1/armtools/bin/../lib/gcc/arm-atollic-eabi/6.3.1/../../../../arm-atollic-eabi/lib/armv7-m\libc_nano.a(lib_a-nano-reallocr.o)
 .debug_frame   0x0000134c       0x2c c:/program files (x86)/atollic/truestudio for stm32 9.0.1/armtools/bin/../lib/gcc/arm-atollic-eabi/6.3.1/../../../../arm-atollic-eabi/lib/armv7-m\libc_nano.a(lib_a-sbrkr.o)
 .debug_frame   0x00001378       0x30 c:/program files (x86)/atollic/truestudio for stm32 9.0.1/armtools/bin/../lib/gcc/arm-atollic-eabi/6.3.1/../../../../arm-atollic-eabi/lib/armv7-m\libc_nano.a(lib_a-mlock.o)
 .debug_frame   0x000013a8       0x20 c:/program files (x86)/atollic/truestudio for stm32 9.0.1/armtools/bin/../lib/gcc/arm-atollic-eabi/6.3.1/../../../../arm-atollic-eabi/lib/armv7-m\libc_nano.a(lib_a-nano-msizer.o)
 .debug_frame   0x000013c8       0x5c c:/program files (x86)/atollic/truestudio for stm32 9.0.1/armtools/bin/../lib/gcc/arm-atollic-eabi/6.3.1/../../../../arm-atollic-eabi/lib/armv7-m\libc_nano.a(lib_a-reent.o)
 .debug_frame   0x00001424       0x20 c:/program files (x86)/atollic/truestudio for stm32 9.0.1/armtools/bin/../lib/gcc/arm-atollic-eabi/6.3.1/../../../../arm-atollic-eabi/lib/armv7-m\libnosys.a(sbrk.o)

.debug_loc      0x00000000     0x358c
 .debug_loc     0x00000000       0xdf src\bsp\cmsis\system_stm32f1xx.o
 .debug_loc     0x000000df      0x288 src\common\core\qbuffer.o
 .debug_loc     0x00000367       0x21 src\hw\core\button.o
 .debug_loc     0x00000388       0x63 src\hw\core\led.o
 .debug_loc     0x000003eb      0x59d src\hw\core\uart.o
 .debug_loc     0x00000988       0x21 src\hw\hw.o
 .debug_loc     0x000009a9      0x108 src\lib\STM32F1xx_HAL_Driver\Src\stm32f1xx_hal.o
 .debug_loc     0x00000ab1      0x5ad src\lib\STM32F1xx_HAL_Driver\Src\stm32f1xx_hal_cortex.o
 .debug_loc     0x0000105e      0x71b src\lib\STM32F1xx_HAL_Driver\Src\stm32f1xx_hal_dma.o
 .debug_loc     0x00001779      0x42d src\lib\STM32F1xx_HAL_Driver\Src\stm32f1xx_hal_gpio.o
 .debug_loc     0x00001ba6      0x4d1 src\lib\STM32F1xx_HAL_Driver\Src\stm32f1xx_hal_rcc.o
 .debug_loc     0x00002077     0x1515 src\lib\STM32F1xx_HAL_Driver\Src\stm32f1xx_hal_uart.o

.debug_ranges   0x00000000       0xa0
 .debug_ranges  0x00000000       0x20 src\bsp\startup\startup_stm32f103xb.o
 .debug_ranges  0x00000020       0x60 src\lib\STM32F1xx_HAL_Driver\Src\stm32f1xx_hal_cortex.o
 .debug_ranges  0x00000080       0x20 src\lib\STM32F1xx_HAL_Driver\Src\stm32f1xx_hal_rcc.o

Cross Reference Table

Symbol                                            File
ADC1_2_IRQHandler                                 src\bsp\startup\startup_stm32f103xb.o
ADC_ConversionStop_Disable                        src\lib\STM32F1xx_HAL_Driver\Src\stm32f1xx_hal_adc.o
                                                  src\lib\STM32F1xx_HAL_Driver\Src\stm32f1xx_hal_adc_ex.o
ADC_DMAConvCplt                                   src\lib\STM32F1xx_HAL_Driver\Src\stm32f1xx_hal_adc.o
                                                  src\lib\STM32F1xx_HAL_Driver\Src\stm32f1xx_hal_adc_ex.o
ADC_DMAError                                      src\lib\STM32F1xx_HAL_Driver\Src\stm32f1xx_hal_adc.o
                                                  src\lib\STM32F1xx_HAL_Driver\Src\stm32f1xx_hal_adc_ex.o
ADC_DMAHalfConvCplt                               src\lib\STM32F1xx_HAL_Driver\Src\stm32f1xx_hal_adc.o
                                                  src\lib\STM32F1xx_HAL_Driver\Src\stm32f1xx_hal_adc_ex.o
ADC_Enable                                        src\lib\STM32F1xx_HAL_Driver\Src\stm32f1xx_hal_adc.o
                                                  src\lib\STM32F1xx_HAL_Driver\Src\stm32f1xx_hal_adc_ex.o
AHBPrescTable                                     src\bsp\cmsis\system_stm32f1xx.o
                                                  src\lib\STM32F1xx_HAL_Driver\Src\stm32f1xx_ll_utils.o
                                                  src\lib\STM32F1xx_HAL_Driver\Src\stm32f1xx_hal_rcc.o
APBPrescTable                                     src\bsp\cmsis\system_stm32f1xx.o
                                                  src\lib\STM32F1xx_HAL_Driver\Src\stm32f1xx_hal_rcc.o
BusFault_Handler                                  src\bsp\stm32f1xx_it.o
                                                  src\bsp\startup\startup_stm32f103xb.o
CAN1_RX1_IRQHandler                               src\bsp\startup\startup_stm32f103xb.o
CAN1_SCE_IRQHandler                               src\bsp\startup\startup_stm32f103xb.o
DMA1_Channel1_IRQHandler                          src\bsp\startup\startup_stm32f103xb.o
DMA1_Channel2_IRQHandler                          src\bsp\startup\startup_stm32f103xb.o
DMA1_Channel3_IRQHandler                          src\bsp\startup\startup_stm32f103xb.o
DMA1_Channel4_IRQHandler                          src\bsp\startup\startup_stm32f103xb.o
DMA1_Channel5_IRQHandler                          src\bsp\startup\startup_stm32f103xb.o
DMA1_Channel6_IRQHandler                          src\bsp\startup\startup_stm32f103xb.o
DMA1_Channel7_IRQHandler                          src\bsp\startup\startup_stm32f103xb.o
DebugMon_Handler                                  src\bsp\stm32f1xx_it.o
                                                  src\bsp\startup\startup_stm32f103xb.o
Default_Handler                                   src\bsp\startup\startup_stm32f103xb.o
EXTI0_IRQHandler                                  src\bsp\startup\startup_stm32f103xb.o
EXTI15_10_IRQHandler                              src\bsp\startup\startup_stm32f103xb.o
EXTI1_IRQHandler                                  src\bsp\startup\startup_stm32f103xb.o
EXTI2_IRQHandler                                  src\bsp\startup\startup_stm32f103xb.o
EXTI3_IRQHandler                                  src\bsp\startup\startup_stm32f103xb.o
EXTI4_IRQHandler                                  src\bsp\startup\startup_stm32f103xb.o
EXTI9_5_IRQHandler                                src\bsp\startup\startup_stm32f103xb.o
FLASH_IRQHandler                                  src\bsp\startup\startup_stm32f103xb.o
FLASH_PageErase                                   src\lib\STM32F1xx_HAL_Driver\Src\stm32f1xx_hal_flash_ex.o
                                                  src\lib\STM32F1xx_HAL_Driver\Src\stm32f1xx_hal_flash.o
FLASH_WaitForLastOperation                        src\lib\STM32F1xx_HAL_Driver\Src\stm32f1xx_hal_flash.o
                                                  src\lib\STM32F1xx_HAL_Driver\Src\stm32f1xx_hal_flash_ex.o
HAL_ADCEx_Calibration_Start                       src\lib\STM32F1xx_HAL_Driver\Src\stm32f1xx_hal_adc_ex.o
HAL_ADCEx_InjectedConfigChannel                   src\lib\STM32F1xx_HAL_Driver\Src\stm32f1xx_hal_adc_ex.o
HAL_ADCEx_InjectedConvCpltCallback                src\lib\STM32F1xx_HAL_Driver\Src\stm32f1xx_hal_adc_ex.o
                                                  src\lib\STM32F1xx_HAL_Driver\Src\stm32f1xx_hal_adc.o
HAL_ADCEx_InjectedGetValue                        src\lib\STM32F1xx_HAL_Driver\Src\stm32f1xx_hal_adc_ex.o
HAL_ADCEx_InjectedPollForConversion               src\lib\STM32F1xx_HAL_Driver\Src\stm32f1xx_hal_adc_ex.o
HAL_ADCEx_InjectedStart                           src\lib\STM32F1xx_HAL_Driver\Src\stm32f1xx_hal_adc_ex.o
HAL_ADCEx_InjectedStart_IT                        src\lib\STM32F1xx_HAL_Driver\Src\stm32f1xx_hal_adc_ex.o
HAL_ADCEx_InjectedStop                            src\lib\STM32F1xx_HAL_Driver\Src\stm32f1xx_hal_adc_ex.o
HAL_ADCEx_InjectedStop_IT                         src\lib\STM32F1xx_HAL_Driver\Src\stm32f1xx_hal_adc_ex.o
HAL_ADCEx_MultiModeConfigChannel                  src\lib\STM32F1xx_HAL_Driver\Src\stm32f1xx_hal_adc_ex.o
HAL_ADCEx_MultiModeGetValue                       src\lib\STM32F1xx_HAL_Driver\Src\stm32f1xx_hal_adc_ex.o
HAL_ADCEx_MultiModeStart_DMA                      src\lib\STM32F1xx_HAL_Driver\Src\stm32f1xx_hal_adc_ex.o
HAL_ADCEx_MultiModeStop_DMA                       src\lib\STM32F1xx_HAL_Driver\Src\stm32f1xx_hal_adc_ex.o
HAL_ADC_AnalogWDGConfig                           src\lib\STM32F1xx_HAL_Driver\Src\stm32f1xx_hal_adc.o
HAL_ADC_ConfigChannel                             src\lib\STM32F1xx_HAL_Driver\Src\stm32f1xx_hal_adc.o
HAL_ADC_ConvCpltCallback                          src\lib\STM32F1xx_HAL_Driver\Src\stm32f1xx_hal_adc.o
HAL_ADC_ConvHalfCpltCallback                      src\lib\STM32F1xx_HAL_Driver\Src\stm32f1xx_hal_adc.o
HAL_ADC_DeInit                                    src\lib\STM32F1xx_HAL_Driver\Src\stm32f1xx_hal_adc.o
HAL_ADC_ErrorCallback                             src\lib\STM32F1xx_HAL_Driver\Src\stm32f1xx_hal_adc.o
HAL_ADC_GetError                                  src\lib\STM32F1xx_HAL_Driver\Src\stm32f1xx_hal_adc.o
HAL_ADC_GetState                                  src\lib\STM32F1xx_HAL_Driver\Src\stm32f1xx_hal_adc.o
HAL_ADC_GetValue                                  src\lib\STM32F1xx_HAL_Driver\Src\stm32f1xx_hal_adc.o
HAL_ADC_IRQHandler                                src\lib\STM32F1xx_HAL_Driver\Src\stm32f1xx_hal_adc.o
HAL_ADC_Init                                      src\lib\STM32F1xx_HAL_Driver\Src\stm32f1xx_hal_adc.o
HAL_ADC_LevelOutOfWindowCallback                  src\lib\STM32F1xx_HAL_Driver\Src\stm32f1xx_hal_adc.o
HAL_ADC_MspDeInit                                 src\lib\STM32F1xx_HAL_Driver\Src\stm32f1xx_hal_adc.o
HAL_ADC_MspInit                                   src\lib\STM32F1xx_HAL_Driver\Src\stm32f1xx_hal_adc.o
HAL_ADC_PollForConversion                         src\lib\STM32F1xx_HAL_Driver\Src\stm32f1xx_hal_adc.o
HAL_ADC_PollForEvent                              src\lib\STM32F1xx_HAL_Driver\Src\stm32f1xx_hal_adc.o
HAL_ADC_Start                                     src\lib\STM32F1xx_HAL_Driver\Src\stm32f1xx_hal_adc.o
HAL_ADC_Start_DMA                                 src\lib\STM32F1xx_HAL_Driver\Src\stm32f1xx_hal_adc.o
HAL_ADC_Start_IT                                  src\lib\STM32F1xx_HAL_Driver\Src\stm32f1xx_hal_adc.o
HAL_ADC_Stop                                      src\lib\STM32F1xx_HAL_Driver\Src\stm32f1xx_hal_adc.o
HAL_ADC_Stop_DMA                                  src\lib\STM32F1xx_HAL_Driver\Src\stm32f1xx_hal_adc.o
HAL_ADC_Stop_IT                                   src\lib\STM32F1xx_HAL_Driver\Src\stm32f1xx_hal_adc.o
HAL_CAN_AbortTxRequest                            src\lib\STM32F1xx_HAL_Driver\Src\stm32f1xx_hal_can.o
HAL_CAN_ActivateNotification                      src\lib\STM32F1xx_HAL_Driver\Src\stm32f1xx_hal_can.o
HAL_CAN_AddTxMessage                              src\lib\STM32F1xx_HAL_Driver\Src\stm32f1xx_hal_can.o
HAL_CAN_ConfigFilter                              src\lib\STM32F1xx_HAL_Driver\Src\stm32f1xx_hal_can.o
HAL_CAN_DeInit                                    src\lib\STM32F1xx_HAL_Driver\Src\stm32f1xx_hal_can.o
HAL_CAN_DeactivateNotification                    src\lib\STM32F1xx_HAL_Driver\Src\stm32f1xx_hal_can.o
HAL_CAN_ErrorCallback                             src\lib\STM32F1xx_HAL_Driver\Src\stm32f1xx_hal_can.o
HAL_CAN_GetError                                  src\lib\STM32F1xx_HAL_Driver\Src\stm32f1xx_hal_can.o
HAL_CAN_GetRxFifoFillLevel                        src\lib\STM32F1xx_HAL_Driver\Src\stm32f1xx_hal_can.o
HAL_CAN_GetRxMessage                              src\lib\STM32F1xx_HAL_Driver\Src\stm32f1xx_hal_can.o
HAL_CAN_GetState                                  src\lib\STM32F1xx_HAL_Driver\Src\stm32f1xx_hal_can.o
HAL_CAN_GetTxMailboxesFreeLevel                   src\lib\STM32F1xx_HAL_Driver\Src\stm32f1xx_hal_can.o
HAL_CAN_GetTxTimestamp                            src\lib\STM32F1xx_HAL_Driver\Src\stm32f1xx_hal_can.o
HAL_CAN_IRQHandler                                src\lib\STM32F1xx_HAL_Driver\Src\stm32f1xx_hal_can.o
HAL_CAN_Init                                      src\lib\STM32F1xx_HAL_Driver\Src\stm32f1xx_hal_can.o
HAL_CAN_IsSleepActive                             src\lib\STM32F1xx_HAL_Driver\Src\stm32f1xx_hal_can.o
HAL_CAN_IsTxMessagePending                        src\lib\STM32F1xx_HAL_Driver\Src\stm32f1xx_hal_can.o
HAL_CAN_MspDeInit                                 src\lib\STM32F1xx_HAL_Driver\Src\stm32f1xx_hal_can.o
HAL_CAN_MspInit                                   src\lib\STM32F1xx_HAL_Driver\Src\stm32f1xx_hal_can.o
HAL_CAN_RequestSleep                              src\lib\STM32F1xx_HAL_Driver\Src\stm32f1xx_hal_can.o
HAL_CAN_ResetError                                src\lib\STM32F1xx_HAL_Driver\Src\stm32f1xx_hal_can.o
HAL_CAN_RxFifo0FullCallback                       src\lib\STM32F1xx_HAL_Driver\Src\stm32f1xx_hal_can.o
HAL_CAN_RxFifo0MsgPendingCallback                 src\lib\STM32F1xx_HAL_Driver\Src\stm32f1xx_hal_can.o
HAL_CAN_RxFifo1FullCallback                       src\lib\STM32F1xx_HAL_Driver\Src\stm32f1xx_hal_can.o
HAL_CAN_RxFifo1MsgPendingCallback                 src\lib\STM32F1xx_HAL_Driver\Src\stm32f1xx_hal_can.o
HAL_CAN_SleepCallback                             src\lib\STM32F1xx_HAL_Driver\Src\stm32f1xx_hal_can.o
HAL_CAN_Start                                     src\lib\STM32F1xx_HAL_Driver\Src\stm32f1xx_hal_can.o
HAL_CAN_Stop                                      src\lib\STM32F1xx_HAL_Driver\Src\stm32f1xx_hal_can.o
HAL_CAN_TxMailbox0AbortCallback                   src\lib\STM32F1xx_HAL_Driver\Src\stm32f1xx_hal_can.o
HAL_CAN_TxMailbox0CompleteCallback                src\lib\STM32F1xx_HAL_Driver\Src\stm32f1xx_hal_can.o
HAL_CAN_TxMailbox1AbortCallback                   src\lib\STM32F1xx_HAL_Driver\Src\stm32f1xx_hal_can.o
HAL_CAN_TxMailbox1CompleteCallback                src\lib\STM32F1xx_HAL_Driver\Src\stm32f1xx_hal_can.o
HAL_CAN_TxMailbox2AbortCallback                   src\lib\STM32F1xx_HAL_Driver\Src\stm32f1xx_hal_can.o
HAL_CAN_TxMailbox2CompleteCallback                src\lib\STM32F1xx_HAL_Driver\Src\stm32f1xx_hal_can.o
HAL_CAN_WakeUp                                    src\lib\STM32F1xx_HAL_Driver\Src\stm32f1xx_hal_can.o
HAL_CAN_WakeUpFromRxMsgCallback                   src\lib\STM32F1xx_HAL_Driver\Src\stm32f1xx_hal_can.o
HAL_CRC_Accumulate                                src\lib\STM32F1xx_HAL_Driver\Src\stm32f1xx_hal_crc.o
HAL_CRC_Calculate                                 src\lib\STM32F1xx_HAL_Driver\Src\stm32f1xx_hal_crc.o
HAL_CRC_DeInit                                    src\lib\STM32F1xx_HAL_Driver\Src\stm32f1xx_hal_crc.o
HAL_CRC_GetState                                  src\lib\STM32F1xx_HAL_Driver\Src\stm32f1xx_hal_crc.o
HAL_CRC_Init                                      src\lib\STM32F1xx_HAL_Driver\Src\stm32f1xx_hal_crc.o
HAL_CRC_MspDeInit                                 src\lib\STM32F1xx_HAL_Driver\Src\stm32f1xx_hal_crc.o
HAL_CRC_MspInit                                   src\lib\STM32F1xx_HAL_Driver\Src\stm32f1xx_hal_crc.o
HAL_DBGMCU_DisableDBGSleepMode                    src\lib\STM32F1xx_HAL_Driver\Src\stm32f1xx_hal.o
HAL_DBGMCU_DisableDBGStandbyMode                  src\lib\STM32F1xx_HAL_Driver\Src\stm32f1xx_hal.o
HAL_DBGMCU_DisableDBGStopMode                     src\lib\STM32F1xx_HAL_Driver\Src\stm32f1xx_hal.o
HAL_DBGMCU_EnableDBGSleepMode                     src\lib\STM32F1xx_HAL_Driver\Src\stm32f1xx_hal.o
HAL_DBGMCU_EnableDBGStandbyMode                   src\lib\STM32F1xx_HAL_Driver\Src\stm32f1xx_hal.o
HAL_DBGMCU_EnableDBGStopMode                      src\lib\STM32F1xx_HAL_Driver\Src\stm32f1xx_hal.o
HAL_DMA_Abort                                     src\lib\STM32F1xx_HAL_Driver\Src\stm32f1xx_hal_dma.o
                                                  src\lib\STM32F1xx_HAL_Driver\Src\stm32f1xx_hal_usart.o
                                                  src\lib\STM32F1xx_HAL_Driver\Src\stm32f1xx_hal_uart.o
                                                  src\lib\STM32F1xx_HAL_Driver\Src\stm32f1xx_hal_tim.o
                                                  src\lib\STM32F1xx_HAL_Driver\Src\stm32f1xx_hal_spi.o
                                                  src\lib\STM32F1xx_HAL_Driver\Src\stm32f1xx_hal_smartcard.o
                                                  src\lib\STM32F1xx_HAL_Driver\Src\stm32f1xx_hal_irda.o
                                                  src\lib\STM32F1xx_HAL_Driver\Src\stm32f1xx_hal_adc_ex.o
                                                  src\lib\STM32F1xx_HAL_Driver\Src\stm32f1xx_hal_adc.o
HAL_DMA_Abort_IT                                  src\lib\STM32F1xx_HAL_Driver\Src\stm32f1xx_hal_dma.o
                                                  src\lib\STM32F1xx_HAL_Driver\Src\stm32f1xx_hal_usart.o
                                                  src\lib\STM32F1xx_HAL_Driver\Src\stm32f1xx_hal_uart.o
                                                  src\lib\STM32F1xx_HAL_Driver\Src\stm32f1xx_hal_spi.o
                                                  src\lib\STM32F1xx_HAL_Driver\Src\stm32f1xx_hal_smartcard.o
                                                  src\lib\STM32F1xx_HAL_Driver\Src\stm32f1xx_hal_irda.o
                                                  src\lib\STM32F1xx_HAL_Driver\Src\stm32f1xx_hal_i2c.o
HAL_DMA_DeInit                                    src\lib\STM32F1xx_HAL_Driver\Src\stm32f1xx_hal_dma.o
HAL_DMA_GetError                                  src\lib\STM32F1xx_HAL_Driver\Src\stm32f1xx_hal_dma.o
HAL_DMA_GetState                                  src\lib\STM32F1xx_HAL_Driver\Src\stm32f1xx_hal_dma.o
HAL_DMA_IRQHandler                                src\lib\STM32F1xx_HAL_Driver\Src\stm32f1xx_hal_dma.o
HAL_DMA_Init                                      src\lib\STM32F1xx_HAL_Driver\Src\stm32f1xx_hal_dma.o
HAL_DMA_PollForTransfer                           src\lib\STM32F1xx_HAL_Driver\Src\stm32f1xx_hal_dma.o
HAL_DMA_RegisterCallback                          src\lib\STM32F1xx_HAL_Driver\Src\stm32f1xx_hal_dma.o
HAL_DMA_Start                                     src\lib\STM32F1xx_HAL_Driver\Src\stm32f1xx_hal_dma.o
HAL_DMA_Start_IT                                  src\lib\STM32F1xx_HAL_Driver\Src\stm32f1xx_hal_dma.o
                                                  src\lib\STM32F1xx_HAL_Driver\Src\stm32f1xx_hal_usart.o
                                                  src\lib\STM32F1xx_HAL_Driver\Src\stm32f1xx_hal_uart.o
                                                  src\lib\STM32F1xx_HAL_Driver\Src\stm32f1xx_hal_tim_ex.o
                                                  src\lib\STM32F1xx_HAL_Driver\Src\stm32f1xx_hal_tim.o
                                                  src\lib\STM32F1xx_HAL_Driver\Src\stm32f1xx_hal_spi.o
                                                  src\lib\STM32F1xx_HAL_Driver\Src\stm32f1xx_hal_smartcard.o
                                                  src\lib\STM32F1xx_HAL_Driver\Src\stm32f1xx_hal_irda.o
                                                  src\lib\STM32F1xx_HAL_Driver\Src\stm32f1xx_hal_i2c.o
                                                  src\lib\STM32F1xx_HAL_Driver\Src\stm32f1xx_hal_adc_ex.o
                                                  src\lib\STM32F1xx_HAL_Driver\Src\stm32f1xx_hal_adc.o
HAL_DMA_UnRegisterCallback                        src\lib\STM32F1xx_HAL_Driver\Src\stm32f1xx_hal_dma.o
HAL_DeInit                                        src\lib\STM32F1xx_HAL_Driver\Src\stm32f1xx_hal.o
HAL_Delay                                         src\lib\STM32F1xx_HAL_Driver\Src\stm32f1xx_hal.o
                                                  src\hw\hw.o
HAL_FLASHEx_Erase                                 src\lib\STM32F1xx_HAL_Driver\Src\stm32f1xx_hal_flash_ex.o
HAL_FLASHEx_Erase_IT                              src\lib\STM32F1xx_HAL_Driver\Src\stm32f1xx_hal_flash_ex.o
HAL_FLASHEx_OBErase                               src\lib\STM32F1xx_HAL_Driver\Src\stm32f1xx_hal_flash_ex.o
HAL_FLASHEx_OBGetConfig                           src\lib\STM32F1xx_HAL_Driver\Src\stm32f1xx_hal_flash_ex.o
HAL_FLASHEx_OBGetUserData                         src\lib\STM32F1xx_HAL_Driver\Src\stm32f1xx_hal_flash_ex.o
HAL_FLASHEx_OBProgram                             src\lib\STM32F1xx_HAL_Driver\Src\stm32f1xx_hal_flash_ex.o
HAL_FLASH_EndOfOperationCallback                  src\lib\STM32F1xx_HAL_Driver\Src\stm32f1xx_hal_flash.o
HAL_FLASH_GetError                                src\lib\STM32F1xx_HAL_Driver\Src\stm32f1xx_hal_flash.o
HAL_FLASH_IRQHandler                              src\lib\STM32F1xx_HAL_Driver\Src\stm32f1xx_hal_flash.o
HAL_FLASH_Lock                                    src\lib\STM32F1xx_HAL_Driver\Src\stm32f1xx_hal_flash.o
HAL_FLASH_OB_Launch                               src\lib\STM32F1xx_HAL_Driver\Src\stm32f1xx_hal_flash.o
HAL_FLASH_OB_Lock                                 src\lib\STM32F1xx_HAL_Driver\Src\stm32f1xx_hal_flash.o
HAL_FLASH_OB_Unlock                               src\lib\STM32F1xx_HAL_Driver\Src\stm32f1xx_hal_flash.o
HAL_FLASH_OperationErrorCallback                  src\lib\STM32F1xx_HAL_Driver\Src\stm32f1xx_hal_flash.o
HAL_FLASH_Program                                 src\lib\STM32F1xx_HAL_Driver\Src\stm32f1xx_hal_flash.o
HAL_FLASH_Program_IT                              src\lib\STM32F1xx_HAL_Driver\Src\stm32f1xx_hal_flash.o
HAL_FLASH_Unlock                                  src\lib\STM32F1xx_HAL_Driver\Src\stm32f1xx_hal_flash.o
HAL_GPIOEx_ConfigEventout                         src\lib\STM32F1xx_HAL_Driver\Src\stm32f1xx_hal_gpio_ex.o
HAL_GPIOEx_DisableEventout                        src\lib\STM32F1xx_HAL_Driver\Src\stm32f1xx_hal_gpio_ex.o
HAL_GPIOEx_EnableEventout                         src\lib\STM32F1xx_HAL_Driver\Src\stm32f1xx_hal_gpio_ex.o
HAL_GPIO_DeInit                                   src\lib\STM32F1xx_HAL_Driver\Src\stm32f1xx_hal_gpio.o
                                                  src\hw\core\uart.o
HAL_GPIO_EXTI_Callback                            src\lib\STM32F1xx_HAL_Driver\Src\stm32f1xx_hal_gpio.o
HAL_GPIO_EXTI_IRQHandler                          src\lib\STM32F1xx_HAL_Driver\Src\stm32f1xx_hal_gpio.o
HAL_GPIO_Init                                     src\lib\STM32F1xx_HAL_Driver\Src\stm32f1xx_hal_gpio.o
                                                  src\lib\STM32F1xx_HAL_Driver\Src\stm32f1xx_hal_rcc.o
                                                  src\hw\core\uart.o
                                                  src\hw\core\led.o
                                                  src\hw\core\button.o
HAL_GPIO_LockPin                                  src\lib\STM32F1xx_HAL_Driver\Src\stm32f1xx_hal_gpio.o
HAL_GPIO_ReadPin                                  src\lib\STM32F1xx_HAL_Driver\Src\stm32f1xx_hal_gpio.o
                                                  src\hw\core\button.o
HAL_GPIO_TogglePin                                src\lib\STM32F1xx_HAL_Driver\Src\stm32f1xx_hal_gpio.o
                                                  src\hw\core\led.o
HAL_GPIO_WritePin                                 src\lib\STM32F1xx_HAL_Driver\Src\stm32f1xx_hal_gpio.o
                                                  src\hw\core\led.o
HAL_GetDEVID                                      src\lib\STM32F1xx_HAL_Driver\Src\stm32f1xx_hal.o
HAL_GetHalVersion                                 src\lib\STM32F1xx_HAL_Driver\Src\stm32f1xx_hal.o
HAL_GetREVID                                      src\lib\STM32F1xx_HAL_Driver\Src\stm32f1xx_hal.o
HAL_GetTick                                       src\lib\STM32F1xx_HAL_Driver\Src\stm32f1xx_hal.o
                                                  src\lib\STM32F1xx_HAL_Driver\Src\stm32f1xx_hal_usart.o
                                                  src\lib\STM32F1xx_HAL_Driver\Src\stm32f1xx_hal_uart.o
                                                  src\lib\STM32F1xx_HAL_Driver\Src\stm32f1xx_hal_spi.o
                                                  src\lib\STM32F1xx_HAL_Driver\Src\stm32f1xx_hal_smartcard.o
                                                  src\lib\STM32F1xx_HAL_Driver\Src\stm32f1xx_hal_rtc_ex.o
                                                  src\lib\STM32F1xx_HAL_Driver\Src\stm32f1xx_hal_rtc.o
                                                  src\lib\STM32F1xx_HAL_Driver\Src\stm32f1xx_hal_rcc_ex.o
                                                  src\lib\STM32F1xx_HAL_Driver\Src\stm32f1xx_hal_rcc.o
                                                  src\lib\STM32F1xx_HAL_Driver\Src\stm32f1xx_hal_iwdg.o
                                                  src\lib\STM32F1xx_HAL_Driver\Src\stm32f1xx_hal_irda.o
                                                  src\lib\STM32F1xx_HAL_Driver\Src\stm32f1xx_hal_i2c.o
                                                  src\lib\STM32F1xx_HAL_Driver\Src\stm32f1xx_hal_flash.o
                                                  src\lib\STM32F1xx_HAL_Driver\Src\stm32f1xx_hal_dma.o
                                                  src\lib\STM32F1xx_HAL_Driver\Src\stm32f1xx_hal_can.o
                                                  src\lib\STM32F1xx_HAL_Driver\Src\stm32f1xx_hal_adc_ex.o
                                                  src\lib\STM32F1xx_HAL_Driver\Src\stm32f1xx_hal_adc.o
                                                  src\hw\hw.o
HAL_GetTickFreq                                   src\lib\STM32F1xx_HAL_Driver\Src\stm32f1xx_hal.o
HAL_GetTickPrio                                   src\lib\STM32F1xx_HAL_Driver\Src\stm32f1xx_hal.o
HAL_GetUID                                        src\lib\STM32F1xx_HAL_Driver\Src\stm32f1xx_hal.o
HAL_HalfDuplex_EnableReceiver                     src\lib\STM32F1xx_HAL_Driver\Src\stm32f1xx_hal_uart.o
HAL_HalfDuplex_EnableTransmitter                  src\lib\STM32F1xx_HAL_Driver\Src\stm32f1xx_hal_uart.o
HAL_HalfDuplex_Init                               src\lib\STM32F1xx_HAL_Driver\Src\stm32f1xx_hal_uart.o
HAL_I2C_AbortCpltCallback                         src\lib\STM32F1xx_HAL_Driver\Src\stm32f1xx_hal_i2c.o
HAL_I2C_AddrCallback                              src\lib\STM32F1xx_HAL_Driver\Src\stm32f1xx_hal_i2c.o
HAL_I2C_DeInit                                    src\lib\STM32F1xx_HAL_Driver\Src\stm32f1xx_hal_i2c.o
HAL_I2C_DisableListen_IT                          src\lib\STM32F1xx_HAL_Driver\Src\stm32f1xx_hal_i2c.o
HAL_I2C_ER_IRQHandler                             src\lib\STM32F1xx_HAL_Driver\Src\stm32f1xx_hal_i2c.o
HAL_I2C_EV_IRQHandler                             src\lib\STM32F1xx_HAL_Driver\Src\stm32f1xx_hal_i2c.o
HAL_I2C_EnableListen_IT                           src\lib\STM32F1xx_HAL_Driver\Src\stm32f1xx_hal_i2c.o
HAL_I2C_ErrorCallback                             src\lib\STM32F1xx_HAL_Driver\Src\stm32f1xx_hal_i2c.o
HAL_I2C_GetError                                  src\lib\STM32F1xx_HAL_Driver\Src\stm32f1xx_hal_i2c.o
HAL_I2C_GetMode                                   src\lib\STM32F1xx_HAL_Driver\Src\stm32f1xx_hal_i2c.o
HAL_I2C_GetState                                  src\lib\STM32F1xx_HAL_Driver\Src\stm32f1xx_hal_i2c.o
HAL_I2C_Init                                      src\lib\STM32F1xx_HAL_Driver\Src\stm32f1xx_hal_i2c.o
HAL_I2C_IsDeviceReady                             src\lib\STM32F1xx_HAL_Driver\Src\stm32f1xx_hal_i2c.o
HAL_I2C_ListenCpltCallback                        src\lib\STM32F1xx_HAL_Driver\Src\stm32f1xx_hal_i2c.o
HAL_I2C_MasterRxCpltCallback                      src\lib\STM32F1xx_HAL_Driver\Src\stm32f1xx_hal_i2c.o
HAL_I2C_MasterTxCpltCallback                      src\lib\STM32F1xx_HAL_Driver\Src\stm32f1xx_hal_i2c.o
HAL_I2C_Master_Abort_IT                           src\lib\STM32F1xx_HAL_Driver\Src\stm32f1xx_hal_i2c.o
HAL_I2C_Master_Receive                            src\lib\STM32F1xx_HAL_Driver\Src\stm32f1xx_hal_i2c.o
HAL_I2C_Master_Receive_DMA                        src\lib\STM32F1xx_HAL_Driver\Src\stm32f1xx_hal_i2c.o
HAL_I2C_Master_Receive_IT                         src\lib\STM32F1xx_HAL_Driver\Src\stm32f1xx_hal_i2c.o
HAL_I2C_Master_Sequential_Receive_IT              src\lib\STM32F1xx_HAL_Driver\Src\stm32f1xx_hal_i2c.o
HAL_I2C_Master_Sequential_Transmit_IT             src\lib\STM32F1xx_HAL_Driver\Src\stm32f1xx_hal_i2c.o
HAL_I2C_Master_Transmit                           src\lib\STM32F1xx_HAL_Driver\Src\stm32f1xx_hal_i2c.o
HAL_I2C_Master_Transmit_DMA                       src\lib\STM32F1xx_HAL_Driver\Src\stm32f1xx_hal_i2c.o
HAL_I2C_Master_Transmit_IT                        src\lib\STM32F1xx_HAL_Driver\Src\stm32f1xx_hal_i2c.o
HAL_I2C_MemRxCpltCallback                         src\lib\STM32F1xx_HAL_Driver\Src\stm32f1xx_hal_i2c.o
HAL_I2C_MemTxCpltCallback                         src\lib\STM32F1xx_HAL_Driver\Src\stm32f1xx_hal_i2c.o
HAL_I2C_Mem_Read                                  src\lib\STM32F1xx_HAL_Driver\Src\stm32f1xx_hal_i2c.o
HAL_I2C_Mem_Read_DMA                              src\lib\STM32F1xx_HAL_Driver\Src\stm32f1xx_hal_i2c.o
HAL_I2C_Mem_Read_IT                               src\lib\STM32F1xx_HAL_Driver\Src\stm32f1xx_hal_i2c.o
HAL_I2C_Mem_Write                                 src\lib\STM32F1xx_HAL_Driver\Src\stm32f1xx_hal_i2c.o
HAL_I2C_Mem_Write_DMA                             src\lib\STM32F1xx_HAL_Driver\Src\stm32f1xx_hal_i2c.o
HAL_I2C_Mem_Write_IT                              src\lib\STM32F1xx_HAL_Driver\Src\stm32f1xx_hal_i2c.o
HAL_I2C_MspDeInit                                 src\lib\STM32F1xx_HAL_Driver\Src\stm32f1xx_hal_i2c.o
HAL_I2C_MspInit                                   src\lib\STM32F1xx_HAL_Driver\Src\stm32f1xx_hal_i2c.o
HAL_I2C_SlaveRxCpltCallback                       src\lib\STM32F1xx_HAL_Driver\Src\stm32f1xx_hal_i2c.o
HAL_I2C_SlaveTxCpltCallback                       src\lib\STM32F1xx_HAL_Driver\Src\stm32f1xx_hal_i2c.o
HAL_I2C_Slave_Receive                             src\lib\STM32F1xx_HAL_Driver\Src\stm32f1xx_hal_i2c.o
HAL_I2C_Slave_Receive_DMA                         src\lib\STM32F1xx_HAL_Driver\Src\stm32f1xx_hal_i2c.o
HAL_I2C_Slave_Receive_IT                          src\lib\STM32F1xx_HAL_Driver\Src\stm32f1xx_hal_i2c.o
HAL_I2C_Slave_Sequential_Receive_IT               src\lib\STM32F1xx_HAL_Driver\Src\stm32f1xx_hal_i2c.o
HAL_I2C_Slave_Sequential_Transmit_IT              src\lib\STM32F1xx_HAL_Driver\Src\stm32f1xx_hal_i2c.o
HAL_I2C_Slave_Transmit                            src\lib\STM32F1xx_HAL_Driver\Src\stm32f1xx_hal_i2c.o
HAL_I2C_Slave_Transmit_DMA                        src\lib\STM32F1xx_HAL_Driver\Src\stm32f1xx_hal_i2c.o
HAL_I2C_Slave_Transmit_IT                         src\lib\STM32F1xx_HAL_Driver\Src\stm32f1xx_hal_i2c.o
HAL_IRDA_Abort                                    src\lib\STM32F1xx_HAL_Driver\Src\stm32f1xx_hal_irda.o
HAL_IRDA_AbortCpltCallback                        src\lib\STM32F1xx_HAL_Driver\Src\stm32f1xx_hal_irda.o
HAL_IRDA_AbortReceive                             src\lib\STM32F1xx_HAL_Driver\Src\stm32f1xx_hal_irda.o
HAL_IRDA_AbortReceiveCpltCallback                 src\lib\STM32F1xx_HAL_Driver\Src\stm32f1xx_hal_irda.o
HAL_IRDA_AbortReceive_IT                          src\lib\STM32F1xx_HAL_Driver\Src\stm32f1xx_hal_irda.o
HAL_IRDA_AbortTransmit                            src\lib\STM32F1xx_HAL_Driver\Src\stm32f1xx_hal_irda.o
HAL_IRDA_AbortTransmitCpltCallback                src\lib\STM32F1xx_HAL_Driver\Src\stm32f1xx_hal_irda.o
HAL_IRDA_AbortTransmit_IT                         src\lib\STM32F1xx_HAL_Driver\Src\stm32f1xx_hal_irda.o
HAL_IRDA_Abort_IT                                 src\lib\STM32F1xx_HAL_Driver\Src\stm32f1xx_hal_irda.o
HAL_IRDA_DMAPause                                 src\lib\STM32F1xx_HAL_Driver\Src\stm32f1xx_hal_irda.o
HAL_IRDA_DMAResume                                src\lib\STM32F1xx_HAL_Driver\Src\stm32f1xx_hal_irda.o
HAL_IRDA_DMAStop                                  src\lib\STM32F1xx_HAL_Driver\Src\stm32f1xx_hal_irda.o
HAL_IRDA_DeInit                                   src\lib\STM32F1xx_HAL_Driver\Src\stm32f1xx_hal_irda.o
HAL_IRDA_ErrorCallback                            src\lib\STM32F1xx_HAL_Driver\Src\stm32f1xx_hal_irda.o
HAL_IRDA_GetError                                 src\lib\STM32F1xx_HAL_Driver\Src\stm32f1xx_hal_irda.o
HAL_IRDA_GetState                                 src\lib\STM32F1xx_HAL_Driver\Src\stm32f1xx_hal_irda.o
HAL_IRDA_IRQHandler                               src\lib\STM32F1xx_HAL_Driver\Src\stm32f1xx_hal_irda.o
HAL_IRDA_Init                                     src\lib\STM32F1xx_HAL_Driver\Src\stm32f1xx_hal_irda.o
HAL_IRDA_MspDeInit                                src\lib\STM32F1xx_HAL_Driver\Src\stm32f1xx_hal_irda.o
HAL_IRDA_MspInit                                  src\lib\STM32F1xx_HAL_Driver\Src\stm32f1xx_hal_irda.o
HAL_IRDA_Receive                                  src\lib\STM32F1xx_HAL_Driver\Src\stm32f1xx_hal_irda.o
HAL_IRDA_Receive_DMA                              src\lib\STM32F1xx_HAL_Driver\Src\stm32f1xx_hal_irda.o
HAL_IRDA_Receive_IT                               src\lib\STM32F1xx_HAL_Driver\Src\stm32f1xx_hal_irda.o
HAL_IRDA_RxCpltCallback                           src\lib\STM32F1xx_HAL_Driver\Src\stm32f1xx_hal_irda.o
HAL_IRDA_RxHalfCpltCallback                       src\lib\STM32F1xx_HAL_Driver\Src\stm32f1xx_hal_irda.o
HAL_IRDA_Transmit                                 src\lib\STM32F1xx_HAL_Driver\Src\stm32f1xx_hal_irda.o
HAL_IRDA_Transmit_DMA                             src\lib\STM32F1xx_HAL_Driver\Src\stm32f1xx_hal_irda.o
HAL_IRDA_Transmit_IT                              src\lib\STM32F1xx_HAL_Driver\Src\stm32f1xx_hal_irda.o
HAL_IRDA_TxCpltCallback                           src\lib\STM32F1xx_HAL_Driver\Src\stm32f1xx_hal_irda.o
HAL_IRDA_TxHalfCpltCallback                       src\lib\STM32F1xx_HAL_Driver\Src\stm32f1xx_hal_irda.o
HAL_IWDG_Init                                     src\lib\STM32F1xx_HAL_Driver\Src\stm32f1xx_hal_iwdg.o
HAL_IWDG_Refresh                                  src\lib\STM32F1xx_HAL_Driver\Src\stm32f1xx_hal_iwdg.o
HAL_IncTick                                       src\lib\STM32F1xx_HAL_Driver\Src\stm32f1xx_hal.o
                                                  src\bsp\stm32f1xx_it.o
HAL_Init                                          src\lib\STM32F1xx_HAL_Driver\Src\stm32f1xx_hal.o
                                                  src\bsp\bsp.o
HAL_InitTick                                      src\lib\STM32F1xx_HAL_Driver\Src\stm32f1xx_hal.o
                                                  src\lib\STM32F1xx_HAL_Driver\Src\stm32f1xx_hal_rcc.o
HAL_LIN_Init                                      src\lib\STM32F1xx_HAL_Driver\Src\stm32f1xx_hal_uart.o
HAL_LIN_SendBreak                                 src\lib\STM32F1xx_HAL_Driver\Src\stm32f1xx_hal_uart.o
HAL_MspDeInit                                     src\lib\STM32F1xx_HAL_Driver\Src\stm32f1xx_hal.o
HAL_MspInit                                       src\lib\STM32F1xx_HAL_Driver\Src\stm32f1xx_hal.o
HAL_MultiProcessor_EnterMuteMode                  src\lib\STM32F1xx_HAL_Driver\Src\stm32f1xx_hal_uart.o
HAL_MultiProcessor_ExitMuteMode                   src\lib\STM32F1xx_HAL_Driver\Src\stm32f1xx_hal_uart.o
HAL_MultiProcessor_Init                           src\lib\STM32F1xx_HAL_Driver\Src\stm32f1xx_hal_uart.o
HAL_NVIC_ClearPendingIRQ                          src\lib\STM32F1xx_HAL_Driver\Src\stm32f1xx_hal_cortex.o
HAL_NVIC_DisableIRQ                               src\lib\STM32F1xx_HAL_Driver\Src\stm32f1xx_hal_cortex.o
                                                  src\hw\core\uart.o
HAL_NVIC_EnableIRQ                                src\lib\STM32F1xx_HAL_Driver\Src\stm32f1xx_hal_cortex.o
                                                  src\hw\core\uart.o
HAL_NVIC_GetActive                                src\lib\STM32F1xx_HAL_Driver\Src\stm32f1xx_hal_cortex.o
HAL_NVIC_GetPendingIRQ                            src\lib\STM32F1xx_HAL_Driver\Src\stm32f1xx_hal_cortex.o
HAL_NVIC_GetPriority                              src\lib\STM32F1xx_HAL_Driver\Src\stm32f1xx_hal_cortex.o
HAL_NVIC_GetPriorityGrouping                      src\lib\STM32F1xx_HAL_Driver\Src\stm32f1xx_hal_cortex.o
HAL_NVIC_SetPendingIRQ                            src\lib\STM32F1xx_HAL_Driver\Src\stm32f1xx_hal_cortex.o
HAL_NVIC_SetPriority                              src\lib\STM32F1xx_HAL_Driver\Src\stm32f1xx_hal_cortex.o
                                                  src\lib\STM32F1xx_HAL_Driver\Src\stm32f1xx_hal.o
                                                  src\hw\core\uart.o
HAL_NVIC_SetPriorityGrouping                      src\lib\STM32F1xx_HAL_Driver\Src\stm32f1xx_hal_cortex.o
                                                  src\lib\STM32F1xx_HAL_Driver\Src\stm32f1xx_hal.o
HAL_NVIC_SystemReset                              src\lib\STM32F1xx_HAL_Driver\Src\stm32f1xx_hal_cortex.o
                                                  src\lib\STM32F1xx_HAL_Driver\Src\stm32f1xx_hal_flash.o
HAL_PCDEx_PMAConfig                               src\lib\STM32F1xx_HAL_Driver\Src\stm32f1xx_hal_pcd_ex.o
HAL_PCDEx_SetConnectionState                      src\lib\STM32F1xx_HAL_Driver\Src\stm32f1xx_hal_pcd_ex.o
                                                  src\lib\STM32F1xx_HAL_Driver\Src\stm32f1xx_hal_pcd.o
HAL_PCD_ActivateRemoteWakeup                      src\lib\STM32F1xx_HAL_Driver\Src\stm32f1xx_hal_pcd.o
HAL_PCD_ConnectCallback                           src\lib\STM32F1xx_HAL_Driver\Src\stm32f1xx_hal_pcd.o
HAL_PCD_DataInStageCallback                       src\lib\STM32F1xx_HAL_Driver\Src\stm32f1xx_hal_pcd.o
HAL_PCD_DataOutStageCallback                      src\lib\STM32F1xx_HAL_Driver\Src\stm32f1xx_hal_pcd.o
HAL_PCD_DeActivateRemoteWakeup                    src\lib\STM32F1xx_HAL_Driver\Src\stm32f1xx_hal_pcd.o
HAL_PCD_DeInit                                    src\lib\STM32F1xx_HAL_Driver\Src\stm32f1xx_hal_pcd.o
HAL_PCD_DevConnect                                src\lib\STM32F1xx_HAL_Driver\Src\stm32f1xx_hal_pcd.o
HAL_PCD_DevDisconnect                             src\lib\STM32F1xx_HAL_Driver\Src\stm32f1xx_hal_pcd.o
HAL_PCD_DisconnectCallback                        src\lib\STM32F1xx_HAL_Driver\Src\stm32f1xx_hal_pcd.o
HAL_PCD_EP_Close                                  src\lib\STM32F1xx_HAL_Driver\Src\stm32f1xx_hal_pcd.o
HAL_PCD_EP_ClrStall                               src\lib\STM32F1xx_HAL_Driver\Src\stm32f1xx_hal_pcd.o
HAL_PCD_EP_Flush                                  src\lib\STM32F1xx_HAL_Driver\Src\stm32f1xx_hal_pcd.o
HAL_PCD_EP_GetRxCount                             src\lib\STM32F1xx_HAL_Driver\Src\stm32f1xx_hal_pcd.o
HAL_PCD_EP_Open                                   src\lib\STM32F1xx_HAL_Driver\Src\stm32f1xx_hal_pcd.o
HAL_PCD_EP_Receive                                src\lib\STM32F1xx_HAL_Driver\Src\stm32f1xx_hal_pcd.o
HAL_PCD_EP_SetStall                               src\lib\STM32F1xx_HAL_Driver\Src\stm32f1xx_hal_pcd.o
HAL_PCD_EP_Transmit                               src\lib\STM32F1xx_HAL_Driver\Src\stm32f1xx_hal_pcd.o
HAL_PCD_GetState                                  src\lib\STM32F1xx_HAL_Driver\Src\stm32f1xx_hal_pcd.o
HAL_PCD_IRQHandler                                src\lib\STM32F1xx_HAL_Driver\Src\stm32f1xx_hal_pcd.o
HAL_PCD_ISOINIncompleteCallback                   src\lib\STM32F1xx_HAL_Driver\Src\stm32f1xx_hal_pcd.o
HAL_PCD_ISOOUTIncompleteCallback                  src\lib\STM32F1xx_HAL_Driver\Src\stm32f1xx_hal_pcd.o
HAL_PCD_Init                                      src\lib\STM32F1xx_HAL_Driver\Src\stm32f1xx_hal_pcd.o
HAL_PCD_MspDeInit                                 src\lib\STM32F1xx_HAL_Driver\Src\stm32f1xx_hal_pcd.o
HAL_PCD_MspInit                                   src\lib\STM32F1xx_HAL_Driver\Src\stm32f1xx_hal_pcd.o
HAL_PCD_ResetCallback                             src\lib\STM32F1xx_HAL_Driver\Src\stm32f1xx_hal_pcd.o
HAL_PCD_ResumeCallback                            src\lib\STM32F1xx_HAL_Driver\Src\stm32f1xx_hal_pcd.o
HAL_PCD_SOFCallback                               src\lib\STM32F1xx_HAL_Driver\Src\stm32f1xx_hal_pcd.o
HAL_PCD_SetAddress                                src\lib\STM32F1xx_HAL_Driver\Src\stm32f1xx_hal_pcd.o
HAL_PCD_SetupStageCallback                        src\lib\STM32F1xx_HAL_Driver\Src\stm32f1xx_hal_pcd.o
HAL_PCD_Start                                     src\lib\STM32F1xx_HAL_Driver\Src\stm32f1xx_hal_pcd.o
HAL_PCD_Stop                                      src\lib\STM32F1xx_HAL_Driver\Src\stm32f1xx_hal_pcd.o
HAL_PCD_SuspendCallback                           src\lib\STM32F1xx_HAL_Driver\Src\stm32f1xx_hal_pcd.o
HAL_PWR_ConfigPVD                                 src\lib\STM32F1xx_HAL_Driver\Src\stm32f1xx_hal_pwr.o
HAL_PWR_DeInit                                    src\lib\STM32F1xx_HAL_Driver\Src\stm32f1xx_hal_pwr.o
HAL_PWR_DisableBkUpAccess                         src\lib\STM32F1xx_HAL_Driver\Src\stm32f1xx_hal_pwr.o
HAL_PWR_DisablePVD                                src\lib\STM32F1xx_HAL_Driver\Src\stm32f1xx_hal_pwr.o
HAL_PWR_DisableSEVOnPend                          src\lib\STM32F1xx_HAL_Driver\Src\stm32f1xx_hal_pwr.o
HAL_PWR_DisableSleepOnExit                        src\lib\STM32F1xx_HAL_Driver\Src\stm32f1xx_hal_pwr.o
HAL_PWR_DisableWakeUpPin                          src\lib\STM32F1xx_HAL_Driver\Src\stm32f1xx_hal_pwr.o
HAL_PWR_EnableBkUpAccess                          src\lib\STM32F1xx_HAL_Driver\Src\stm32f1xx_hal_pwr.o
HAL_PWR_EnablePVD                                 src\lib\STM32F1xx_HAL_Driver\Src\stm32f1xx_hal_pwr.o
HAL_PWR_EnableSEVOnPend                           src\lib\STM32F1xx_HAL_Driver\Src\stm32f1xx_hal_pwr.o
HAL_PWR_EnableSleepOnExit                         src\lib\STM32F1xx_HAL_Driver\Src\stm32f1xx_hal_pwr.o
HAL_PWR_EnableWakeUpPin                           src\lib\STM32F1xx_HAL_Driver\Src\stm32f1xx_hal_pwr.o
HAL_PWR_EnterSLEEPMode                            src\lib\STM32F1xx_HAL_Driver\Src\stm32f1xx_hal_pwr.o
HAL_PWR_EnterSTANDBYMode                          src\lib\STM32F1xx_HAL_Driver\Src\stm32f1xx_hal_pwr.o
HAL_PWR_EnterSTOPMode                             src\lib\STM32F1xx_HAL_Driver\Src\stm32f1xx_hal_pwr.o
HAL_PWR_PVDCallback                               src\lib\STM32F1xx_HAL_Driver\Src\stm32f1xx_hal_pwr.o
HAL_PWR_PVD_IRQHandler                            src\lib\STM32F1xx_HAL_Driver\Src\stm32f1xx_hal_pwr.o
HAL_RCCEx_GetPeriphCLKConfig                      src\lib\STM32F1xx_HAL_Driver\Src\stm32f1xx_hal_rcc_ex.o
HAL_RCCEx_GetPeriphCLKFreq                        src\lib\STM32F1xx_HAL_Driver\Src\stm32f1xx_hal_rcc_ex.o
                                                  src\lib\STM32F1xx_HAL_Driver\Src\stm32f1xx_hal_rtc.o
                                                  src\lib\STM32F1xx_HAL_Driver\Src\stm32f1xx_hal_adc_ex.o
                                                  src\lib\STM32F1xx_HAL_Driver\Src\stm32f1xx_hal_adc.o
HAL_RCCEx_PeriphCLKConfig                         src\lib\STM32F1xx_HAL_Driver\Src\stm32f1xx_hal_rcc_ex.o
HAL_RCC_CSSCallback                               src\lib\STM32F1xx_HAL_Driver\Src\stm32f1xx_hal_rcc.o
HAL_RCC_ClockConfig                               src\lib\STM32F1xx_HAL_Driver\Src\stm32f1xx_hal_rcc.o
                                                  src\bsp\bsp.o
HAL_RCC_DeInit                                    src\lib\STM32F1xx_HAL_Driver\Src\stm32f1xx_hal_rcc.o
HAL_RCC_DisableCSS                                src\lib\STM32F1xx_HAL_Driver\Src\stm32f1xx_hal_rcc.o
HAL_RCC_EnableCSS                                 src\lib\STM32F1xx_HAL_Driver\Src\stm32f1xx_hal_rcc.o