12:34:21 **** Clean-only build of configuration Debug for project 01_LED ****
rm -rf src/lib/STM32F1xx_HAL_Driver/Src/stm32f1xx_hal_gpio_ex.d src/bsp/startup/startup_stm32f103xb.o src/lib/STM32F1xx_HAL_Driver/Src/stm32f1xx_hal_gpio_ex.o src/lib/STM32F1xx_HAL_Driver/Src/stm32f1xx_hal_crc.o src/lib/STM32F1xx_HAL_Driver/Src/stm32f1xx_ll_dac.d src/lib/STM32F1xx_HAL_Driver/Src/stm32f1xx_hal_crc.d src/lib/STM32F1xx_HAL_Driver/Src/stm32f1xx_hal_hcd.o src/lib/STM32F1xx_HAL_Driver/Src/stm32f1xx_hal_irda.o src/lib/STM32F1xx_HAL_Driver/Src/stm32f1xx_hal_dma.o src/lib/STM32F1xx_HAL_Driver/Src/stm32f1xx_hal_dma.d src/lib/STM32F1xx_HAL_Driver/Src/stm32f1xx_hal_irda.d src/lib/STM32F1xx_HAL_Driver/Src/stm32f1xx_hal_rtc_ex.d src/lib/STM32F1xx_HAL_Driver/Src/stm32f1xx_hal_rtc_ex.o src/lib/STM32F1xx_HAL_Driver/Src/stm32f1xx_ll_dac.o src/ap/ap.o src/lib/STM32F1xx_HAL_Driver/Src/stm32f1xx_ll_adc.d src/lib/STM32F1xx_HAL_Driver/Src/stm32f1xx_hal_gpio.o src/lib/STM32F1xx_HAL_Driver/Src/stm32f1xx_ll_sdmmc.d src/bsp/cmsis/system_stm32f1xx.d src/lib/STM32F1xx_HAL_Driver/Src/stm32f1xx_hal_cec.o src/ap/ap.d src/lib/STM32F1xx_HAL_Driver/Src/stm32f1xx_hal_tim_ex.o src/lib/STM32F1xx_HAL_Driver/Src/stm32f1xx_hal_wwdg.o src/lib/STM32F1xx_HAL_Driver/Src/stm32f1xx_hal_dac.o src/lib/STM32F1xx_HAL_Driver/Src/stm32f1xx_hal_wwdg.d src/lib/STM32F1xx_HAL_Driver/Src/stm32f1xx_ll_sdmmc.o src/bsp/cmsis/system_stm32f1xx.o src/lib/STM32F1xx_HAL_Driver/Src/stm32f1xx_hal_gpio.d src/lib/STM32F1xx_HAL_Driver/Src/stm32f1xx_hal_iwdg.o src/lib/STM32F1xx_HAL_Driver/Src/stm32f1xx_ll_exti.d src/lib/STM32F1xx_HAL_Driver/Src/stm32f1xx_ll_gpio.o src/lib/STM32F1xx_HAL_Driver/Src/stm32f1xx_ll_i2c.d src/lib/STM32F1xx_HAL_Driver/Src/stm32f1xx_hal_rcc.d src/lib/STM32F1xx_HAL_Driver/Src/stm32f1xx_ll_crc.o src/main.o src/lib/STM32F1xx_HAL_Driver/Src/stm32f1xx_hal_iwdg.d src/lib/STM32F1xx_HAL_Driver/Src/stm32f1xx_hal_hcd.d src/lib/STM32F1xx_HAL_Driver/Src/stm32f1xx_ll_i2c.o src/lib/STM32F1xx_HAL_Driver/Src/stm32f1xx_hal_rcc.o src/lib/STM32F1xx_HAL_Driver/Src/stm32f1xx_ll_exti.o src/lib/STM32F1xx_HAL_Driver/Src/stm32f1xx_ll_gpio.d src/lib/STM32F1xx_HAL_Driver/Src/stm32f1xx_ll_crc.d src/lib/STM32F1xx_HAL_Driver/Src/stm32f1xx_hal_i2c.d src/lib/STM32F1xx_HAL_Driver/Src/stm32f1xx_hal.d src/lib/STM32F1xx_HAL_Driver/Src/stm32f1xx_ll_usart.o src/lib/STM32F1xx_HAL_Driver/Src/stm32f1xx_hal.o src/bsp/stm32f1xx_it.d src/lib/STM32F1xx_HAL_Driver/Src/stm32f1xx_hal_i2c.o src/lib/STM32F1xx_HAL_Driver/Src/stm32f1xx_hal_i2s.d src/lib/STM32F1xx_HAL_Driver/Src/stm32f1xx_hal_cortex.d src/lib/STM32F1xx_HAL_Driver/Src/stm32f1xx_hal_rcc_ex.o src/bsp/stm32f1xx_it.o src/lib/STM32F1xx_HAL_Driver/Src/stm32f1xx_hal_cortex.o src/lib/STM32F1xx_HAL_Driver/Src/stm32f1xx_hal_rcc_ex.d src/main.d src/lib/STM32F1xx_HAL_Driver/Src/stm32f1xx_hal_i2s.o src/lib/STM32F1xx_HAL_Driver/Src/stm32f1xx_hal_flash.d src/lib/STM32F1xx_HAL_Driver/Src/stm32f1xx_hal_adc.d src/lib/STM32F1xx_HAL_Driver/Src/stm32f1xx_hal_flash.o src/lib/STM32F1xx_HAL_Driver/Src/stm32f1xx_hal_mmc.d 01_LED src/lib/STM32F1xx_HAL_Driver/Src/stm32f1xx_ll_rcc.o src/lib/STM32F1xx_HAL_Driver/Src/stm32f1xx_hal_adc.o src/lib/STM32F1xx_HAL_Driver/Src/stm32f1xx_ll_adc.o 01_LED.elf src/lib/STM32F1xx_HAL_Driver/Src/stm32f1xx_hal_flash_ex.o src/lib/STM32F1xx_HAL_Driver/Src/stm32f1xx_ll_usart.d src/lib/STM32F1xx_HAL_Driver/Src/stm32f1xx_ll_rcc.d src/lib/STM32F1xx_HAL_Driver/Src/stm32f1xx_hal_flash_ex.d src/lib/STM32F1xx_HAL_Driver/Src/stm32f1xx_ll_rtc.d src/lib/STM32F1xx_HAL_Driver/Src/stm32f1xx_hal_mmc.o src/lib/STM32F1xx_HAL_Driver/Src/stm32f1xx_hal_pcd_ex.o src/lib/STM32F1xx_HAL_Driver/Src/stm32f1xx_hal_pcd_ex.d src/lib/STM32F1xx_HAL_Driver/Src/stm32f1xx_hal_sram.d src/lib/STM32F1xx_HAL_Driver/Src/stm32f1xx_hal_sd.d src/lib/STM32F1xx_HAL_Driver/Src/stm32f1xx_hal_pccard.o src/lib/STM32F1xx_HAL_Driver/Src/stm32f1xx_hal_pwr.d src/lib/STM32F1xx_HAL_Driver/Src/stm32f1xx_hal_sram.o src/lib/STM32F1xx_HAL_Driver/Src/stm32f1xx_hal_sd.o src/lib/STM32F1xx_HAL_Driver/Src/stm32f1xx_hal_pccard.d src/lib/STM32F1xx_HAL_Driver/Src/stm32f1xx_hal_smartcard.o src/lib/STM32F1xx_HAL_Driver/Src/stm32f1xx_hal_can.o src/lib/STM32F1xx_HAL_Driver/Src/stm32f1xx_hal_nand.o src/lib/STM32F1xx_HAL_Driver/Src/stm32f1xx_ll_dma.o src/lib/STM32F1xx_HAL_Driver/Src/stm32f1xx_hal_rtc.o src/hw/hw.o src/lib/STM32F1xx_HAL_Driver/Src/stm32f1xx_hal_spi_ex.d src/lib/STM32F1xx_HAL_Driver/Src/stm32f1xx_hal_can.d src/lib/STM32F1xx_HAL_Driver/Src/stm32f1xx_ll_dma.d src/lib/STM32F1xx_HAL_Driver/Src/stm32f1xx_hal_smartcard.d src/lib/STM32F1xx_HAL_Driver/Src/stm32f1xx_hal_nand.d src/lib/STM32F1xx_HAL_Driver/Src/stm32f1xx_hal_spi_ex.o src/hw/hw.d src/lib/STM32F1xx_HAL_Driver/Src/stm32f1xx_hal_dac.d src/lib/STM32F1xx_HAL_Driver/Src/stm32f1xx_ll_rtc.o src/lib/STM32F1xx_HAL_Driver/Src/stm32f1xx_hal_uart.d src/lib/STM32F1xx_HAL_Driver/Src/stm32f1xx_hal_tim_ex.d src/lib/STM32F1xx_HAL_Driver/Src/stm32f1xx_hal_rtc.d src/lib/STM32F1xx_HAL_Driver/Src/stm32f1xx_hal_cec.d src/lib/STM32F1xx_HAL_Driver/Src/stm32f1xx_hal_uart.o src/lib/STM32F1xx_HAL_Driver/Src/stm32f1xx_ll_tim.o src/lib/STM32F1xx_HAL_Driver/Src/stm32f1xx_hal_dac_ex.d src/lib/STM32F1xx_HAL_Driver/Src/stm32f1xx_ll_tim.d src/lib/STM32F1xx_HAL_Driver/Src/stm32f1xx_hal_dac_ex.o src/lib/STM32F1xx_HAL_Driver/Src/stm32f1xx_ll_pwr.o src/lib/STM32F1xx_HAL_Driver/Src/stm32f1xx_hal_nor.d src/lib/STM32F1xx_HAL_Driver/Src/stm32f1xx_ll_pwr.d src/lib/STM32F1xx_HAL_Driver/Src/stm32f1xx_hal_adc_ex.o src/lib/STM32F1xx_HAL_Driver/Src/stm32f1xx_hal_usart.o src/lib/STM32F1xx_HAL_Driver/Src/stm32f1xx_hal_adc_ex.d src/lib/STM32F1xx_HAL_Driver/Src/stm32f1xx_hal_nor.o src/lib/STM32F1xx_HAL_Driver/Src/stm32f1xx_ll_utils.o src/lib/STM32F1xx_HAL_Driver/Src/stm32f1xx_hal_pcd.d src/lib/STM32F1xx_HAL_Driver/Src/stm32f1xx_hal_pwr.o src/lib/STM32F1xx_HAL_Driver/Src/stm32f1xx_ll_usb.d src/bsp/bsp.d src/lib/STM32F1xx_HAL_Driver/Src/stm32f1xx_hal_usart.d src/lib/STM32F1xx_HAL_Driver/Src/stm32f1xx_ll_fsmc.d src/lib/STM32F1xx_HAL_Driver/Src/stm32f1xx_hal_pcd.o src/lib/STM32F1xx_HAL_Driver/Src/stm32f1xx_hal_spi.d src/lib/STM32F1xx_HAL_Driver/Src/stm32f1xx_ll_utils.d src/bsp/bsp.o src/lib/STM32F1xx_HAL_Driver/Src/stm32f1xx_hal_spi.o src/lib/STM32F1xx_HAL_Driver/Src/stm32f1xx_ll_fsmc.o src/lib/STM32F1xx_HAL_Driver/Src/stm32f1xx_hal_eth.o src/lib/STM32F1xx_HAL_Driver/Src/stm32f1xx_hal_tim.o src/lib/STM32F1xx_HAL_Driver/Src/stm32f1xx_ll_spi.d src/lib/STM32F1xx_HAL_Driver/Src/stm32f1xx_hal_tim.d src/lib/STM32F1xx_HAL_Driver/Src/stm32f1xx_ll_usb.o src/lib/STM32F1xx_HAL_Driver/Src/stm32f1xx_hal_eth.d src/lib/STM32F1xx_HAL_Driver/Src/stm32f1xx_ll_spi.o 
12:34:24 **** Rebuild of configuration Debug for project 01_LED ****
Info: Internal Builder is used for build
arm-atollic-eabi-gcc -c ..\src\lib\STM32F1xx_HAL_Driver\Src\stm32f1xx_ll_exti.c -mthumb -mcpu=cortex-m3 -std=gnu11 -DSTM32F103xB -ID:\Project_NucleoF103RB\01_LED\src -ID:\Project_NucleoF103RB\01_LED\src\bsp\cmsis -ID:\Project_NucleoF103RB\01_LED\src\bsp\cmsis\Include -ID:\Project_NucleoF103RB\01_LED\src\lib\STM32F1xx_HAL_Driver\Inc -ID:\Project_NucleoF103RB\01_LED\src\ap -ID:\Project_NucleoF103RB\01_LED\src\bsp -ID:\Project_NucleoF103RB\01_LED\src\common -ID:\Project_NucleoF103RB\01_LED\src\hw -ID:\Project_NucleoF103RB\01_LED\src\lib -Og -g -fstack-usage -Wall -specs=nano.specs -o src\lib\STM32F1xx_HAL_Driver\Src\stm32f1xx_ll_exti.o 
arm-atollic-eabi-gcc -c ..\src\lib\STM32F1xx_HAL_Driver\Src\stm32f1xx_hal_can.c -mthumb -mcpu=cortex-m3 -std=gnu11 -DSTM32F103xB -ID:\Project_NucleoF103RB\01_LED\src -ID:\Project_NucleoF103RB\01_LED\src\bsp\cmsis -ID:\Project_NucleoF103RB\01_LED\src\bsp\cmsis\Include -ID:\Project_NucleoF103RB\01_LED\src\lib\STM32F1xx_HAL_Driver\Inc -ID:\Project_NucleoF103RB\01_LED\src\ap -ID:\Project_NucleoF103RB\01_LED\src\bsp -ID:\Project_NucleoF103RB\01_LED\src\common -ID:\Project_NucleoF103RB\01_LED\src\hw -ID:\Project_NucleoF103RB\01_LED\src\lib -Og -g -fstack-usage -Wall -specs=nano.specs -o src\lib\STM32F1xx_HAL_Driver\Src\stm32f1xx_hal_can.o 
arm-atollic-eabi-gcc -c ..\src\lib\STM32F1xx_HAL_Driver\Src\stm32f1xx_hal_pcd.c -mthumb -mcpu=cortex-m3 -std=gnu11 -DSTM32F103xB -ID:\Project_NucleoF103RB\01_LED\src -ID:\Project_NucleoF103RB\01_LED\src\bsp\cmsis -ID:\Project_NucleoF103RB\01_LED\src\bsp\cmsis\Include -ID:\Project_NucleoF103RB\01_LED\src\lib\STM32F1xx_HAL_Driver\Inc -ID:\Project_NucleoF103RB\01_LED\src\ap -ID:\Project_NucleoF103RB\01_LED\src\bsp -ID:\Project_NucleoF103RB\01_LED\src\common -ID:\Project_NucleoF103RB\01_LED\src\hw -ID:\Project_NucleoF103RB\01_LED\src\lib -Og -g -fstack-usage -Wall -specs=nano.specs -o src\lib\STM32F1xx_HAL_Driver\Src\stm32f1xx_hal_pcd.o 
arm-atollic-eabi-gcc -c ..\src\lib\STM32F1xx_HAL_Driver\Src\stm32f1xx_hal_nor.c -mthumb -mcpu=cortex-m3 -std=gnu11 -DSTM32F103xB -ID:\Project_NucleoF103RB\01_LED\src -ID:\Project_NucleoF103RB\01_LED\src\bsp\cmsis -ID:\Project_NucleoF103RB\01_LED\src\bsp\cmsis\Include -ID:\Project_NucleoF103RB\01_LED\src\lib\STM32F1xx_HAL_Driver\Inc -ID:\Project_NucleoF103RB\01_LED\src\ap -ID:\Project_NucleoF103RB\01_LED\src\bsp -ID:\Project_NucleoF103RB\01_LED\src\common -ID:\Project_NucleoF103RB\01_LED\src\hw -ID:\Project_NucleoF103RB\01_LED\src\lib -Og -g -fstack-usage -Wall -specs=nano.specs -o src\lib\STM32F1xx_HAL_Driver\Src\stm32f1xx_hal_nor.o 
arm-atollic-eabi-gcc -c ..\src\lib\STM32F1xx_HAL_Driver\Src\stm32f1xx_hal_spi_ex.c -mthumb -mcpu=cortex-m3 -std=gnu11 -DSTM32F103xB -ID:\Project_NucleoF103RB\01_LED\src -ID:\Project_NucleoF103RB\01_LED\src\bsp\cmsis -ID:\Project_NucleoF103RB\01_LED\src\bsp\cmsis\Include -ID:\Project_NucleoF103RB\01_LED\src\lib\STM32F1xx_HAL_Driver\Inc -ID:\Project_NucleoF103RB\01_LED\src\ap -ID:\Project_NucleoF103RB\01_LED\src\bsp -ID:\Project_NucleoF103RB\01_LED\src\common -ID:\Project_NucleoF103RB\01_LED\src\hw -ID:\Project_NucleoF103RB\01_LED\src\lib -Og -g -fstack-usage -Wall -specs=nano.specs -o src\lib\STM32F1xx_HAL_Driver\Src\stm32f1xx_hal_spi_ex.o 
arm-atollic-eabi-gcc -c ..\src\lib\STM32F1xx_HAL_Driver\Src\stm32f1xx_hal_flash_ex.c -mthumb -mcpu=cortex-m3 -std=gnu11 -DSTM32F103xB -ID:\Project_NucleoF103RB\01_LED\src -ID:\Project_NucleoF103RB\01_LED\src\bsp\cmsis -ID:\Project_NucleoF103RB\01_LED\src\bsp\cmsis\Include -ID:\Project_NucleoF103RB\01_LED\src\lib\STM32F1xx_HAL_Driver\Inc -ID:\Project_NucleoF103RB\01_LED\src\ap -ID:\Project_NucleoF103RB\01_LED\src\bsp -ID:\Project_NucleoF103RB\01_LED\src\common -ID:\Project_NucleoF103RB\01_LED\src\hw -ID:\Project_NucleoF103RB\01_LED\src\lib -Og -g -fstack-usage -Wall -specs=nano.specs -o src\lib\STM32F1xx_HAL_Driver\Src\stm32f1xx_hal_flash_ex.o 
arm-atollic-eabi-gcc -c ..\src\lib\STM32F1xx_HAL_Driver\Src\stm32f1xx_hal_i2s.c -mthumb -mcpu=cortex-m3 -std=gnu11 -DSTM32F103xB -ID:\Project_NucleoF103RB\01_LED\src -ID:\Project_NucleoF103RB\01_LED\src\bsp\cmsis -ID:\Project_NucleoF103RB\01_LED\src\bsp\cmsis\Include -ID:\Project_NucleoF103RB\01_LED\src\lib\STM32F1xx_HAL_Driver\Inc -ID:\Project_NucleoF103RB\01_LED\src\ap -ID:\Project_NucleoF103RB\01_LED\src\bsp -ID:\Project_NucleoF103RB\01_LED\src\common -ID:\Project_NucleoF103RB\01_LED\src\hw -ID:\Project_NucleoF103RB\01_LED\src\lib -Og -g -fstack-usage -Wall -specs=nano.specs -o src\lib\STM32F1xx_HAL_Driver\Src\stm32f1xx_hal_i2s.o 
arm-atollic-eabi-gcc -c ..\src\lib\STM32F1xx_HAL_Driver\Src\stm32f1xx_hal_dma.c -mthumb -mcpu=cortex-m3 -std=gnu11 -DSTM32F103xB -ID:\Project_NucleoF103RB\01_LED\src -ID:\Project_NucleoF103RB\01_LED\src\bsp\cmsis -ID:\Project_NucleoF103RB\01_LED\src\bsp\cmsis\Include -ID:\Project_NucleoF103RB\01_LED\src\lib\STM32F1xx_HAL_Driver\Inc -ID:\Project_NucleoF103RB\01_LED\src\ap -ID:\Project_NucleoF103RB\01_LED\src\bsp -ID:\Project_NucleoF103RB\01_LED\src\common -ID:\Project_NucleoF103RB\01_LED\src\hw -ID:\Project_NucleoF103RB\01_LED\src\lib -Og -g -fstack-usage -Wall -specs=nano.specs -o src\lib\STM32F1xx_HAL_Driver\Src\stm32f1xx_hal_dma.o 
arm-atollic-eabi-gcc -c ..\src\lib\STM32F1xx_HAL_Driver\Src\stm32f1xx_ll_tim.c -mthumb -mcpu=cortex-m3 -std=gnu11 -DSTM32F103xB -ID:\Project_NucleoF103RB\01_LED\src -ID:\Project_NucleoF103RB\01_LED\src\bsp\cmsis -ID:\Project_NucleoF103RB\01_LED\src\bsp\cmsis\Include -ID:\Project_NucleoF103RB\01_LED\src\lib\STM32F1xx_HAL_Driver\Inc -ID:\Project_NucleoF103RB\01_LED\src\ap -ID:\Project_NucleoF103RB\01_LED\src\bsp -ID:\Project_NucleoF103RB\01_LED\src\common -ID:\Project_NucleoF103RB\01_LED\src\hw -ID:\Project_NucleoF103RB\01_LED\src\lib -Og -g -fstack-usage -Wall -specs=nano.specs -o src\lib\STM32F1xx_HAL_Driver\Src\stm32f1xx_ll_tim.o 
arm-atollic-eabi-gcc -c ..\src\lib\STM32F1xx_HAL_Driver\Src\stm32f1xx_hal_pccard.c -mthumb -mcpu=cortex-m3 -std=gnu11 -DSTM32F103xB -ID:\Project_NucleoF103RB\01_LED\src -ID:\Project_NucleoF103RB\01_LED\src\bsp\cmsis -ID:\Project_NucleoF103RB\01_LED\src\bsp\cmsis\Include -ID:\Project_NucleoF103RB\01_LED\src\lib\STM32F1xx_HAL_Driver\Inc -ID:\Project_NucleoF103RB\01_LED\src\ap -ID:\Project_NucleoF103RB\01_LED\src\bsp -ID:\Project_NucleoF103RB\01_LED\src\common -ID:\Project_NucleoF103RB\01_LED\src\hw -ID:\Project_NucleoF103RB\01_LED\src\lib -Og -g -fstack-usage -Wall -specs=nano.specs -o src\lib\STM32F1xx_HAL_Driver\Src\stm32f1xx_hal_pccard.o 
arm-atollic-eabi-gcc -c ..\src\lib\STM32F1xx_HAL_Driver\Src\stm32f1xx_hal_spi.c -mthumb -mcpu=cortex-m3 -std=gnu11 -DSTM32F103xB -ID:\Project_NucleoF103RB\01_LED\src -ID:\Project_NucleoF103RB\01_LED\src\bsp\cmsis -ID:\Project_NucleoF103RB\01_LED\src\bsp\cmsis\Include -ID:\Project_NucleoF103RB\01_LED\src\lib\STM32F1xx_HAL_Driver\Inc -ID:\Project_NucleoF103RB\01_LED\src\ap -ID:\Project_NucleoF103RB\01_LED\src\bsp -ID:\Project_NucleoF103RB\01_LED\src\common -ID:\Project_NucleoF103RB\01_LED\src\hw -ID:\Project_NucleoF103RB\01_LED\src\lib -Og -g -fstack-usage -Wall -specs=nano.specs -o src\lib\STM32F1xx_HAL_Driver\Src\stm32f1xx_hal_spi.o 
arm-atollic-eabi-gcc -c ..\src\lib\STM32F1xx_HAL_Driver\Src\stm32f1xx_hal_sd.c -mthumb -mcpu=cortex-m3 -std=gnu11 -DSTM32F103xB -ID:\Project_NucleoF103RB\01_LED\src -ID:\Project_NucleoF103RB\01_LED\src\bsp\cmsis -ID:\Project_NucleoF103RB\01_LED\src\bsp\cmsis\Include -ID:\Project_NucleoF103RB\01_LED\src\lib\STM32F1xx_HAL_Driver\Inc -ID:\Project_NucleoF103RB\01_LED\src\ap -ID:\Project_NucleoF103RB\01_LED\src\bsp -ID:\Project_NucleoF103RB\01_LED\src\common -ID:\Project_NucleoF103RB\01_LED\src\hw -ID:\Project_NucleoF103RB\01_LED\src\lib -Og -g -fstack-usage -Wall -specs=nano.specs -o src\lib\STM32F1xx_HAL_Driver\Src\stm32f1xx_hal_sd.o 
arm-atollic-eabi-gcc -c ..\src\main.c -mthumb -mcpu=cortex-m3 -std=gnu11 -DSTM32F103xB -ID:\Project_NucleoF103RB\01_LED\src -ID:\Project_NucleoF103RB\01_LED\src\bsp\cmsis -ID:\Project_NucleoF103RB\01_LED\src\bsp\cmsis\Include -ID:\Project_NucleoF103RB\01_LED\src\lib\STM32F1xx_HAL_Driver\Inc -ID:\Project_NucleoF103RB\01_LED\src\ap -ID:\Project_NucleoF103RB\01_LED\src\bsp -ID:\Project_NucleoF103RB\01_LED\src\common -ID:\Project_NucleoF103RB\01_LED\src\hw -ID:\Project_NucleoF103RB\01_LED\src\lib -Og -g -fstack-usage -Wall -specs=nano.specs -o src\main.o 
arm-atollic-eabi-gcc -c ..\src\bsp\cmsis\system_stm32f1xx.c -mthumb -mcpu=cortex-m3 -std=gnu11 -DSTM32F103xB -ID:\Project_NucleoF103RB\01_LED\src -ID:\Project_NucleoF103RB\01_LED\src\bsp\cmsis -ID:\Project_NucleoF103RB\01_LED\src\bsp\cmsis\Include -ID:\Project_NucleoF103RB\01_LED\src\lib\STM32F1xx_HAL_Driver\Inc -ID:\Project_NucleoF103RB\01_LED\src\ap -ID:\Project_NucleoF103RB\01_LED\src\bsp -ID:\Project_NucleoF103RB\01_LED\src\common -ID:\Project_NucleoF103RB\01_LED\src\hw -ID:\Project_NucleoF103RB\01_LED\src\lib -Og -g -fstack-usage -Wall -specs=nano.specs -o src\bsp\cmsis\system_stm32f1xx.o 
arm-atollic-eabi-gcc -c ..\src\lib\STM32F1xx_HAL_Driver\Src\stm32f1xx_ll_crc.c -mthumb -mcpu=cortex-m3 -std=gnu11 -DSTM32F103xB -ID:\Project_NucleoF103RB\01_LED\src -ID:\Project_NucleoF103RB\01_LED\src\bsp\cmsis -ID:\Project_NucleoF103RB\01_LED\src\bsp\cmsis\Include -ID:\Project_NucleoF103RB\01_LED\src\lib\STM32F1xx_HAL_Driver\Inc -ID:\Project_NucleoF103RB\01_LED\src\ap -ID:\Project_NucleoF103RB\01_LED\src\bsp -ID:\Project_NucleoF103RB\01_LED\src\common -ID:\Project_NucleoF103RB\01_LED\src\hw -ID:\Project_NucleoF103RB\01_LED\src\lib -Og -g -fstack-usage -Wall -specs=nano.specs -o src\lib\STM32F1xx_HAL_Driver\Src\stm32f1xx_ll_crc.o 
arm-atollic-eabi-gcc -c ..\src\lib\STM32F1xx_HAL_Driver\Src\stm32f1xx_ll_usart.c -mthumb -mcpu=cortex-m3 -std=gnu11 -DSTM32F103xB -ID:\Project_NucleoF103RB\01_LED\src -ID:\Project_NucleoF103RB\01_LED\src\bsp\cmsis -ID:\Project_NucleoF103RB\01_LED\src\bsp\cmsis\Include -ID:\Project_NucleoF103RB\01_LED\src\lib\STM32F1xx_HAL_Driver\Inc -ID:\Project_NucleoF103RB\01_LED\src\ap -ID:\Project_NucleoF103RB\01_LED\src\bsp -ID:\Project_NucleoF103RB\01_LED\src\common -ID:\Project_NucleoF103RB\01_LED\src\hw -ID:\Project_NucleoF103RB\01_LED\src\lib -Og -g -fstack-usage -Wall -specs=nano.specs -o src\lib\STM32F1xx_HAL_Driver\Src\stm32f1xx_ll_usart.o 
arm-atollic-eabi-gcc -c ..\src\lib\STM32F1xx_HAL_Driver\Src\stm32f1xx_ll_fsmc.c -mthumb -mcpu=cortex-m3 -std=gnu11 -DSTM32F103xB -ID:\Project_NucleoF103RB\01_LED\src -ID:\Project_NucleoF103RB\01_LED\src\bsp\cmsis -ID:\Project_NucleoF103RB\01_LED\src\bsp\cmsis\Include -ID:\Project_NucleoF103RB\01_LED\src\lib\STM32F1xx_HAL_Driver\Inc -ID:\Project_NucleoF103RB\01_LED\src\ap -ID:\Project_NucleoF103RB\01_LED\src\bsp -ID:\Project_NucleoF103RB\01_LED\src\common -ID:\Project_NucleoF103RB\01_LED\src\hw -ID:\Project_NucleoF103RB\01_LED\src\lib -Og -g -fstack-usage -Wall -specs=nano.specs -o src\lib\STM32F1xx_HAL_Driver\Src\stm32f1xx_ll_fsmc.o 
arm-atollic-eabi-gcc -c ..\src\lib\STM32F1xx_HAL_Driver\Src\stm32f1xx_hal_gpio.c -mthumb -mcpu=cortex-m3 -std=gnu11 -DSTM32F103xB -ID:\Project_NucleoF103RB\01_LED\src -ID:\Project_NucleoF103RB\01_LED\src\bsp\cmsis -ID:\Project_NucleoF103RB\01_LED\src\bsp\cmsis\Include -ID:\Project_NucleoF103RB\01_LED\src\lib\STM32F1xx_HAL_Driver\Inc -ID:\Project_NucleoF103RB\01_LED\src\ap -ID:\Project_NucleoF103RB\01_LED\src\bsp -ID:\Project_NucleoF103RB\01_LED\src\common -ID:\Project_NucleoF103RB\01_LED\src\hw -ID:\Project_NucleoF103RB\01_LED\src\lib -Og -g -fstack-usage -Wall -specs=nano.specs -o src\lib\STM32F1xx_HAL_Driver\Src\stm32f1xx_hal_gpio.o 
arm-atollic-eabi-gcc -c ..\src\lib\STM32F1xx_HAL_Driver\Src\stm32f1xx_ll_usb.c -mthumb -mcpu=cortex-m3 -std=gnu11 -DSTM32F103xB -ID:\Project_NucleoF103RB\01_LED\src -ID:\Project_NucleoF103RB\01_LED\src\bsp\cmsis -ID:\Project_NucleoF103RB\01_LED\src\bsp\cmsis\Include -ID:\Project_NucleoF103RB\01_LED\src\lib\STM32F1xx_HAL_Driver\Inc -ID:\Project_NucleoF103RB\01_LED\src\ap -ID:\Project_NucleoF103RB\01_LED\src\bsp -ID:\Project_NucleoF103RB\01_LED\src\common -ID:\Project_NucleoF103RB\01_LED\src\hw -ID:\Project_NucleoF103RB\01_LED\src\lib -Og -g -fstack-usage -Wall -specs=nano.specs -o src\lib\STM32F1xx_HAL_Driver\Src\stm32f1xx_ll_usb.o 
arm-atollic-eabi-gcc -c ..\src\lib\STM32F1xx_HAL_Driver\Src\stm32f1xx_hal_dac.c -mthumb -mcpu=cortex-m3 -std=gnu11 -DSTM32F103xB -ID:\Project_NucleoF103RB\01_LED\src -ID:\Project_NucleoF103RB\01_LED\src\bsp\cmsis -ID:\Project_NucleoF103RB\01_LED\src\bsp\cmsis\Include -ID:\Project_NucleoF103RB\01_LED\src\lib\STM32F1xx_HAL_Driver\Inc -ID:\Project_NucleoF103RB\01_LED\src\ap -ID:\Project_NucleoF103RB\01_LED\src\bsp -ID:\Project_NucleoF103RB\01_LED\src\common -ID:\Project_NucleoF103RB\01_LED\src\hw -ID:\Project_NucleoF103RB\01_LED\src\lib -Og -g -fstack-usage -Wall -specs=nano.specs -o src\lib\STM32F1xx_HAL_Driver\Src\stm32f1xx_hal_dac.o 
arm-atollic-eabi-gcc -c ..\src\lib\STM32F1xx_HAL_Driver\Src\stm32f1xx_hal_cortex.c -mthumb -mcpu=cortex-m3 -std=gnu11 -DSTM32F103xB -ID:\Project_NucleoF103RB\01_LED\src -ID:\Project_NucleoF103RB\01_LED\src\bsp\cmsis -ID:\Project_NucleoF103RB\01_LED\src\bsp\cmsis\Include -ID:\Project_NucleoF103RB\01_LED\src\lib\STM32F1xx_HAL_Driver\Inc -ID:\Project_NucleoF103RB\01_LED\src\ap -ID:\Project_NucleoF103RB\01_LED\src\bsp -ID:\Project_NucleoF103RB\01_LED\src\common -ID:\Project_NucleoF103RB\01_LED\src\hw -ID:\Project_NucleoF103RB\01_LED\src\lib -Og -g -fstack-usage -Wall -specs=nano.specs -o src\lib\STM32F1xx_HAL_Driver\Src\stm32f1xx_hal_cortex.o 
arm-atollic-eabi-gcc -c ..\src\lib\STM32F1xx_HAL_Driver\Src\stm32f1xx_hal_rtc_ex.c -mthumb -mcpu=cortex-m3 -std=gnu11 -DSTM32F103xB -ID:\Project_NucleoF103RB\01_LED\src -ID:\Project_NucleoF103RB\01_LED\src\bsp\cmsis -ID:\Project_NucleoF103RB\01_LED\src\bsp\cmsis\Include -ID:\Project_NucleoF103RB\01_LED\src\lib\STM32F1xx_HAL_Driver\Inc -ID:\Project_NucleoF103RB\01_LED\src\ap -ID:\Project_NucleoF103RB\01_LED\src\bsp -ID:\Project_NucleoF103RB\01_LED\src\common -ID:\Project_NucleoF103RB\01_LED\src\hw -ID:\Project_NucleoF103RB\01_LED\src\lib -Og -g -fstack-usage -Wall -specs=nano.specs -o src\lib\STM32F1xx_HAL_Driver\Src\stm32f1xx_hal_rtc_ex.o 
arm-atollic-eabi-gcc -c ..\src\lib\STM32F1xx_HAL_Driver\Src\stm32f1xx_hal_crc.c -mthumb -mcpu=cortex-m3 -std=gnu11 -DSTM32F103xB -ID:\Project_NucleoF103RB\01_LED\src -ID:\Project_NucleoF103RB\01_LED\src\bsp\cmsis -ID:\Project_NucleoF103RB\01_LED\src\bsp\cmsis\Include -ID:\Project_NucleoF103RB\01_LED\src\lib\STM32F1xx_HAL_Driver\Inc -ID:\Project_NucleoF103RB\01_LED\src\ap -ID:\Project_NucleoF103RB\01_LED\src\bsp -ID:\Project_NucleoF103RB\01_LED\src\common -ID:\Project_NucleoF103RB\01_LED\src\hw -ID:\Project_NucleoF103RB\01_LED\src\lib -Og -g -fstack-usage -Wall -specs=nano.specs -o src\lib\STM32F1xx_HAL_Driver\Src\stm32f1xx_hal_crc.o 
arm-atollic-eabi-gcc -c ..\src\hw\hw.c -mthumb -mcpu=cortex-m3 -std=gnu11 -DSTM32F103xB -ID:\Project_NucleoF103RB\01_LED\src -ID:\Project_NucleoF103RB\01_LED\src\bsp\cmsis -ID:\Project_NucleoF103RB\01_LED\src\bsp\cmsis\Include -ID:\Project_NucleoF103RB\01_LED\src\lib\STM32F1xx_HAL_Driver\Inc -ID:\Project_NucleoF103RB\01_LED\src\ap -ID:\Project_NucleoF103RB\01_LED\src\bsp -ID:\Project_NucleoF103RB\01_LED\src\common -ID:\Project_NucleoF103RB\01_LED\src\hw -ID:\Project_NucleoF103RB\01_LED\src\lib -Og -g -fstack-usage -Wall -specs=nano.specs -o src\hw\hw.o 
arm-atollic-eabi-gcc -c ..\src\lib\STM32F1xx_HAL_Driver\Src\stm32f1xx_hal_tim.c -mthumb -mcpu=cortex-m3 -std=gnu11 -DSTM32F103xB -ID:\Project_NucleoF103RB\01_LED\src -ID:\Project_NucleoF103RB\01_LED\src\bsp\cmsis -ID:\Project_NucleoF103RB\01_LED\src\bsp\cmsis\Include -ID:\Project_NucleoF103RB\01_LED\src\lib\STM32F1xx_HAL_Driver\Inc -ID:\Project_NucleoF103RB\01_LED\src\ap -ID:\Project_NucleoF103RB\01_LED\src\bsp -ID:\Project_NucleoF103RB\01_LED\src\common -ID:\Project_NucleoF103RB\01_LED\src\hw -ID:\Project_NucleoF103RB\01_LED\src\lib -Og -g -fstack-usage -Wall -specs=nano.specs -o src\lib\STM32F1xx_HAL_Driver\Src\stm32f1xx_hal_tim.o 
arm-atollic-eabi-gcc -c ..\src\lib\STM32F1xx_HAL_Driver\Src\stm32f1xx_hal_adc.c -mthumb -mcpu=cortex-m3 -std=gnu11 -DSTM32F103xB -ID:\Project_NucleoF103RB\01_LED\src -ID:\Project_NucleoF103RB\01_LED\src\bsp\cmsis -ID:\Project_NucleoF103RB\01_LED\src\bsp\cmsis\Include -ID:\Project_NucleoF103RB\01_LED\src\lib\STM32F1xx_HAL_Driver\Inc -ID:\Project_NucleoF103RB\01_LED\src\ap -ID:\Project_NucleoF103RB\01_LED\src\bsp -ID:\Project_NucleoF103RB\01_LED\src\common -ID:\Project_NucleoF103RB\01_LED\src\hw -ID:\Project_NucleoF103RB\01_LED\src\lib -Og -g -fstack-usage -Wall -specs=nano.specs -o src\lib\STM32F1xx_HAL_Driver\Src\stm32f1xx_hal_adc.o 
arm-atollic-eabi-gcc -c ..\src\lib\STM32F1xx_HAL_Driver\Src\stm32f1xx_hal_dac_ex.c -mthumb -mcpu=cortex-m3 -std=gnu11 -DSTM32F103xB -ID:\Project_NucleoF103RB\01_LED\src -ID:\Project_NucleoF103RB\01_LED\src\bsp\cmsis -ID:\Project_NucleoF103RB\01_LED\src\bsp\cmsis\Include -ID:\Project_NucleoF103RB\01_LED\src\lib\STM32F1xx_HAL_Driver\Inc -ID:\Project_NucleoF103RB\01_LED\src\ap -ID:\Project_NucleoF103RB\01_LED\src\bsp -ID:\Project_NucleoF103RB\01_LED\src\common -ID:\Project_NucleoF103RB\01_LED\src\hw -ID:\Project_NucleoF103RB\01_LED\src\lib -Og -g -fstack-usage -Wall -specs=nano.specs -o src\lib\STM32F1xx_HAL_Driver\Src\stm32f1xx_hal_dac_ex.o 
arm-atollic-eabi-gcc -c ..\src\lib\STM32F1xx_HAL_Driver\Src\stm32f1xx_hal_rtc.c -mthumb -mcpu=cortex-m3 -std=gnu11 -DSTM32F103xB -ID:\Project_NucleoF103RB\01_LED\src -ID:\Project_NucleoF103RB\01_LED\src\bsp\cmsis -ID:\Project_NucleoF103RB\01_LED\src\bsp\cmsis\Include -ID:\Project_NucleoF103RB\01_LED\src\lib\STM32F1xx_HAL_Driver\Inc -ID:\Project_NucleoF103RB\01_LED\src\ap -ID:\Project_NucleoF103RB\01_LED\src\bsp -ID:\Project_NucleoF103RB\01_LED\src\common -ID:\Project_NucleoF103RB\01_LED\src\hw -ID:\Project_NucleoF103RB\01_LED\src\lib -Og -g -fstack-usage -Wall -specs=nano.specs -o src\lib\STM32F1xx_HAL_Driver\Src\stm32f1xx_hal_rtc.o 
arm-atollic-eabi-gcc -c ..\src\lib\STM32F1xx_HAL_Driver\Src\stm32f1xx_hal_pcd_ex.c -mthumb -mcpu=cortex-m3 -std=gnu11 -DSTM32F103xB -ID:\Project_NucleoF103RB\01_LED\src -ID:\Project_NucleoF103RB\01_LED\src\bsp\cmsis -ID:\Project_NucleoF103RB\01_LED\src\bsp\cmsis\Include -ID:\Project_NucleoF103RB\01_LED\src\lib\STM32F1xx_HAL_Driver\Inc -ID:\Project_NucleoF103RB\01_LED\src\ap -ID:\Project_NucleoF103RB\01_LED\src\bsp -ID:\Project_NucleoF103RB\01_LED\src\common -ID:\Project_NucleoF103RB\01_LED\src\hw -ID:\Project_NucleoF103RB\01_LED\src\lib -Og -g -fstack-usage -Wall -specs=nano.specs -o src\lib\STM32F1xx_HAL_Driver\Src\stm32f1xx_hal_pcd_ex.o 
arm-atollic-eabi-gcc -c ..\src\lib\STM32F1xx_HAL_Driver\Src\stm32f1xx_hal_pwr.c -mthumb -mcpu=cortex-m3 -std=gnu11 -DSTM32F103xB -ID:\Project_NucleoF103RB\01_LED\src -ID:\Project_NucleoF103RB\01_LED\src\bsp\cmsis -ID:\Project_NucleoF103RB\01_LED\src\bsp\cmsis\Include -ID:\Project_NucleoF103RB\01_LED\src\lib\STM32F1xx_HAL_Driver\Inc -ID:\Project_NucleoF103RB\01_LED\src\ap -ID:\Project_NucleoF103RB\01_LED\src\bsp -ID:\Project_NucleoF103RB\01_LED\src\common -ID:\Project_NucleoF103RB\01_LED\src\hw -ID:\Project_NucleoF103RB\01_LED\src\lib -Og -g -fstack-usage -Wall -specs=nano.specs -o src\lib\STM32F1xx_HAL_Driver\Src\stm32f1xx_hal_pwr.o 
arm-atollic-eabi-gcc -c ..\src\bsp\bsp.c -mthumb -mcpu=cortex-m3 -std=gnu11 -DSTM32F103xB -ID:\Project_NucleoF103RB\01_LED\src -ID:\Project_NucleoF103RB\01_LED\src\bsp\cmsis -ID:\Project_NucleoF103RB\01_LED\src\bsp\cmsis\Include -ID:\Project_NucleoF103RB\01_LED\src\lib\STM32F1xx_HAL_Driver\Inc -ID:\Project_NucleoF103RB\01_LED\src\ap -ID:\Project_NucleoF103RB\01_LED\src\bsp -ID:\Project_NucleoF103RB\01_LED\src\common -ID:\Project_NucleoF103RB\01_LED\src\hw -ID:\Project_NucleoF103RB\01_LED\src\lib -Og -g -fstack-usage -Wall -specs=nano.specs -o src\bsp\bsp.o 
arm-atollic-eabi-gcc -c ..\src\lib\STM32F1xx_HAL_Driver\Src\stm32f1xx_hal_cec.c -mthumb -mcpu=cortex-m3 -std=gnu11 -DSTM32F103xB -ID:\Project_NucleoF103RB\01_LED\src -ID:\Project_NucleoF103RB\01_LED\src\bsp\cmsis -ID:\Project_NucleoF103RB\01_LED\src\bsp\cmsis\Include -ID:\Project_NucleoF103RB\01_LED\src\lib\STM32F1xx_HAL_Driver\Inc -ID:\Project_NucleoF103RB\01_LED\src\ap -ID:\Project_NucleoF103RB\01_LED\src\bsp -ID:\Project_NucleoF103RB\01_LED\src\common -ID:\Project_NucleoF103RB\01_LED\src\hw -ID:\Project_NucleoF103RB\01_LED\src\lib -Og -g -fstack-usage -Wall -specs=nano.specs -o src\lib\STM32F1xx_HAL_Driver\Src\stm32f1xx_hal_cec.o 
arm-atollic-eabi-gcc -c ..\src\lib\STM32F1xx_HAL_Driver\Src\stm32f1xx_hal_sram.c -mthumb -mcpu=cortex-m3 -std=gnu11 -DSTM32F103xB -ID:\Project_NucleoF103RB\01_LED\src -ID:\Project_NucleoF103RB\01_LED\src\bsp\cmsis -ID:\Project_NucleoF103RB\01_LED\src\bsp\cmsis\Include -ID:\Project_NucleoF103RB\01_LED\src\lib\STM32F1xx_HAL_Driver\Inc -ID:\Project_NucleoF103RB\01_LED\src\ap -ID:\Project_NucleoF103RB\01_LED\src\bsp -ID:\Project_NucleoF103RB\01_LED\src\common -ID:\Project_NucleoF103RB\01_LED\src\hw -ID:\Project_NucleoF103RB\01_LED\src\lib -Og -g -fstack-usage -Wall -specs=nano.specs -o src\lib\STM32F1xx_HAL_Driver\Src\stm32f1xx_hal_sram.o 
arm-atollic-eabi-gcc -c ..\src\lib\STM32F1xx_HAL_Driver\Src\stm32f1xx_hal_gpio_ex.c -mthumb -mcpu=cortex-m3 -std=gnu11 -DSTM32F103xB -ID:\Project_NucleoF103RB\01_LED\src -ID:\Project_NucleoF103RB\01_LED\src\bsp\cmsis -ID:\Project_NucleoF103RB\01_LED\src\bsp\cmsis\Include -ID:\Project_NucleoF103RB\01_LED\src\lib\STM32F1xx_HAL_Driver\Inc -ID:\Project_NucleoF103RB\01_LED\src\ap -ID:\Project_NucleoF103RB\01_LED\src\bsp -ID:\Project_NucleoF103RB\01_LED\src\common -ID:\Project_NucleoF103RB\01_LED\src\hw -ID:\Project_NucleoF103RB\01_LED\src\lib -Og -g -fstack-usage -Wall -specs=nano.specs -o src\lib\STM32F1xx_HAL_Driver\Src\stm32f1xx_hal_gpio_ex.o 
arm-atollic-eabi-gcc -c ..\src\lib\STM32F1xx_HAL_Driver\Src\stm32f1xx_ll_dma.c -mthumb -mcpu=cortex-m3 -std=gnu11 -DSTM32F103xB -ID:\Project_NucleoF103RB\01_LED\src -ID:\Project_NucleoF103RB\01_LED\src\bsp\cmsis -ID:\Project_NucleoF103RB\01_LED\src\bsp\cmsis\Include -ID:\Project_NucleoF103RB\01_LED\src\lib\STM32F1xx_HAL_Driver\Inc -ID:\Project_NucleoF103RB\01_LED\src\ap -ID:\Project_NucleoF103RB\01_LED\src\bsp -ID:\Project_NucleoF103RB\01_LED\src\common -ID:\Project_NucleoF103RB\01_LED\src\hw -ID:\Project_NucleoF103RB\01_LED\src\lib -Og -g -fstack-usage -Wall -specs=nano.specs -o src\lib\STM32F1xx_HAL_Driver\Src\stm32f1xx_ll_dma.o 
arm-atollic-eabi-gcc -c ..\src\lib\STM32F1xx_HAL_Driver\Src\stm32f1xx_ll_utils.c -mthumb -mcpu=cortex-m3 -std=gnu11 -DSTM32F103xB -ID:\Project_NucleoF103RB\01_LED\src -ID:\Project_NucleoF103RB\01_LED\src\bsp\cmsis -ID:\Project_NucleoF103RB\01_LED\src\bsp\cmsis\Include -ID:\Project_NucleoF103RB\01_LED\src\lib\STM32F1xx_HAL_Driver\Inc -ID:\Project_NucleoF103RB\01_LED\src\ap -ID:\Project_NucleoF103RB\01_LED\src\bsp -ID:\Project_NucleoF103RB\01_LED\src\common -ID:\Project_NucleoF103RB\01_LED\src\hw -ID:\Project_NucleoF103RB\01_LED\src\lib -Og -g -fstack-usage -Wall -specs=nano.specs -o src\lib\STM32F1xx_HAL_Driver\Src\stm32f1xx_ll_utils.o 
arm-atollic-eabi-gcc -c ..\src\lib\STM32F1xx_HAL_Driver\Src\stm32f1xx_hal_usart.c -mthumb -mcpu=cortex-m3 -std=gnu11 -DSTM32F103xB -ID:\Project_NucleoF103RB\01_LED\src -ID:\Project_NucleoF103RB\01_LED\src\bsp\cmsis -ID:\Project_NucleoF103RB\01_LED\src\bsp\cmsis\Include -ID:\Project_NucleoF103RB\01_LED\src\lib\STM32F1xx_HAL_Driver\Inc -ID:\Project_NucleoF103RB\01_LED\src\ap -ID:\Project_NucleoF103RB\01_LED\src\bsp -ID:\Project_NucleoF103RB\01_LED\src\common -ID:\Project_NucleoF103RB\01_LED\src\hw -ID:\Project_NucleoF103RB\01_LED\src\lib -Og -g -fstack-usage -Wall -specs=nano.specs -o src\lib\STM32F1xx_HAL_Driver\Src\stm32f1xx_hal_usart.o 
arm-atollic-eabi-gcc -c ..\src\ap\ap.c -mthumb -mcpu=cortex-m3 -std=gnu11 -DSTM32F103xB -ID:\Project_NucleoF103RB\01_LED\src -ID:\Project_NucleoF103RB\01_LED\src\bsp\cmsis -ID:\Project_NucleoF103RB\01_LED\src\bsp\cmsis\Include -ID:\Project_NucleoF103RB\01_LED\src\lib\STM32F1xx_HAL_Driver\Inc -ID:\Project_NucleoF103RB\01_LED\src\ap -ID:\Project_NucleoF103RB\01_LED\src\bsp -ID:\Project_NucleoF103RB\01_LED\src\common -ID:\Project_NucleoF103RB\01_LED\src\hw -ID:\Project_NucleoF103RB\01_LED\src\lib -Og -g -fstack-usage -Wall -specs=nano.specs -o src\ap\ap.o 
arm-atollic-eabi-gcc -c ..\src\lib\STM32F1xx_HAL_Driver\Src\stm32f1xx_ll_pwr.c -mthumb -mcpu=cortex-m3 -std=gnu11 -DSTM32F103xB -ID:\Project_NucleoF103RB\01_LED\src -ID:\Project_NucleoF103RB\01_LED\src\bsp\cmsis -ID:\Project_NucleoF103RB\01_LED\src\bsp\cmsis\Include -ID:\Project_NucleoF103RB\01_LED\src\lib\STM32F1xx_HAL_Driver\Inc -ID:\Project_NucleoF103RB\01_LED\src\ap -ID:\Project_NucleoF103RB\01_LED\src\bsp -ID:\Project_NucleoF103RB\01_LED\src\common -ID:\Project_NucleoF103RB\01_LED\src\hw -ID:\Project_NucleoF103RB\01_LED\src\lib -Og -g -fstack-usage -Wall -specs=nano.specs -o src\lib\STM32F1xx_HAL_Driver\Src\stm32f1xx_ll_pwr.o 
arm-atollic-eabi-gcc -c ..\src\lib\STM32F1xx_HAL_Driver\Src\stm32f1xx_ll_rtc.c -mthumb -mcpu=cortex-m3 -std=gnu11 -DSTM32F103xB -ID:\Project_NucleoF103RB\01_LED\src -ID:\Project_NucleoF103RB\01_LED\src\bsp\cmsis -ID:\Project_NucleoF103RB\01_LED\src\bsp\cmsis\Include -ID:\Project_NucleoF103RB\01_LED\src\lib\STM32F1xx_HAL_Driver\Inc -ID:\Project_NucleoF103RB\01_LED\src\ap -ID:\Project_NucleoF103RB\01_LED\src\bsp -ID:\Project_NucleoF103RB\01_LED\src\common -ID:\Project_NucleoF103RB\01_LED\src\hw -ID:\Project_NucleoF103RB\01_LED\src\lib -Og -g -fstack-usage -Wall -specs=nano.specs -o src\lib\STM32F1xx_HAL_Driver\Src\stm32f1xx_ll_rtc.o 
arm-atollic-eabi-gcc -c ..\src\lib\STM32F1xx_HAL_Driver\Src\stm32f1xx_hal_tim_ex.c -mthumb -mcpu=cortex-m3 -std=gnu11 -DSTM32F103xB -ID:\Project_NucleoF103RB\01_LED\src -ID:\Project_NucleoF103RB\01_LED\src\bsp\cmsis -ID:\Project_NucleoF103RB\01_LED\src\bsp\cmsis\Include -ID:\Project_NucleoF103RB\01_LED\src\lib\STM32F1xx_HAL_Driver\Inc -ID:\Project_NucleoF103RB\01_LED\src\ap -ID:\Project_NucleoF103RB\01_LED\src\bsp -ID:\Project_NucleoF103RB\01_LED\src\common -ID:\Project_NucleoF103RB\01_LED\src\hw -ID:\Project_NucleoF103RB\01_LED\src\lib -Og -g -fstack-usage -Wall -specs=nano.specs -o src\lib\STM32F1xx_HAL_Driver\Src\stm32f1xx_hal_tim_ex.o 
arm-atollic-eabi-gcc -c ..\src\lib\STM32F1xx_HAL_Driver\Src\stm32f1xx_hal.c -mthumb -mcpu=cortex-m3 -std=gnu11 -DSTM32F103xB -ID:\Project_NucleoF103RB\01_LED\src -ID:\Project_NucleoF103RB\01_LED\src\bsp\cmsis -ID:\Project_NucleoF103RB\01_LED\src\bsp\cmsis\Include -ID:\Project_NucleoF103RB\01_LED\src\lib\STM32F1xx_HAL_Driver\Inc -ID:\Project_NucleoF103RB\01_LED\src\ap -ID:\Project_NucleoF103RB\01_LED\src\bsp -ID:\Project_NucleoF103RB\01_LED\src\common -ID:\Project_NucleoF103RB\01_LED\src\hw -ID:\Project_NucleoF103RB\01_LED\src\lib -Og -g -fstack-usage -Wall -specs=nano.specs -o src\lib\STM32F1xx_HAL_Driver\Src\stm32f1xx_hal.o 
arm-atollic-eabi-gcc -c ..\src\lib\STM32F1xx_HAL_Driver\Src\stm32f1xx_hal_nand.c -mthumb -mcpu=cortex-m3 -std=gnu11 -DSTM32F103xB -ID:\Project_NucleoF103RB\01_LED\src -ID:\Project_NucleoF103RB\01_LED\src\bsp\cmsis -ID:\Project_NucleoF103RB\01_LED\src\bsp\cmsis\Include -ID:\Project_NucleoF103RB\01_LED\src\lib\STM32F1xx_HAL_Driver\Inc -ID:\Project_NucleoF103RB\01_LED\src\ap -ID:\Project_NucleoF103RB\01_LED\src\bsp -ID:\Project_NucleoF103RB\01_LED\src\common -ID:\Project_NucleoF103RB\01_LED\src\hw -ID:\Project_NucleoF103RB\01_LED\src\lib -Og -g -fstack-usage -Wall -specs=nano.specs -o src\lib\STM32F1xx_HAL_Driver\Src\stm32f1xx_hal_nand.o 
arm-atollic-eabi-gcc -c ..\src\lib\STM32F1xx_HAL_Driver\Src\stm32f1xx_hal_iwdg.c -mthumb -mcpu=cortex-m3 -std=gnu11 -DSTM32F103xB -ID:\Project_NucleoF103RB\01_LED\src -ID:\Project_NucleoF103RB\01_LED\src\bsp\cmsis -ID:\Project_NucleoF103RB\01_LED\src\bsp\cmsis\Include -ID:\Project_NucleoF103RB\01_LED\src\lib\STM32F1xx_HAL_Driver\Inc -ID:\Project_NucleoF103RB\01_LED\src\ap -ID:\Project_NucleoF103RB\01_LED\src\bsp -ID:\Project_NucleoF103RB\01_LED\src\common -ID:\Project_NucleoF103RB\01_LED\src\hw -ID:\Project_NucleoF103RB\01_LED\src\lib -Og -g -fstack-usage -Wall -specs=nano.specs -o src\lib\STM32F1xx_HAL_Driver\Src\stm32f1xx_hal_iwdg.o 
arm-atollic-eabi-gcc -c ..\src\lib\STM32F1xx_HAL_Driver\Src\stm32f1xx_hal_rcc_ex.c -mthumb -mcpu=cortex-m3 -std=gnu11 -DSTM32F103xB -ID:\Project_NucleoF103RB\01_LED\src -ID:\Project_NucleoF103RB\01_LED\src\bsp\cmsis -ID:\Project_NucleoF103RB\01_LED\src\bsp\cmsis\Include -ID:\Project_NucleoF103RB\01_LED\src\lib\STM32F1xx_HAL_Driver\Inc -ID:\Project_NucleoF103RB\01_LED\src\ap -ID:\Project_NucleoF103RB\01_LED\src\bsp -ID:\Project_NucleoF103RB\01_LED\src\common -ID:\Project_NucleoF103RB\01_LED\src\hw -ID:\Project_NucleoF103RB\01_LED\src\lib -Og -g -fstack-usage -Wall -specs=nano.specs -o src\lib\STM32F1xx_HAL_Driver\Src\stm32f1xx_hal_rcc_ex.o 
arm-atollic-eabi-gcc -c ..\src\lib\STM32F1xx_HAL_Driver\Src\stm32f1xx_ll_dac.c -mthumb -mcpu=cortex-m3 -std=gnu11 -DSTM32F103xB -ID:\Project_NucleoF103RB\01_LED\src -ID:\Project_NucleoF103RB\01_LED\src\bsp\cmsis -ID:\Project_NucleoF103RB\01_LED\src\bsp\cmsis\Include -ID:\Project_NucleoF103RB\01_LED\src\lib\STM32F1xx_HAL_Driver\Inc -ID:\Project_NucleoF103RB\01_LED\src\ap -ID:\Project_NucleoF103RB\01_LED\src\bsp -ID:\Project_NucleoF103RB\01_LED\src\common -ID:\Project_NucleoF103RB\01_LED\src\hw -ID:\Project_NucleoF103RB\01_LED\src\lib -Og -g -fstack-usage -Wall -specs=nano.specs -o src\lib\STM32F1xx_HAL_Driver\Src\stm32f1xx_ll_dac.o 
arm-atollic-eabi-gcc -c ..\src\bsp\stm32f1xx_it.c -mthumb -mcpu=cortex-m3 -std=gnu11 -DSTM32F103xB -ID:\Project_NucleoF103RB\01_LED\src -ID:\Project_NucleoF103RB\01_LED\src\bsp\cmsis -ID:\Project_NucleoF103RB\01_LED\src\bsp\cmsis\Include -ID:\Project_NucleoF103RB\01_LED\src\lib\STM32F1xx_HAL_Driver\Inc -ID:\Project_NucleoF103RB\01_LED\src\ap -ID:\Project_NucleoF103RB\01_LED\src\bsp -ID:\Project_NucleoF103RB\01_LED\src\common -ID:\Project_NucleoF103RB\01_LED\src\hw -ID:\Project_NucleoF103RB\01_LED\src\lib -Og -g -fstack-usage -Wall -specs=nano.specs -o src\bsp\stm32f1xx_it.o 
arm-atollic-eabi-gcc -c ..\src\lib\STM32F1xx_HAL_Driver\Src\stm32f1xx_hal_wwdg.c -mthumb -mcpu=cortex-m3 -std=gnu11 -DSTM32F103xB -ID:\Project_NucleoF103RB\01_LED\src -ID:\Project_NucleoF103RB\01_LED\src\bsp\cmsis -ID:\Project_NucleoF103RB\01_LED\src\bsp\cmsis\Include -ID:\Project_NucleoF103RB\01_LED\src\lib\STM32F1xx_HAL_Driver\Inc -ID:\Project_NucleoF103RB\01_LED\src\ap -ID:\Project_NucleoF103RB\01_LED\src\bsp -ID:\Project_NucleoF103RB\01_LED\src\common -ID:\Project_NucleoF103RB\01_LED\src\hw -ID:\Project_NucleoF103RB\01_LED\src\lib -Og -g -fstack-usage -Wall -specs=nano.specs -o src\lib\STM32F1xx_HAL_Driver\Src\stm32f1xx_hal_wwdg.o 
arm-atollic-eabi-gcc -c ..\src\lib\STM32F1xx_HAL_Driver\Src\stm32f1xx_ll_adc.c -mthumb -mcpu=cortex-m3 -std=gnu11 -DSTM32F103xB -ID:\Project_NucleoF103RB\01_LED\src -ID:\Project_NucleoF103RB\01_LED\src\bsp\cmsis -ID:\Project_NucleoF103RB\01_LED\src\bsp\cmsis\Include -ID:\Project_NucleoF103RB\01_LED\src\lib\STM32F1xx_HAL_Driver\Inc -ID:\Project_NucleoF103RB\01_LED\src\ap -ID:\Project_NucleoF103RB\01_LED\src\bsp -ID:\Project_NucleoF103RB\01_LED\src\common -ID:\Project_NucleoF103RB\01_LED\src\hw -ID:\Project_NucleoF103RB\01_LED\src\lib -Og -g -fstack-usage -Wall -specs=nano.specs -o src\lib\STM32F1xx_HAL_Driver\Src\stm32f1xx_ll_adc.o 
..\src\bsp\stm32f1xx_it.c: In function 'SysTick_Handler':
..\src\bsp\stm32f1xx_it.c:160:3: warning: implicit declaration of function 'HAL_IncTick' [-Wimplicit-function-declaration]
   HAL_IncTick();
   ^~~~~~~~~~~
arm-atollic-eabi-gcc -c ..\src\lib\STM32F1xx_HAL_Driver\Src\stm32f1xx_hal_flash.c -mthumb -mcpu=cortex-m3 -std=gnu11 -DSTM32F103xB -ID:\Project_NucleoF103RB\01_LED\src -ID:\Project_NucleoF103RB\01_LED\src\bsp\cmsis -ID:\Project_NucleoF103RB\01_LED\src\bsp\cmsis\Include -ID:\Project_NucleoF103RB\01_LED\src\lib\STM32F1xx_HAL_Driver\Inc -ID:\Project_NucleoF103RB\01_LED\src\ap -ID:\Project_NucleoF103RB\01_LED\src\bsp -ID:\Project_NucleoF103RB\01_LED\src\common -ID:\Project_NucleoF103RB\01_LED\src\hw -ID:\Project_NucleoF103RB\01_LED\src\lib -Og -g -fstack-usage -Wall -specs=nano.specs -o src\lib\STM32F1xx_HAL_Driver\Src\stm32f1xx_hal_flash.o 
arm-atollic-eabi-gcc -c ..\src\lib\STM32F1xx_HAL_Driver\Src\stm32f1xx_ll_spi.c -mthumb -mcpu=cortex-m3 -std=gnu11 -DSTM32F103xB -ID:\Project_NucleoF103RB\01_LED\src -ID:\Project_NucleoF103RB\01_LED\src\bsp\cmsis -ID:\Project_NucleoF103RB\01_LED\src\bsp\cmsis\Include -ID:\Project_NucleoF103RB\01_LED\src\lib\STM32F1xx_HAL_Driver\Inc -ID:\Project_NucleoF103RB\01_LED\src\ap -ID:\Project_NucleoF103RB\01_LED\src\bsp -ID:\Project_NucleoF103RB\01_LED\src\common -ID:\Project_NucleoF103RB\01_LED\src\hw -ID:\Project_NucleoF103RB\01_LED\src\lib -Og -g -fstack-usage -Wall -specs=nano.specs -o src\lib\STM32F1xx_HAL_Driver\Src\stm32f1xx_ll_spi.o 
arm-atollic-eabi-gcc -c ..\src\lib\STM32F1xx_HAL_Driver\Src\stm32f1xx_hal_eth.c -mthumb -mcpu=cortex-m3 -std=gnu11 -DSTM32F103xB -ID:\Project_NucleoF103RB\01_LED\src -ID:\Project_NucleoF103RB\01_LED\src\bsp\cmsis -ID:\Project_NucleoF103RB\01_LED\src\bsp\cmsis\Include -ID:\Project_NucleoF103RB\01_LED\src\lib\STM32F1xx_HAL_Driver\Inc -ID:\Project_NucleoF103RB\01_LED\src\ap -ID:\Project_NucleoF103RB\01_LED\src\bsp -ID:\Project_NucleoF103RB\01_LED\src\common -ID:\Project_NucleoF103RB\01_LED\src\hw -ID:\Project_NucleoF103RB\01_LED\src\lib -Og -g -fstack-usage -Wall -specs=nano.specs -o src\lib\STM32F1xx_HAL_Driver\Src\stm32f1xx_hal_eth.o 
arm-atollic-eabi-gcc -c ..\src\lib\STM32F1xx_HAL_Driver\Src\stm32f1xx_hal_smartcard.c -mthumb -mcpu=cortex-m3 -std=gnu11 -DSTM32F103xB -ID:\Project_NucleoF103RB\01_LED\src -ID:\Project_NucleoF103RB\01_LED\src\bsp\cmsis -ID:\Project_NucleoF103RB\01_LED\src\bsp\cmsis\Include -ID:\Project_NucleoF103RB\01_LED\src\lib\STM32F1xx_HAL_Driver\Inc -ID:\Project_NucleoF103RB\01_LED\src\ap -ID:\Project_NucleoF103RB\01_LED\src\bsp -ID:\Project_NucleoF103RB\01_LED\src\common -ID:\Project_NucleoF103RB\01_LED\src\hw -ID:\Project_NucleoF103RB\01_LED\src\lib -Og -g -fstack-usage -Wall -specs=nano.specs -o src\lib\STM32F1xx_HAL_Driver\Src\stm32f1xx_hal_smartcard.o 
arm-atollic-eabi-gcc -c ..\src\lib\STM32F1xx_HAL_Driver\Src\stm32f1xx_ll_sdmmc.c -mthumb -mcpu=cortex-m3 -std=gnu11 -DSTM32F103xB -ID:\Project_NucleoF103RB\01_LED\src -ID:\Project_NucleoF103RB\01_LED\src\bsp\cmsis -ID:\Project_NucleoF103RB\01_LED\src\bsp\cmsis\Include -ID:\Project_NucleoF103RB\01_LED\src\lib\STM32F1xx_HAL_Driver\Inc -ID:\Project_NucleoF103RB\01_LED\src\ap -ID:\Project_NucleoF103RB\01_LED\src\bsp -ID:\Project_NucleoF103RB\01_LED\src\common -ID:\Project_NucleoF103RB\01_LED\src\hw -ID:\Project_NucleoF103RB\01_LED\src\lib -Og -g -fstack-usage -Wall -specs=nano.specs -o src\lib\STM32F1xx_HAL_Driver\Src\stm32f1xx_ll_sdmmc.o 
arm-atollic-eabi-gcc -c ..\src\lib\STM32F1xx_HAL_Driver\Src\stm32f1xx_hal_i2c.c -mthumb -mcpu=cortex-m3 -std=gnu11 -DSTM32F103xB -ID:\Project_NucleoF103RB\01_LED\src -ID:\Project_NucleoF103RB\01_LED\src\bsp\cmsis -ID:\Project_NucleoF103RB\01_LED\src\bsp\cmsis\Include -ID:\Project_NucleoF103RB\01_LED\src\lib\STM32F1xx_HAL_Driver\Inc -ID:\Project_NucleoF103RB\01_LED\src\ap -ID:\Project_NucleoF103RB\01_LED\src\bsp -ID:\Project_NucleoF103RB\01_LED\src\common -ID:\Project_NucleoF103RB\01_LED\src\hw -ID:\Project_NucleoF103RB\01_LED\src\lib -Og -g -fstack-usage -Wall -specs=nano.specs -o src\lib\STM32F1xx_HAL_Driver\Src\stm32f1xx_hal_i2c.o 
arm-atollic-eabi-gcc -c ..\src\lib\STM32F1xx_HAL_Driver\Src\stm32f1xx_hal_adc_ex.c -mthumb -mcpu=cortex-m3 -std=gnu11 -DSTM32F103xB -ID:\Project_NucleoF103RB\01_LED\src -ID:\Project_NucleoF103RB\01_LED\src\bsp\cmsis -ID:\Project_NucleoF103RB\01_LED\src\bsp\cmsis\Include -ID:\Project_NucleoF103RB\01_LED\src\lib\STM32F1xx_HAL_Driver\Inc -ID:\Project_NucleoF103RB\01_LED\src\ap -ID:\Project_NucleoF103RB\01_LED\src\bsp -ID:\Project_NucleoF103RB\01_LED\src\common -ID:\Project_NucleoF103RB\01_LED\src\hw -ID:\Project_NucleoF103RB\01_LED\src\lib -Og -g -fstack-usage -Wall -specs=nano.specs -o src\lib\STM32F1xx_HAL_Driver\Src\stm32f1xx_hal_adc_ex.o 
arm-atollic-eabi-gcc -c ..\src\lib\STM32F1xx_HAL_Driver\Src\stm32f1xx_hal_mmc.c -mthumb -mcpu=cortex-m3 -std=gnu11 -DSTM32F103xB -ID:\Project_NucleoF103RB\01_LED\src -ID:\Project_NucleoF103RB\01_LED\src\bsp\cmsis -ID:\Project_NucleoF103RB\01_LED\src\bsp\cmsis\Include -ID:\Project_NucleoF103RB\01_LED\src\lib\STM32F1xx_HAL_Driver\Inc -ID:\Project_NucleoF103RB\01_LED\src\ap -ID:\Project_NucleoF103RB\01_LED\src\bsp -ID:\Project_NucleoF103RB\01_LED\src\common -ID:\Project_NucleoF103RB\01_LED\src\hw -ID:\Project_NucleoF103RB\01_LED\src\lib -Og -g -fstack-usage -Wall -specs=nano.specs -o src\lib\STM32F1xx_HAL_Driver\Src\stm32f1xx_hal_mmc.o 
arm-atollic-eabi-gcc -c ..\src\lib\STM32F1xx_HAL_Driver\Src\stm32f1xx_hal_irda.c -mthumb -mcpu=cortex-m3 -std=gnu11 -DSTM32F103xB -ID:\Project_NucleoF103RB\01_LED\src -ID:\Project_NucleoF103RB\01_LED\src\bsp\cmsis -ID:\Project_NucleoF103RB\01_LED\src\bsp\cmsis\Include -ID:\Project_NucleoF103RB\01_LED\src\lib\STM32F1xx_HAL_Driver\Inc -ID:\Project_NucleoF103RB\01_LED\src\ap -ID:\Project_NucleoF103RB\01_LED\src\bsp -ID:\Project_NucleoF103RB\01_LED\src\common -ID:\Project_NucleoF103RB\01_LED\src\hw -ID:\Project_NucleoF103RB\01_LED\src\lib -Og -g -fstack-usage -Wall -specs=nano.specs -o src\lib\STM32F1xx_HAL_Driver\Src\stm32f1xx_hal_irda.o 
arm-atollic-eabi-gcc -c ..\src\lib\STM32F1xx_HAL_Driver\Src\stm32f1xx_hal_rcc.c -mthumb -mcpu=cortex-m3 -std=gnu11 -DSTM32F103xB -ID:\Project_NucleoF103RB\01_LED\src -ID:\Project_NucleoF103RB\01_LED\src\bsp\cmsis -ID:\Project_NucleoF103RB\01_LED\src\bsp\cmsis\Include -ID:\Project_NucleoF103RB\01_LED\src\lib\STM32F1xx_HAL_Driver\Inc -ID:\Project_NucleoF103RB\01_LED\src\ap -ID:\Project_NucleoF103RB\01_LED\src\bsp -ID:\Project_NucleoF103RB\01_LED\src\common -ID:\Project_NucleoF103RB\01_LED\src\hw -ID:\Project_NucleoF103RB\01_LED\src\lib -Og -g -fstack-usage -Wall -specs=nano.specs -o src\lib\STM32F1xx_HAL_Driver\Src\stm32f1xx_hal_rcc.o 
arm-atollic-eabi-gcc -c ..\src\lib\STM32F1xx_HAL_Driver\Src\stm32f1xx_ll_i2c.c -mthumb -mcpu=cortex-m3 -std=gnu11 -DSTM32F103xB -ID:\Project_NucleoF103RB\01_LED\src -ID:\Project_NucleoF103RB\01_LED\src\bsp\cmsis -ID:\Project_NucleoF103RB\01_LED\src\bsp\cmsis\Include -ID:\Project_NucleoF103RB\01_LED\src\lib\STM32F1xx_HAL_Driver\Inc -ID:\Project_NucleoF103RB\01_LED\src\ap -ID:\Project_NucleoF103RB\01_LED\src\bsp -ID:\Project_NucleoF103RB\01_LED\src\common -ID:\Project_NucleoF103RB\01_LED\src\hw -ID:\Project_NucleoF103RB\01_LED\src\lib -Og -g -fstack-usage -Wall -specs=nano.specs -o src\lib\STM32F1xx_HAL_Driver\Src\stm32f1xx_ll_i2c.o 
arm-atollic-eabi-gcc -c ..\src\lib\STM32F1xx_HAL_Driver\Src\stm32f1xx_hal_uart.c -mthumb -mcpu=cortex-m3 -std=gnu11 -DSTM32F103xB -ID:\Project_NucleoF103RB\01_LED\src -ID:\Project_NucleoF103RB\01_LED\src\bsp\cmsis -ID:\Project_NucleoF103RB\01_LED\src\bsp\cmsis\Include -ID:\Project_NucleoF103RB\01_LED\src\lib\STM32F1xx_HAL_Driver\Inc -ID:\Project_NucleoF103RB\01_LED\src\ap -ID:\Project_NucleoF103RB\01_LED\src\bsp -ID:\Project_NucleoF103RB\01_LED\src\common -ID:\Project_NucleoF103RB\01_LED\src\hw -ID:\Project_NucleoF103RB\01_LED\src\lib -Og -g -fstack-usage -Wall -specs=nano.specs -o src\lib\STM32F1xx_HAL_Driver\Src\stm32f1xx_hal_uart.o 
arm-atollic-eabi-gcc -c -mthumb -mcpu=cortex-m3 -g -Wa,--warn -x assembler-with-cpp -specs=nano.specs -o src\bsp\startup\startup_stm32f103xb.o ..\src\bsp\startup\startup_stm32f103xb.s 
arm-atollic-eabi-gcc -c ..\src\lib\STM32F1xx_HAL_Driver\Src\stm32f1xx_ll_gpio.c -mthumb -mcpu=cortex-m3 -std=gnu11 -DSTM32F103xB -ID:\Project_NucleoF103RB\01_LED\src -ID:\Project_NucleoF103RB\01_LED\src\bsp\cmsis -ID:\Project_NucleoF103RB\01_LED\src\bsp\cmsis\Include -ID:\Project_NucleoF103RB\01_LED\src\lib\STM32F1xx_HAL_Driver\Inc -ID:\Project_NucleoF103RB\01_LED\src\ap -ID:\Project_NucleoF103RB\01_LED\src\bsp -ID:\Project_NucleoF103RB\01_LED\src\common -ID:\Project_NucleoF103RB\01_LED\src\hw -ID:\Project_NucleoF103RB\01_LED\src\lib -Og -g -fstack-usage -Wall -specs=nano.specs -o src\lib\STM32F1xx_HAL_Driver\Src\stm32f1xx_ll_gpio.o 
arm-atollic-eabi-gcc -c ..\src\lib\STM32F1xx_HAL_Driver\Src\stm32f1xx_hal_hcd.c -mthumb -mcpu=cortex-m3 -std=gnu11 -DSTM32F103xB -ID:\Project_NucleoF103RB\01_LED\src -ID:\Project_NucleoF103RB\01_LED\src\bsp\cmsis -ID:\Project_NucleoF103RB\01_LED\src\bsp\cmsis\Include -ID:\Project_NucleoF103RB\01_LED\src\lib\STM32F1xx_HAL_Driver\Inc -ID:\Project_NucleoF103RB\01_LED\src\ap -ID:\Project_NucleoF103RB\01_LED\src\bsp -ID:\Project_NucleoF103RB\01_LED\src\common -ID:\Project_NucleoF103RB\01_LED\src\hw -ID:\Project_NucleoF103RB\01_LED\src\lib -Og -g -fstack-usage -Wall -specs=nano.specs -o src\lib\STM32F1xx_HAL_Driver\Src\stm32f1xx_hal_hcd.o 
arm-atollic-eabi-gcc -c ..\src\lib\STM32F1xx_HAL_Driver\Src\stm32f1xx_ll_rcc.c -mthumb -mcpu=cortex-m3 -std=gnu11 -DSTM32F103xB -ID:\Project_NucleoF103RB\01_LED\src -ID:\Project_NucleoF103RB\01_LED\src\bsp\cmsis -ID:\Project_NucleoF103RB\01_LED\src\bsp\cmsis\Include -ID:\Project_NucleoF103RB\01_LED\src\lib\STM32F1xx_HAL_Driver\Inc -ID:\Project_NucleoF103RB\01_LED\src\ap -ID:\Project_NucleoF103RB\01_LED\src\bsp -ID:\Project_NucleoF103RB\01_LED\src\common -ID:\Project_NucleoF103RB\01_LED\src\hw -ID:\Project_NucleoF103RB\01_LED\src\lib -Og -g -fstack-usage -Wall -specs=nano.specs -o src\lib\STM32F1xx_HAL_Driver\Src\stm32f1xx_ll_rcc.o 
arm-atollic-eabi-gcc -o 01_LED.elf src\ap\ap.o src\bsp\bsp.o src\bsp\cmsis\system_stm32f1xx.o src\bsp\startup\startup_stm32f103xb.o src\bsp\stm32f1xx_it.o src\hw\hw.o src\lib\STM32F1xx_HAL_Driver\Src\stm32f1xx_hal.o src\lib\STM32F1xx_HAL_Driver\Src\stm32f1xx_hal_adc.o src\lib\STM32F1xx_HAL_Driver\Src\stm32f1xx_hal_adc_ex.o src\lib\STM32F1xx_HAL_Driver\Src\stm32f1xx_hal_can.o src\lib\STM32F1xx_HAL_Driver\Src\stm32f1xx_hal_cec.o src\lib\STM32F1xx_HAL_Driver\Src\stm32f1xx_hal_cortex.o src\lib\STM32F1xx_HAL_Driver\Src\stm32f1xx_hal_crc.o src\lib\STM32F1xx_HAL_Driver\Src\stm32f1xx_hal_dac.o src\lib\STM32F1xx_HAL_Driver\Src\stm32f1xx_hal_dac_ex.o src\lib\STM32F1xx_HAL_Driver\Src\stm32f1xx_hal_dma.o src\lib\STM32F1xx_HAL_Driver\Src\stm32f1xx_hal_eth.o src\lib\STM32F1xx_HAL_Driver\Src\stm32f1xx_hal_flash.o src\lib\STM32F1xx_HAL_Driver\Src\stm32f1xx_hal_flash_ex.o src\lib\STM32F1xx_HAL_Driver\Src\stm32f1xx_hal_gpio.o src\lib\STM32F1xx_HAL_Driver\Src\stm32f1xx_hal_gpio_ex.o src\lib\STM32F1xx_HAL_Driver\Src\stm32f1xx_hal_hcd.o src\lib\STM32F1xx_HAL_Driver\Src\stm32f1xx_hal_i2c.o src\lib\STM32F1xx_HAL_Driver\Src\stm32f1xx_hal_i2s.o src\lib\STM32F1xx_HAL_Driver\Src\stm32f1xx_hal_irda.o src\lib\STM32F1xx_HAL_Driver\Src\stm32f1xx_hal_iwdg.o src\lib\STM32F1xx_HAL_Driver\Src\stm32f1xx_hal_mmc.o src\lib\STM32F1xx_HAL_Driver\Src\stm32f1xx_hal_nand.o src\lib\STM32F1xx_HAL_Driver\Src\stm32f1xx_hal_nor.o src\lib\STM32F1xx_HAL_Driver\Src\stm32f1xx_hal_pccard.o src\lib\STM32F1xx_HAL_Driver\Src\stm32f1xx_hal_pcd.o src\lib\STM32F1xx_HAL_Driver\Src\stm32f1xx_hal_pcd_ex.o src\lib\STM32F1xx_HAL_Driver\Src\stm32f1xx_hal_pwr.o src\lib\STM32F1xx_HAL_Driver\Src\stm32f1xx_hal_rcc.o src\lib\STM32F1xx_HAL_Driver\Src\stm32f1xx_hal_rcc_ex.o src\lib\STM32F1xx_HAL_Driver\Src\stm32f1xx_hal_rtc.o src\lib\STM32F1xx_HAL_Driver\Src\stm32f1xx_hal_rtc_ex.o src\lib\STM32F1xx_HAL_Driver\Src\stm32f1xx_hal_sd.o src\lib\STM32F1xx_HAL_Driver\Src\stm32f1xx_hal_smartcard.o src\lib\STM32F1xx_HAL_Driver\Src\stm32f1xx_hal_spi.o src\lib\STM32F1xx_HAL_Driver\Src\stm32f1xx_hal_spi_ex.o src\lib\STM32F1xx_HAL_Driver\Src\stm32f1xx_hal_sram.o src\lib\STM32F1xx_HAL_Driver\Src\stm32f1xx_hal_tim.o src\lib\STM32F1xx_HAL_Driver\Src\stm32f1xx_hal_tim_ex.o src\lib\STM32F1xx_HAL_Driver\Src\stm32f1xx_hal_uart.o src\lib\STM32F1xx_HAL_Driver\Src\stm32f1xx_hal_usart.o src\lib\STM32F1xx_HAL_Driver\Src\stm32f1xx_hal_wwdg.o src\lib\STM32F1xx_HAL_Driver\Src\stm32f1xx_ll_adc.o src\lib\STM32F1xx_HAL_Driver\Src\stm32f1xx_ll_crc.o src\lib\STM32F1xx_HAL_Driver\Src\stm32f1xx_ll_dac.o src\lib\STM32F1xx_HAL_Driver\Src\stm32f1xx_ll_dma.o src\lib\STM32F1xx_HAL_Driver\Src\stm32f1xx_ll_exti.o src\lib\STM32F1xx_HAL_Driver\Src\stm32f1xx_ll_fsmc.o src\lib\STM32F1xx_HAL_Driver\Src\stm32f1xx_ll_gpio.o src\lib\STM32F1xx_HAL_Driver\Src\stm32f1xx_ll_i2c.o src\lib\STM32F1xx_HAL_Driver\Src\stm32f1xx_ll_pwr.o src\lib\STM32F1xx_HAL_Driver\Src\stm32f1xx_ll_rcc.o src\lib\STM32F1xx_HAL_Driver\Src\stm32f1xx_ll_rtc.o src\lib\STM32F1xx_HAL_Driver\Src\stm32f1xx_ll_sdmmc.o src\lib\STM32F1xx_HAL_Driver\Src\stm32f1xx_ll_spi.o src\lib\STM32F1xx_HAL_Driver\Src\stm32f1xx_ll_tim.o src\lib\STM32F1xx_HAL_Driver\Src\stm32f1xx_ll_usart.o src\lib\STM32F1xx_HAL_Driver\Src\stm32f1xx_ll_usb.o src\lib\STM32F1xx_HAL_Driver\Src\stm32f1xx_ll_utils.o src\main.o -mthumb -mcpu=cortex-m3 -T../src/bsp/ldscript/STM32F103XB_FLASH.ld -specs=nosys.specs -static -Wl,-cref,-u,Reset_Handler -Wl,-Map=01_LED.map -Wl,--gc-sections -Wl,--defsym=malloc_getpagesize_P=0x80 -Wl,--start-group -lc -lm -Wl,--end-group -specs=nano.specs 
c:/program files (x86)/atollic/truestudio for stm32 9.0.1/armtools/bin/../lib/gcc/arm-atollic-eabi/6.3.1/../../../../arm-atollic-eabi/bin/ld.exe:../src/bsp/ldscript/STM32F103XB_FLASH.ld:74: syntax error
collect2.exe: error: ld returned 1 exit status
Info: Parallel threads used: 4
12:35:47 **** Incremental Build of configuration Debug for project 01_LED ****
Info: Internal Builder is used for build
arm-atollic-eabi-gcc -o 01_LED.elf src\ap\ap.o src\bsp\bsp.o src\bsp\cmsis\system_stm32f1xx.o src\bsp\startup\startup_stm32f103xb.o src\bsp\stm32f1xx_it.o src\hw\hw.o src\lib\STM32F1xx_HAL_Driver\Src\stm32f1xx_hal.o src\lib\STM32F1xx_HAL_Driver\Src\stm32f1xx_hal_adc.o src\lib\STM32F1xx_HAL_Driver\Src\stm32f1xx_hal_adc_ex.o src\lib\STM32F1xx_HAL_Driver\Src\stm32f1xx_hal_can.o src\lib\STM32F1xx_HAL_Driver\Src\stm32f1xx_hal_cec.o src\lib\STM32F1xx_HAL_Driver\Src\stm32f1xx_hal_cortex.o src\lib\STM32F1xx_HAL_Driver\Src\stm32f1xx_hal_crc.o src\lib\STM32F1xx_HAL_Driver\Src\stm32f1xx_hal_dac.o src\lib\STM32F1xx_HAL_Driver\Src\stm32f1xx_hal_dac_ex.o src\lib\STM32F1xx_HAL_Driver\Src\stm32f1xx_hal_dma.o src\lib\STM32F1xx_HAL_Driver\Src\stm32f1xx_hal_eth.o src\lib\STM32F1xx_HAL_Driver\Src\stm32f1xx_hal_flash.o src\lib\STM32F1xx_HAL_Driver\Src\stm32f1xx_hal_flash_ex.o src\lib\STM32F1xx_HAL_Driver\Src\stm32f1xx_hal_gpio.o src\lib\STM32F1xx_HAL_Driver\Src\stm32f1xx_hal_gpio_ex.o src\lib\STM32F1xx_HAL_Driver\Src\stm32f1xx_hal_hcd.o src\lib\STM32F1xx_HAL_Driver\Src\stm32f1xx_hal_i2c.o src\lib\STM32F1xx_HAL_Driver\Src\stm32f1xx_hal_i2s.o src\lib\STM32F1xx_HAL_Driver\Src\stm32f1xx_hal_irda.o src\lib\STM32F1xx_HAL_Driver\Src\stm32f1xx_hal_iwdg.o src\lib\STM32F1xx_HAL_Driver\Src\stm32f1xx_hal_mmc.o src\lib\STM32F1xx_HAL_Driver\Src\stm32f1xx_hal_nand.o src\lib\STM32F1xx_HAL_Driver\Src\stm32f1xx_hal_nor.o src\lib\STM32F1xx_HAL_Driver\Src\stm32f1xx_hal_pccard.o src\lib\STM32F1xx_HAL_Driver\Src\stm32f1xx_hal_pcd.o src\lib\STM32F1xx_HAL_Driver\Src\stm32f1xx_hal_pcd_ex.o src\lib\STM32F1xx_HAL_Driver\Src\stm32f1xx_hal_pwr.o src\lib\STM32F1xx_HAL_Driver\Src\stm32f1xx_hal_rcc.o src\lib\STM32F1xx_HAL_Driver\Src\stm32f1xx_hal_rcc_ex.o src\lib\STM32F1xx_HAL_Driver\Src\stm32f1xx_hal_rtc.o src\lib\STM32F1xx_HAL_Driver\Src\stm32f1xx_hal_rtc_ex.o src\lib\STM32F1xx_HAL_Driver\Src\stm32f1xx_hal_sd.o src\lib\STM32F1xx_HAL_Driver\Src\stm32f1xx_hal_smartcard.o src\lib\STM32F1xx_HAL_Driver\Src\stm32f1xx_hal_spi.o src\lib\STM32F1xx_HAL_Driver\Src\stm32f1xx_hal_spi_ex.o src\lib\STM32F1xx_HAL_Driver\Src\stm32f1xx_hal_sram.o src\lib\STM32F1xx_HAL_Driver\Src\stm32f1xx_hal_tim.o src\lib\STM32F1xx_HAL_Driver\Src\stm32f1xx_hal_tim_ex.o src\lib\STM32F1xx_HAL_Driver\Src\stm32f1xx_hal_uart.o src\lib\STM32F1xx_HAL_Driver\Src\stm32f1xx_hal_usart.o src\lib\STM32F1xx_HAL_Driver\Src\stm32f1xx_hal_wwdg.o src\lib\STM32F1xx_HAL_Driver\Src\stm32f1xx_ll_adc.o src\lib\STM32F1xx_HAL_Driver\Src\stm32f1xx_ll_crc.o src\lib\STM32F1xx_HAL_Driver\Src\stm32f1xx_ll_dac.o src\lib\STM32F1xx_HAL_Driver\Src\stm32f1xx_ll_dma.o src\lib\STM32F1xx_HAL_Driver\Src\stm32f1xx_ll_exti.o src\lib\STM32F1xx_HAL_Driver\Src\stm32f1xx_ll_fsmc.o src\lib\STM32F1xx_HAL_Driver\Src\stm32f1xx_ll_gpio.o src\lib\STM32F1xx_HAL_Driver\Src\stm32f1xx_ll_i2c.o src\lib\STM32F1xx_HAL_Driver\Src\stm32f1xx_ll_pwr.o src\lib\STM32F1xx_HAL_Driver\Src\stm32f1xx_ll_rcc.o src\lib\STM32F1xx_HAL_Driver\Src\stm32f1xx_ll_rtc.o src\lib\STM32F1xx_HAL_Driver\Src\stm32f1xx_ll_sdmmc.o src\lib\STM32F1xx_HAL_Driver\Src\stm32f1xx_ll_spi.o src\lib\STM32F1xx_HAL_Driver\Src\stm32f1xx_ll_tim.o src\lib\STM32F1xx_HAL_Driver\Src\stm32f1xx_ll_usart.o src\lib\STM32F1xx_HAL_Driver\Src\stm32f1xx_ll_usb.o src\lib\STM32F1xx_HAL_Driver\Src\stm32f1xx_ll_utils.o src\main.o -mthumb -mcpu=cortex-m3 -specs=nosys.specs -static -Wl,-cref,-u,Reset_Handler -Wl,-Map=01_LED.map -Wl,--gc-sections -Wl,--defsym=malloc_getpagesize_P=0x80 -Wl,--start-group -lc -lm -Wl,--end-group -specs=nano.specs 
c:/program files (x86)/atollic/truestudio for stm32 9.0.1/armtools/bin/../lib/gcc/arm-atollic-eabi/6.3.1/../../../../arm-atollic-eabi/bin/ld.exe: warning: cannot find entry symbol _start; defaulting to 0000800c
src\bsp\startup\startup_stm32f103xb.o: In function `LoopFillZerobss':
D:\Project_NucleoF103RB\01_LED\Debug/..\src\bsp\startup/startup_stm32f103xb.s:86: undefined reference to `_sidata'
D:\Project_NucleoF103RB\01_LED\Debug/..\src\bsp\startup/startup_stm32f103xb.s:92: undefined reference to `_sdata'
D:\Project_NucleoF103RB\01_LED\Debug/..\src\bsp\startup/startup_stm32f103xb.s:97: undefined reference to `_sbss'
D:\Project_NucleoF103RB\01_LED\Debug/..\src\bsp\startup/startup_stm32f103xb.s:105: undefined reference to `_ebss'
collect2.exe: error: ld returned 1 exit status
Info: Parallel threads used: 1
12:38:01 **** Incremental Build of configuration Debug for project 01_LED ****
Info: Internal Builder is used for build
arm-atollic-eabi-gcc -o 01_LED.elf src\ap\ap.o src\bsp\bsp.o src\bsp\cmsis\system_stm32f1xx.o src\bsp\startup\startup_stm32f103xb.o src\bsp\stm32f1xx_it.o src\hw\hw.o src\lib\STM32F1xx_HAL_Driver\Src\stm32f1xx_hal.o src\lib\STM32F1xx_HAL_Driver\Src\stm32f1xx_hal_adc.o src\lib\STM32F1xx_HAL_Driver\Src\stm32f1xx_hal_adc_ex.o src\lib\STM32F1xx_HAL_Driver\Src\stm32f1xx_hal_can.o src\lib\STM32F1xx_HAL_Driver\Src\stm32f1xx_hal_cec.o src\lib\STM32F1xx_HAL_Driver\Src\stm32f1xx_hal_cortex.o src\lib\STM32F1xx_HAL_Driver\Src\stm32f1xx_hal_crc.o src\lib\STM32F1xx_HAL_Driver\Src\stm32f1xx_hal_dac.o src\lib\STM32F1xx_HAL_Driver\Src\stm32f1xx_hal_dac_ex.o src\lib\STM32F1xx_HAL_Driver\Src\stm32f1xx_hal_dma.o src\lib\STM32F1xx_HAL_Driver\Src\stm32f1xx_hal_eth.o src\lib\STM32F1xx_HAL_Driver\Src\stm32f1xx_hal_flash.o src\lib\STM32F1xx_HAL_Driver\Src\stm32f1xx_hal_flash_ex.o src\lib\STM32F1xx_HAL_Driver\Src\stm32f1xx_hal_gpio.o src\lib\STM32F1xx_HAL_Driver\Src\stm32f1xx_hal_gpio_ex.o src\lib\STM32F1xx_HAL_Driver\Src\stm32f1xx_hal_hcd.o src\lib\STM32F1xx_HAL_Driver\Src\stm32f1xx_hal_i2c.o src\lib\STM32F1xx_HAL_Driver\Src\stm32f1xx_hal_i2s.o src\lib\STM32F1xx_HAL_Driver\Src\stm32f1xx_hal_irda.o src\lib\STM32F1xx_HAL_Driver\Src\stm32f1xx_hal_iwdg.o src\lib\STM32F1xx_HAL_Driver\Src\stm32f1xx_hal_mmc.o src\lib\STM32F1xx_HAL_Driver\Src\stm32f1xx_hal_nand.o src\lib\STM32F1xx_HAL_Driver\Src\stm32f1xx_hal_nor.o src\lib\STM32F1xx_HAL_Driver\Src\stm32f1xx_hal_pccard.o src\lib\STM32F1xx_HAL_Driver\Src\stm32f1xx_hal_pcd.o src\lib\STM32F1xx_HAL_Driver\Src\stm32f1xx_hal_pcd_ex.o src\lib\STM32F1xx_HAL_Driver\Src\stm32f1xx_hal_pwr.o src\lib\STM32F1xx_HAL_Driver\Src\stm32f1xx_hal_rcc.o src\lib\STM32F1xx_HAL_Driver\Src\stm32f1xx_hal_rcc_ex.o src\lib\STM32F1xx_HAL_Driver\Src\stm32f1xx_hal_rtc.o src\lib\STM32F1xx_HAL_Driver\Src\stm32f1xx_hal_rtc_ex.o src\lib\STM32F1xx_HAL_Driver\Src\stm32f1xx_hal_sd.o src\lib\STM32F1xx_HAL_Driver\Src\stm32f1xx_hal_smartcard.o src\lib\STM32F1xx_HAL_Driver\Src\stm32f1xx_hal_spi.o src\lib\STM32F1xx_HAL_Driver\Src\stm32f1xx_hal_spi_ex.o src\lib\STM32F1xx_HAL_Driver\Src\stm32f1xx_hal_sram.o src\lib\STM32F1xx_HAL_Driver\Src\stm32f1xx_hal_tim.o src\lib\STM32F1xx_HAL_Driver\Src\stm32f1xx_hal_tim_ex.o src\lib\STM32F1xx_HAL_Driver\Src\stm32f1xx_hal_uart.o src\lib\STM32F1xx_HAL_Driver\Src\stm32f1xx_hal_usart.o src\lib\STM32F1xx_HAL_Driver\Src\stm32f1xx_hal_wwdg.o src\lib\STM32F1xx_HAL_Driver\Src\stm32f1xx_ll_adc.o src\lib\STM32F1xx_HAL_Driver\Src\stm32f1xx_ll_crc.o src\lib\STM32F1xx_HAL_Driver\Src\stm32f1xx_ll_dac.o src\lib\STM32F1xx_HAL_Driver\Src\stm32f1xx_ll_dma.o src\lib\STM32F1xx_HAL_Driver\Src\stm32f1xx_ll_exti.o src\lib\STM32F1xx_HAL_Driver\Src\stm32f1xx_ll_fsmc.o src\lib\STM32F1xx_HAL_Driver\Src\stm32f1xx_ll_gpio.o src\lib\STM32F1xx_HAL_Driver\Src\stm32f1xx_ll_i2c.o src\lib\STM32F1xx_HAL_Driver\Src\stm32f1xx_ll_pwr.o src\lib\STM32F1xx_HAL_Driver\Src\stm32f1xx_ll_rcc.o src\lib\STM32F1xx_HAL_Driver\Src\stm32f1xx_ll_rtc.o src\lib\STM32F1xx_HAL_Driver\Src\stm32f1xx_ll_sdmmc.o src\lib\STM32F1xx_HAL_Driver\Src\stm32f1xx_ll_spi.o src\lib\STM32F1xx_HAL_Driver\Src\stm32f1xx_ll_tim.o src\lib\STM32F1xx_HAL_Driver\Src\stm32f1xx_ll_usart.o src\lib\STM32F1xx_HAL_Driver\Src\stm32f1xx_ll_usb.o src\lib\STM32F1xx_HAL_Driver\Src\stm32f1xx_ll_utils.o src\main.o -mthumb -mcpu=cortex-m3 -T..\src\bsp\ldscript\STM32F103XB_FLASH.ld -specs=nosys.specs -static -Wl,-cref,-u,Reset_Handler -Wl,-Map=01_LED.map -Wl,--gc-sections -Wl,--defsym=malloc_getpagesize_P=0x80 -Wl,--start-group -lc -lm -Wl,--end-group -specs=nano.specs 
c:/program files (x86)/atollic/truestudio for stm32 9.0.1/armtools/bin/../lib/gcc/arm-atollic-eabi/6.3.1/../../../../arm-atollic-eabi/bin/ld.exe:..\src\bsp\ldscript\STM32F103XB_FLASH.ld:74: syntax error
collect2.exe: error: ld returned 1 exit status
Info: Parallel threads used: 1
12:39:08 **** Incremental Build of configuration Debug for project 01_LED ****
Info: Internal Builder is used for build
arm-atollic-eabi-gcc -o 01_LED.elf src\ap\ap.o src\bsp\bsp.o src\bsp\cmsis\system_stm32f1xx.o src\bsp\startup\startup_stm32f103xb.o src\bsp\stm32f1xx_it.o src\hw\hw.o src\lib\STM32F1xx_HAL_Driver\Src\stm32f1xx_hal.o src\lib\STM32F1xx_HAL_Driver\Src\stm32f1xx_hal_adc.o src\lib\STM32F1xx_HAL_Driver\Src\stm32f1xx_hal_adc_ex.o src\lib\STM32F1xx_HAL_Driver\Src\stm32f1xx_hal_can.o src\lib\STM32F1xx_HAL_Driver\Src\stm32f1xx_hal_cec.o src\lib\STM32F1xx_HAL_Driver\Src\stm32f1xx_hal_cortex.o src\lib\STM32F1xx_HAL_Driver\Src\stm32f1xx_hal_crc.o src\lib\STM32F1xx_HAL_Driver\Src\stm32f1xx_hal_dac.o src\lib\STM32F1xx_HAL_Driver\Src\stm32f1xx_hal_dac_ex.o src\lib\STM32F1xx_HAL_Driver\Src\stm32f1xx_hal_dma.o src\lib\STM32F1xx_HAL_Driver\Src\stm32f1xx_hal_eth.o src\lib\STM32F1xx_HAL_Driver\Src\stm32f1xx_hal_flash.o src\lib\STM32F1xx_HAL_Driver\Src\stm32f1xx_hal_flash_ex.o src\lib\STM32F1xx_HAL_Driver\Src\stm32f1xx_hal_gpio.o src\lib\STM32F1xx_HAL_Driver\Src\stm32f1xx_hal_gpio_ex.o src\lib\STM32F1xx_HAL_Driver\Src\stm32f1xx_hal_hcd.o src\lib\STM32F1xx_HAL_Driver\Src\stm32f1xx_hal_i2c.o src\lib\STM32F1xx_HAL_Driver\Src\stm32f1xx_hal_i2s.o src\lib\STM32F1xx_HAL_Driver\Src\stm32f1xx_hal_irda.o src\lib\STM32F1xx_HAL_Driver\Src\stm32f1xx_hal_iwdg.o src\lib\STM32F1xx_HAL_Driver\Src\stm32f1xx_hal_mmc.o src\lib\STM32F1xx_HAL_Driver\Src\stm32f1xx_hal_nand.o src\lib\STM32F1xx_HAL_Driver\Src\stm32f1xx_hal_nor.o src\lib\STM32F1xx_HAL_Driver\Src\stm32f1xx_hal_pccard.o src\lib\STM32F1xx_HAL_Driver\Src\stm32f1xx_hal_pcd.o src\lib\STM32F1xx_HAL_Driver\Src\stm32f1xx_hal_pcd_ex.o src\lib\STM32F1xx_HAL_Driver\Src\stm32f1xx_hal_pwr.o src\lib\STM32F1xx_HAL_Driver\Src\stm32f1xx_hal_rcc.o src\lib\STM32F1xx_HAL_Driver\Src\stm32f1xx_hal_rcc_ex.o src\lib\STM32F1xx_HAL_Driver\Src\stm32f1xx_hal_rtc.o src\lib\STM32F1xx_HAL_Driver\Src\stm32f1xx_hal_rtc_ex.o src\lib\STM32F1xx_HAL_Driver\Src\stm32f1xx_hal_sd.o src\lib\STM32F1xx_HAL_Driver\Src\stm32f1xx_hal_smartcard.o src\lib\STM32F1xx_HAL_Driver\Src\stm32f1xx_hal_spi.o src\lib\STM32F1xx_HAL_Driver\Src\stm32f1xx_hal_spi_ex.o src\lib\STM32F1xx_HAL_Driver\Src\stm32f1xx_hal_sram.o src\lib\STM32F1xx_HAL_Driver\Src\stm32f1xx_hal_tim.o src\lib\STM32F1xx_HAL_Driver\Src\stm32f1xx_hal_tim_ex.o src\lib\STM32F1xx_HAL_Driver\Src\stm32f1xx_hal_uart.o src\lib\STM32F1xx_HAL_Driver\Src\stm32f1xx_hal_usart.o src\lib\STM32F1xx_HAL_Driver\Src\stm32f1xx_hal_wwdg.o src\lib\STM32F1xx_HAL_Driver\Src\stm32f1xx_ll_adc.o src\lib\STM32F1xx_HAL_Driver\Src\stm32f1xx_ll_crc.o src\lib\STM32F1xx_HAL_Driver\Src\stm32f1xx_ll_dac.o src\lib\STM32F1xx_HAL_Driver\Src\stm32f1xx_ll_dma.o src\lib\STM32F1xx_HAL_Driver\Src\stm32f1xx_ll_exti.o src\lib\STM32F1xx_HAL_Driver\Src\stm32f1xx_ll_fsmc.o src\lib\STM32F1xx_HAL_Driver\Src\stm32f1xx_ll_gpio.o src\lib\STM32F1xx_HAL_Driver\Src\stm32f1xx_ll_i2c.o src\lib\STM32F1xx_HAL_Driver\Src\stm32f1xx_ll_pwr.o src\lib\STM32F1xx_HAL_Driver\Src\stm32f1xx_ll_rcc.o src\lib\STM32F1xx_HAL_Driver\Src\stm32f1xx_ll_rtc.o src\lib\STM32F1xx_HAL_Driver\Src\stm32f1xx_ll_sdmmc.o src\lib\STM32F1xx_HAL_Driver\Src\stm32f1xx_ll_spi.o src\lib\STM32F1xx_HAL_Driver\Src\stm32f1xx_ll_tim.o src\lib\STM32F1xx_HAL_Driver\Src\stm32f1xx_ll_usart.o src\lib\STM32F1xx_HAL_Driver\Src\stm32f1xx_ll_usb.o src\lib\STM32F1xx_HAL_Driver\Src\stm32f1xx_ll_utils.o src\main.o -mthumb -mcpu=cortex-m3 -T..\src\bsp\ldscript\STM32F103XB_FLASH.ld -specs=nosys.specs -static -Wl,-cref,-u,Reset_Handler -Wl,-Map=01_LED.map -Wl,--gc-sections -Wl,--defsym=malloc_getpagesize_P=0x80 -Wl,--start-group -lc -lm -Wl,--end-group -specs=nano.specs 
C:\Program Files (x86)\Atollic\TrueSTUDIO for STM32 9.0.1\ide\jre\bin\java -jar C:\Program Files (x86)\Atollic\TrueSTUDIO for STM32 9.0.1\Tools\arm-atollic-reports.jar sizeinfo list 01_LED.elf 
Generate build reports...
Print size information
   text	   data	    bss	    dec	    hex	filename
   1816	     20	   1568	   3404	    d4c	01_LED.elf
Print size information done
Generate listing file
Output sent to: 01_LED.list
Generate listing file done
Generate build reports done
Info: Parallel threads used: 1
13:23:02 **** Incremental Build of configuration Debug for project 01_LED ****
Info: Internal Builder is used for build
arm-atollic-eabi-gcc -c ..\src\bsp\bsp.c -mthumb -mcpu=cortex-m3 -std=gnu11 -DSTM32F103xB -ID:\Project_NucleoF103RB\01_LED\src -ID:\Project_NucleoF103RB\01_LED\src\bsp\cmsis -ID:\Project_NucleoF103RB\01_LED\src\bsp\cmsis\Include -ID:\Project_NucleoF103RB\01_LED\src\lib\STM32F1xx_HAL_Driver\Inc -ID:\Project_NucleoF103RB\01_LED\src\ap -ID:\Project_NucleoF103RB\01_LED\src\bsp -ID:\Project_NucleoF103RB\01_LED\src\common -ID:\Project_NucleoF103RB\01_LED\src\hw -ID:\Project_NucleoF103RB\01_LED\src\lib -Og -g -fstack-usage -Wall -specs=nano.specs -o src\bsp\bsp.o 
..\src\bsp\bsp.c: In function 'bspInit':
..\src\bsp\bsp.c:12:3: warning: implicit declaration of function 'HAL_Init' [-Wimplicit-function-declaration]
   HAL_Init();
   ^~~~~~~~
..\src\bsp\bsp.c:15:3: warning: implicit declaration of function 'SystemClock_Config' [-Wimplicit-function-declaration]
   SystemClock_Config();
   ^~~~~~~~~~~~~~~~~~
..\src\bsp\bsp.c:17:3: warning: implicit declaration of function '__HAL_RCC_GPIOD_CLK_ENABLE' [-Wimplicit-function-declaration]
   __HAL_RCC_GPIOD_CLK_ENABLE();
   ^~~~~~~~~~~~~~~~~~~~~~~~~~
arm-atollic-eabi-gcc -o 01_LED.elf src\ap\ap.o src\bsp\bsp.o src\bsp\cmsis\system_stm32f1xx.o src\bsp\startup\startup_stm32f103xb.o src\bsp\stm32f1xx_it.o src\hw\hw.o src\lib\STM32F1xx_HAL_Driver\Src\stm32f1xx_hal.o src\lib\STM32F1xx_HAL_Driver\Src\stm32f1xx_hal_adc.o src\lib\STM32F1xx_HAL_Driver\Src\stm32f1xx_hal_adc_ex.o src\lib\STM32F1xx_HAL_Driver\Src\stm32f1xx_hal_can.o src\lib\STM32F1xx_HAL_Driver\Src\stm32f1xx_hal_cec.o src\lib\STM32F1xx_HAL_Driver\Src\stm32f1xx_hal_cortex.o src\lib\STM32F1xx_HAL_Driver\Src\stm32f1xx_hal_crc.o src\lib\STM32F1xx_HAL_Driver\Src\stm32f1xx_hal_dac.o src\lib\STM32F1xx_HAL_Driver\Src\stm32f1xx_hal_dac_ex.o src\lib\STM32F1xx_HAL_Driver\Src\stm32f1xx_hal_dma.o src\lib\STM32F1xx_HAL_Driver\Src\stm32f1xx_hal_eth.o src\lib\STM32F1xx_HAL_Driver\Src\stm32f1xx_hal_flash.o src\lib\STM32F1xx_HAL_Driver\Src\stm32f1xx_hal_flash_ex.o src\lib\STM32F1xx_HAL_Driver\Src\stm32f1xx_hal_gpio.o src\lib\STM32F1xx_HAL_Driver\Src\stm32f1xx_hal_gpio_ex.o src\lib\STM32F1xx_HAL_Driver\Src\stm32f1xx_hal_hcd.o src\lib\STM32F1xx_HAL_Driver\Src\stm32f1xx_hal_i2c.o src\lib\STM32F1xx_HAL_Driver\Src\stm32f1xx_hal_i2s.o src\lib\STM32F1xx_HAL_Driver\Src\stm32f1xx_hal_irda.o src\lib\STM32F1xx_HAL_Driver\Src\stm32f1xx_hal_iwdg.o src\lib\STM32F1xx_HAL_Driver\Src\stm32f1xx_hal_mmc.o src\lib\STM32F1xx_HAL_Driver\Src\stm32f1xx_hal_nand.o src\lib\STM32F1xx_HAL_Driver\Src\stm32f1xx_hal_nor.o src\lib\STM32F1xx_HAL_Driver\Src\stm32f1xx_hal_pccard.o src\lib\STM32F1xx_HAL_Driver\Src\stm32f1xx_hal_pcd.o src\lib\STM32F1xx_HAL_Driver\Src\stm32f1xx_hal_pcd_ex.o src\lib\STM32F1xx_HAL_Driver\Src\stm32f1xx_hal_pwr.o src\lib\STM32F1xx_HAL_Driver\Src\stm32f1xx_hal_rcc.o src\lib\STM32F1xx_HAL_Driver\Src\stm32f1xx_hal_rcc_ex.o src\lib\STM32F1xx_HAL_Driver\Src\stm32f1xx_hal_rtc.o src\lib\STM32F1xx_HAL_Driver\Src\stm32f1xx_hal_rtc_ex.o src\lib\STM32F1xx_HAL_Driver\Src\stm32f1xx_hal_sd.o src\lib\STM32F1xx_HAL_Driver\Src\stm32f1xx_hal_smartcard.o src\lib\STM32F1xx_HAL_Driver\Src\stm32f1xx_hal_spi.o src\lib\STM32F1xx_HAL_Driver\Src\stm32f1xx_hal_spi_ex.o src\lib\STM32F1xx_HAL_Driver\Src\stm32f1xx_hal_sram.o src\lib\STM32F1xx_HAL_Driver\Src\stm32f1xx_hal_tim.o src\lib\STM32F1xx_HAL_Driver\Src\stm32f1xx_hal_tim_ex.o src\lib\STM32F1xx_HAL_Driver\Src\stm32f1xx_hal_uart.o src\lib\STM32F1xx_HAL_Driver\Src\stm32f1xx_hal_usart.o src\lib\STM32F1xx_HAL_Driver\Src\stm32f1xx_hal_wwdg.o src\lib\STM32F1xx_HAL_Driver\Src\stm32f1xx_ll_adc.o src\lib\STM32F1xx_HAL_Driver\Src\stm32f1xx_ll_crc.o src\lib\STM32F1xx_HAL_Driver\Src\stm32f1xx_ll_dac.o src\lib\STM32F1xx_HAL_Driver\Src\stm32f1xx_ll_dma.o src\lib\STM32F1xx_HAL_Driver\Src\stm32f1xx_ll_exti.o src\lib\STM32F1xx_HAL_Driver\Src\stm32f1xx_ll_fsmc.o src\lib\STM32F1xx_HAL_Driver\Src\stm32f1xx_ll_gpio.o src\lib\STM32F1xx_HAL_Driver\Src\stm32f1xx_ll_i2c.o src\lib\STM32F1xx_HAL_Driver\Src\stm32f1xx_ll_pwr.o src\lib\STM32F1xx_HAL_Driver\Src\stm32f1xx_ll_rcc.o src\lib\STM32F1xx_HAL_Driver\Src\stm32f1xx_ll_rtc.o src\lib\STM32F1xx_HAL_Driver\Src\stm32f1xx_ll_sdmmc.o src\lib\STM32F1xx_HAL_Driver\Src\stm32f1xx_ll_spi.o src\lib\STM32F1xx_HAL_Driver\Src\stm32f1xx_ll_tim.o src\lib\STM32F1xx_HAL_Driver\Src\stm32f1xx_ll_usart.o src\lib\STM32F1xx_HAL_Driver\Src\stm32f1xx_ll_usb.o src\lib\STM32F1xx_HAL_Driver\Src\stm32f1xx_ll_utils.o src\main.o -mthumb -mcpu=cortex-m3 -T..\src\bsp\ldscript\STM32F103XB_FLASH.ld -specs=nosys.specs -static -Wl,-cref,-u,Reset_Handler -Wl,-Map=01_LED.map -Wl,--gc-sections -Wl,--defsym=malloc_getpagesize_P=0x80 -Wl,--start-group -lc -lm -Wl,--end-group -specs=nano.specs 
Internal Builder: !CommandLauncher.error.commandCanceled!
Info: Parallel threads used: 1
13:23:38 **** Rebuild of configuration Debug for project 01_LED ****
Info: Internal Builder is used for build
arm-atollic-eabi-gcc -c ..\src\lib\STM32F1xx_HAL_Driver\Src\stm32f1xx_hal_irda.c -mthumb -mcpu=cortex-m3 -std=gnu11 -DSTM32F103xB -ID:\Project_NucleoF103RB\01_LED\src -ID:\Project_NucleoF103RB\01_LED\src\bsp\cmsis -ID:\Project_NucleoF103RB\01_LED\src\bsp\cmsis\Include -ID:\Project_NucleoF103RB\01_LED\src\lib\STM32F1xx_HAL_Driver\Inc -ID:\Project_NucleoF103RB\01_LED\src\ap -ID:\Project_NucleoF103RB\01_LED\src\bsp -ID:\Project_NucleoF103RB\01_LED\src\common -ID:\Project_NucleoF103RB\01_LED\src\hw -ID:\Project_NucleoF103RB\01_LED\src\lib -Og -g -fstack-usage -Wall -specs=nano.specs -o src\lib\STM32F1xx_HAL_Driver\Src\stm32f1xx_hal_irda.o 
arm-atollic-eabi-gcc -c ..\src\lib\STM32F1xx_HAL_Driver\Src\stm32f1xx_hal_iwdg.c -mthumb -mcpu=cortex-m3 -std=gnu11 -DSTM32F103xB -ID:\Project_NucleoF103RB\01_LED\src -ID:\Project_NucleoF103RB\01_LED\src\bsp\cmsis -ID:\Project_NucleoF103RB\01_LED\src\bsp\cmsis\Include -ID:\Project_NucleoF103RB\01_LED\src\lib\STM32F1xx_HAL_Driver\Inc -ID:\Project_NucleoF103RB\01_LED\src\ap -ID:\Project_NucleoF103RB\01_LED\src\bsp -ID:\Project_NucleoF103RB\01_LED\src\common -ID:\Project_NucleoF103RB\01_LED\src\hw -ID:\Project_NucleoF103RB\01_LED\src\lib -Og -g -fstack-usage -Wall -specs=nano.specs -o src\lib\STM32F1xx_HAL_Driver\Src\stm32f1xx_hal_iwdg.o 
arm-atollic-eabi-gcc -c ..\src\lib\STM32F1xx_HAL_Driver\Src\stm32f1xx_hal_i2s.c -mthumb -mcpu=cortex-m3 -std=gnu11 -DSTM32F103xB -ID:\Project_NucleoF103RB\01_LED\src -ID:\Project_NucleoF103RB\01_LED\src\bsp\cmsis -ID:\Project_NucleoF103RB\01_LED\src\bsp\cmsis\Include -ID:\Project_NucleoF103RB\01_LED\src\lib\STM32F1xx_HAL_Driver\Inc -ID:\Project_NucleoF103RB\01_LED\src\ap -ID:\Project_NucleoF103RB\01_LED\src\bsp -ID:\Project_NucleoF103RB\01_LED\src\common -ID:\Project_NucleoF103RB\01_LED\src\hw -ID:\Project_NucleoF103RB\01_LED\src\lib -Og -g -fstack-usage -Wall -specs=nano.specs -o src\lib\STM32F1xx_HAL_Driver\Src\stm32f1xx_hal_i2s.o 
arm-atollic-eabi-gcc -c ..\src\lib\STM32F1xx_HAL_Driver\Src\stm32f1xx_hal_gpio.c -mthumb -mcpu=cortex-m3 -std=gnu11 -DSTM32F103xB -ID:\Project_NucleoF103RB\01_LED\src -ID:\Project_NucleoF103RB\01_LED\src\bsp\cmsis -ID:\Project_NucleoF103RB\01_LED\src\bsp\cmsis\Include -ID:\Project_NucleoF103RB\01_LED\src\lib\STM32F1xx_HAL_Driver\Inc -ID:\Project_NucleoF103RB\01_LED\src\ap -ID:\Project_NucleoF103RB\01_LED\src\bsp -ID:\Project_NucleoF103RB\01_LED\src\common -ID:\Project_NucleoF103RB\01_LED\src\hw -ID:\Project_NucleoF103RB\01_LED\src\lib -Og -g -fstack-usage -Wall -specs=nano.specs -o src\lib\STM32F1xx_HAL_Driver\Src\stm32f1xx_hal_gpio.o 
arm-atollic-eabi-gcc -c ..\src\lib\STM32F1xx_HAL_Driver\Src\stm32f1xx_hal_can.c -mthumb -mcpu=cortex-m3 -std=gnu11 -DSTM32F103xB -ID:\Project_NucleoF103RB\01_LED\src -ID:\Project_NucleoF103RB\01_LED\src\bsp\cmsis -ID:\Project_NucleoF103RB\01_LED\src\bsp\cmsis\Include -ID:\Project_NucleoF103RB\01_LED\src\lib\STM32F1xx_HAL_Driver\Inc -ID:\Project_NucleoF103RB\01_LED\src\ap -ID:\Project_NucleoF103RB\01_LED\src\bsp -ID:\Project_NucleoF103RB\01_LED\src\common -ID:\Project_NucleoF103RB\01_LED\src\hw -ID:\Project_NucleoF103RB\01_LED\src\lib -Og -g -fstack-usage -Wall -specs=nano.specs -o src\lib\STM32F1xx_HAL_Driver\Src\stm32f1xx_hal_can.o 
arm-atollic-eabi-gcc -c ..\src\lib\STM32F1xx_HAL_Driver\Src\stm32f1xx_ll_usart.c -mthumb -mcpu=cortex-m3 -std=gnu11 -DSTM32F103xB -ID:\Project_NucleoF103RB\01_LED\src -ID:\Project_NucleoF103RB\01_LED\src\bsp\cmsis -ID:\Project_NucleoF103RB\01_LED\src\bsp\cmsis\Include -ID:\Project_NucleoF103RB\01_LED\src\lib\STM32F1xx_HAL_Driver\Inc -ID:\Project_NucleoF103RB\01_LED\src\ap -ID:\Project_NucleoF103RB\01_LED\src\bsp -ID:\Project_NucleoF103RB\01_LED\src\common -ID:\Project_NucleoF103RB\01_LED\src\hw -ID:\Project_NucleoF103RB\01_LED\src\lib -Og -g -fstack-usage -Wall -specs=nano.specs -o src\lib\STM32F1xx_HAL_Driver\Src\stm32f1xx_ll_usart.o 
arm-atollic-eabi-gcc -c ..\src\lib\STM32F1xx_HAL_Driver\Src\stm32f1xx_ll_tim.c -mthumb -mcpu=cortex-m3 -std=gnu11 -DSTM32F103xB -ID:\Project_NucleoF103RB\01_LED\src -ID:\Project_NucleoF103RB\01_LED\src\bsp\cmsis -ID:\Project_NucleoF103RB\01_LED\src\bsp\cmsis\Include -ID:\Project_NucleoF103RB\01_LED\src\lib\STM32F1xx_HAL_Driver\Inc -ID:\Project_NucleoF103RB\01_LED\src\ap -ID:\Project_NucleoF103RB\01_LED\src\bsp -ID:\Project_NucleoF103RB\01_LED\src\common -ID:\Project_NucleoF103RB\01_LED\src\hw -ID:\Project_NucleoF103RB\01_LED\src\lib -Og -g -fstack-usage -Wall -specs=nano.specs -o src\lib\STM32F1xx_HAL_Driver\Src\stm32f1xx_ll_tim.o 
arm-atollic-eabi-gcc -c ..\src\bsp\cmsis\system_stm32f1xx.c -mthumb -mcpu=cortex-m3 -std=gnu11 -DSTM32F103xB -ID:\Project_NucleoF103RB\01_LED\src -ID:\Project_NucleoF103RB\01_LED\src\bsp\cmsis -ID:\Project_NucleoF103RB\01_LED\src\bsp\cmsis\Include -ID:\Project_NucleoF103RB\01_LED\src\lib\STM32F1xx_HAL_Driver\Inc -ID:\Project_NucleoF103RB\01_LED\src\ap -ID:\Project_NucleoF103RB\01_LED\src\bsp -ID:\Project_NucleoF103RB\01_LED\src\common -ID:\Project_NucleoF103RB\01_LED\src\hw -ID:\Project_NucleoF103RB\01_LED\src\lib -Og -g -fstack-usage -Wall -specs=nano.specs -o src\bsp\cmsis\system_stm32f1xx.o 
arm-atollic-eabi-gcc -c ..\src\lib\STM32F1xx_HAL_Driver\Src\stm32f1xx_ll_rcc.c -mthumb -mcpu=cortex-m3 -std=gnu11 -DSTM32F103xB -ID:\Project_NucleoF103RB\01_LED\src -ID:\Project_NucleoF103RB\01_LED\src\bsp\cmsis -ID:\Project_NucleoF103RB\01_LED\src\bsp\cmsis\Include -ID:\Project_NucleoF103RB\01_LED\src\lib\STM32F1xx_HAL_Driver\Inc -ID:\Project_NucleoF103RB\01_LED\src\ap -ID:\Project_NucleoF103RB\01_LED\src\bsp -ID:\Project_NucleoF103RB\01_LED\src\common -ID:\Project_NucleoF103RB\01_LED\src\hw -ID:\Project_NucleoF103RB\01_LED\src\lib -Og -g -fstack-usage -Wall -specs=nano.specs -o src\lib\STM32F1xx_HAL_Driver\Src\stm32f1xx_ll_rcc.o 
arm-atollic-eabi-gcc -c ..\src\lib\STM32F1xx_HAL_Driver\Src\stm32f1xx_hal_pcd_ex.c -mthumb -mcpu=cortex-m3 -std=gnu11 -DSTM32F103xB -ID:\Project_NucleoF103RB\01_LED\src -ID:\Project_NucleoF103RB\01_LED\src\bsp\cmsis -ID:\Project_NucleoF103RB\01_LED\src\bsp\cmsis\Include -ID:\Project_NucleoF103RB\01_LED\src\lib\STM32F1xx_HAL_Driver\Inc -ID:\Project_NucleoF103RB\01_LED\src\ap -ID:\Project_NucleoF103RB\01_LED\src\bsp -ID:\Project_NucleoF103RB\01_LED\src\common -ID:\Project_NucleoF103RB\01_LED\src\hw -ID:\Project_NucleoF103RB\01_LED\src\lib -Og -g -fstack-usage -Wall -specs=nano.specs -o src\lib\STM32F1xx_HAL_Driver\Src\stm32f1xx_hal_pcd_ex.o 
arm-atollic-eabi-gcc -c ..\src\lib\STM32F1xx_HAL_Driver\Src\stm32f1xx_hal_crc.c -mthumb -mcpu=cortex-m3 -std=gnu11 -DSTM32F103xB -ID:\Project_NucleoF103RB\01_LED\src -ID:\Project_NucleoF103RB\01_LED\src\bsp\cmsis -ID:\Project_NucleoF103RB\01_LED\src\bsp\cmsis\Include -ID:\Project_NucleoF103RB\01_LED\src\lib\STM32F1xx_HAL_Driver\Inc -ID:\Project_NucleoF103RB\01_LED\src\ap -ID:\Project_NucleoF103RB\01_LED\src\bsp -ID:\Project_NucleoF103RB\01_LED\src\common -ID:\Project_NucleoF103RB\01_LED\src\hw -ID:\Project_NucleoF103RB\01_LED\src\lib -Og -g -fstack-usage -Wall -specs=nano.specs -o src\lib\STM32F1xx_HAL_Driver\Src\stm32f1xx_hal_crc.o 
arm-atollic-eabi-gcc -c ..\src\lib\STM32F1xx_HAL_Driver\Src\stm32f1xx_hal.c -mthumb -mcpu=cortex-m3 -std=gnu11 -DSTM32F103xB -ID:\Project_NucleoF103RB\01_LED\src -ID:\Project_NucleoF103RB\01_LED\src\bsp\cmsis -ID:\Project_NucleoF103RB\01_LED\src\bsp\cmsis\Include -ID:\Project_NucleoF103RB\01_LED\src\lib\STM32F1xx_HAL_Driver\Inc -ID:\Project_NucleoF103RB\01_LED\src\ap -ID:\Project_NucleoF103RB\01_LED\src\bsp -ID:\Project_NucleoF103RB\01_LED\src\common -ID:\Project_NucleoF103RB\01_LED\src\hw -ID:\Project_NucleoF103RB\01_LED\src\lib -Og -g -fstack-usage -Wall -specs=nano.specs -o src\lib\STM32F1xx_HAL_Driver\Src\stm32f1xx_hal.o 
arm-atollic-eabi-gcc -c ..\src\bsp\bsp.c -mthumb -mcpu=cortex-m3 -std=gnu11 -DSTM32F103xB -ID:\Project_NucleoF103RB\01_LED\src -ID:\Project_NucleoF103RB\01_LED\src\bsp\cmsis -ID:\Project_NucleoF103RB\01_LED\src\bsp\cmsis\Include -ID:\Project_NucleoF103RB\01_LED\src\lib\STM32F1xx_HAL_Driver\Inc -ID:\Project_NucleoF103RB\01_LED\src\ap -ID:\Project_NucleoF103RB\01_LED\src\bsp -ID:\Project_NucleoF103RB\01_LED\src\common -ID:\Project_NucleoF103RB\01_LED\src\hw -ID:\Project_NucleoF103RB\01_LED\src\lib -Og -g -fstack-usage -Wall -specs=nano.specs -o src\bsp\bsp.o 
arm-atollic-eabi-gcc -c ..\src\lib\STM32F1xx_HAL_Driver\Src\stm32f1xx_hal_pwr.c -mthumb -mcpu=cortex-m3 -std=gnu11 -DSTM32F103xB -ID:\Project_NucleoF103RB\01_LED\src -ID:\Project_NucleoF103RB\01_LED\src\bsp\cmsis -ID:\Project_NucleoF103RB\01_LED\src\bsp\cmsis\Include -ID:\Project_NucleoF103RB\01_LED\src\lib\STM32F1xx_HAL_Driver\Inc -ID:\Project_NucleoF103RB\01_LED\src\ap -ID:\Project_NucleoF103RB\01_LED\src\bsp -ID:\Project_NucleoF103RB\01_LED\src\common -ID:\Project_NucleoF103RB\01_LED\src\hw -ID:\Project_NucleoF103RB\01_LED\src\lib -Og -g -fstack-usage -Wall -specs=nano.specs -o src\lib\STM32F1xx_HAL_Driver\Src\stm32f1xx_hal_pwr.o 
..\src\bsp\bsp.c:10:1: warning: data definition has no type or storage class
 SystemClock_Config();
 ^~~~~~~~~~~~~~~~~~
..\src\bsp\bsp.c:10:1: warning: type defaults to 'int' in declaration of 'SystemClock_Config' [-Wimplicit-int]
..\src\bsp\bsp.c: In function 'bspInit':
..\src\bsp\bsp.c:14:3: warning: implicit declaration of function 'HAL_Init' [-Wimplicit-function-declaration]
   HAL_Init();
   ^~~~~~~~
..\src\bsp\bsp.c:19:3: warning: implicit declaration of function '__HAL_RCC_GPIOD_CLK_ENABLE' [-Wimplicit-function-declaration]
   __HAL_RCC_GPIOD_CLK_ENABLE();
   ^~~~~~~~~~~~~~~~~~~~~~~~~~
..\src\bsp\bsp.c: At top level:
..\src\bsp\bsp.c:36:6: error: conflicting types for 'SystemClock_Config'
 void SystemClock_Config(void)
      ^~~~~~~~~~~~~~~~~~
..\src\bsp\bsp.c:10:1: note: previous declaration of 'SystemClock_Config' was here
 SystemClock_Config();
 ^~~~~~~~~~~~~~~~~~
..\src\bsp\bsp.c: In function 'SystemClock_Config':
..\src\bsp\bsp.c:38:3: error: unknown type name 'RCC_ClkInitTypeDef'
   RCC_ClkInitTypeDef clkinitstruct = {0};
   ^~~~~~~~~~~~~~~~~~
..\src\bsp\bsp.c:39:3: error: unknown type name 'RCC_OscInitTypeDef'
   RCC_OscInitTypeDef oscinitstruct = {0};
   ^~~~~~~~~~~~~~~~~~
..\src\bsp\bsp.c:45:16: error: request for member 'OscillatorType' in something not a structure or union
   oscinitstruct.OscillatorType  = RCC_OSCILLATORTYPE_HSI;
                ^
..\src\bsp\bsp.c:45:35: error: 'RCC_OSCILLATORTYPE_HSI' undeclared (first use in this function)
   oscinitstruct.OscillatorType  = RCC_OSCILLATORTYPE_HSI;
                                   ^~~~~~~~~~~~~~~~~~~~~~
..\src\bsp\bsp.c:45:35: note: each undeclared identifier is reported only once for each function it appears in
..\src\bsp\bsp.c:46:16: error: request for member 'HSEState' in something not a structure or union
   oscinitstruct.HSEState        = RCC_HSE_OFF;
                ^
[...]
..\src\hw\core\uart.c: In function 'HAL_UART_RxCpltCallback':
..\src\hw\core\uart.c:233:3: warning: implicit declaration of function 'ledToggle' [-Wimplicit-function-declaration]
   ledToggle(0);  // for debugging
   ^~~~~~~~~
arm-atollic-eabi-gcc -o 03_UART.elf src\ap\ap.o src\bsp\bsp.o src\bsp\cmsis\system_stm32f1xx.o src\bsp\startup\startup_stm32f103xb.o src\bsp\stm32f1xx_it.o src\common\core\qbuffer.o src\hw\core\button.o src\hw\core\led.o src\hw\core\uart.o src\hw\hw.o src\lib\STM32F1xx_HAL_Driver\Src\stm32f1xx_hal.o src\lib\STM32F1xx_HAL_Driver\Src\stm32f1xx_hal_adc.o src\lib\STM32F1xx_HAL_Driver\Src\stm32f1xx_hal_adc_ex.o src\lib\STM32F1xx_HAL_Driver\Src\stm32f1xx_hal_can.o src\lib\STM32F1xx_HAL_Driver\Src\stm32f1xx_hal_cec.o src\lib\STM32F1xx_HAL_Driver\Src\stm32f1xx_hal_cortex.o src\lib\STM32F1xx_HAL_Driver\Src\stm32f1xx_hal_crc.o src\lib\STM32F1xx_HAL_Driver\Src\stm32f1xx_hal_dac.o src\lib\STM32F1xx_HAL_Driver\Src\stm32f1xx_hal_dac_ex.o src\lib\STM32F1xx_HAL_Driver\Src\stm32f1xx_hal_dma.o src\lib\STM32F1xx_HAL_Driver\Src\stm32f1xx_hal_eth.o src\lib\STM32F1xx_HAL_Driver\Src\stm32f1xx_hal_flash.o src\lib\STM32F1xx_HAL_Driver\Src\stm32f1xx_hal_flash_ex.o src\lib\STM32F1xx_HAL_Driver\Src\stm32f1xx_hal_gpio.o src\lib\STM32F1xx_HAL_Driver\Src\stm32f1xx_hal_gpio_ex.o src\lib\STM32F1xx_HAL_Driver\Src\stm32f1xx_hal_hcd.o src\lib\STM32F1xx_HAL_Driver\Src\stm32f1xx_hal_i2c.o src\lib\STM32F1xx_HAL_Driver\Src\stm32f1xx_hal_i2s.o src\lib\STM32F1xx_HAL_Driver\Src\stm32f1xx_hal_irda.o src\lib\STM32F1xx_HAL_Driver\Src\stm32f1xx_hal_iwdg.o src\lib\STM32F1xx_HAL_Driver\Src\stm32f1xx_hal_mmc.o src\lib\STM32F1xx_HAL_Driver\Src\stm32f1xx_hal_nand.o src\lib\STM32F1xx_HAL_Driver\Src\stm32f1xx_hal_nor.o src\lib\STM32F1xx_HAL_Driver\Src\stm32f1xx_hal_pccard.o src\lib\STM32F1xx_HAL_Driver\Src\stm32f1xx_hal_pcd.o src\lib\STM32F1xx_HAL_Driver\Src\stm32f1xx_hal_pcd_ex.o src\lib\STM32F1xx_HAL_Driver\Src\stm32f1xx_hal_pwr.o src\lib\STM32F1xx_HAL_Driver\Src\stm32f1xx_hal_rcc.o src\lib\STM32F1xx_HAL_Driver\Src\stm32f1xx_hal_rcc_ex.o src\lib\STM32F1xx_HAL_Driver\Src\stm32f1xx_hal_rtc.o src\lib\STM32F1xx_HAL_Driver\Src\stm32f1xx_hal_rtc_ex.o src\lib\STM32F1xx_HAL_Driver\Src\stm32f1xx_hal_sd.o src\lib\STM32F1xx_HAL_Driver\Src\stm32f1xx_hal_smartcard.o src\lib\STM32F1xx_HAL_Driver\Src\stm32f1xx_hal_spi.o src\lib\STM32F1xx_HAL_Driver\Src\stm32f1xx_hal_spi_ex.o src\lib\STM32F1xx_HAL_Driver\Src\stm32f1xx_hal_sram.o src\lib\STM32F1xx_HAL_Driver\Src\stm32f1xx_hal_tim.o src\lib\STM32F1xx_HAL_Driver\Src\stm32f1xx_hal_tim_ex.o src\lib\STM32F1xx_HAL_Driver\Src\stm32f1xx_hal_uart.o src\lib\STM32F1xx_HAL_Driver\Src\stm32f1xx_hal_usart.o src\lib\STM32F1xx_HAL_Driver\Src\stm32f1xx_hal_wwdg.o src\lib\STM32F1xx_HAL_Driver\Src\stm32f1xx_ll_adc.o src\lib\STM32F1xx_HAL_Driver\Src\stm32f1xx_ll_crc.o src\lib\STM32F1xx_HAL_Driver\Src\stm32f1xx_ll_dac.o src\lib\STM32F1xx_HAL_Driver\Src\stm32f1xx_ll_dma.o src\lib\STM32F1xx_HAL_Driver\Src\stm32f1xx_ll_exti.o src\lib\STM32F1xx_HAL_Driver\Src\stm32f1xx_ll_fsmc.o src\lib\STM32F1xx_HAL_Driver\Src\stm32f1xx_ll_gpio.o src\lib\STM32F1xx_HAL_Driver\Src\stm32f1xx_ll_i2c.o src\lib\STM32F1xx_HAL_Driver\Src\stm32f1xx_ll_pwr.o src\lib\STM32F1xx_HAL_Driver\Src\stm32f1xx_ll_rcc.o src\lib\STM32F1xx_HAL_Driver\Src\stm32f1xx_ll_rtc.o src\lib\STM32F1xx_HAL_Driver\Src\stm32f1xx_ll_sdmmc.o src\lib\STM32F1xx_HAL_Driver\Src\stm32f1xx_ll_spi.o src\lib\STM32F1xx_HAL_Driver\Src\stm32f1xx_ll_tim.o src\lib\STM32F1xx_HAL_Driver\Src\stm32f1xx_ll_usart.o src\lib\STM32F1xx_HAL_Driver\Src\stm32f1xx_ll_usb.o src\lib\STM32F1xx_HAL_Driver\Src\stm32f1xx_ll_utils.o src\main.o -mthumb -mcpu=cortex-m3 -T..\src\bsp\ldscript\STM32F103XB_FLASH.ld -specs=nosys.specs -static -Wl,-cref,-u,Reset_Handler -Wl,-Map=03_UART.map -Wl,--gc-sections -Wl,--defsym=malloc_getpagesize_P=0x80 -Wl,--start-group -lc -lm -Wl,--end-group -specs=nano.specs 
C:\Program Files (x86)\Atollic\TrueSTUDIO for STM32 9.0.1\ide\jre\bin\java -jar C:\Program Files (x86)\Atollic\TrueSTUDIO for STM32 9.0.1\Tools\arm-atollic-reports.jar sizeinfo list 03_UART.elf 
Generate build reports...
Print size information
   text	   data	    bss	    dec	    hex	filename
  14620	    120	   1708	  16448	   4040	03_UART.elf
Print size information done
Generate listing file
Output sent to: 03_UART.list
Generate listing file done
Generate build reports done
Info: Parallel threads used: 1
17:21:01 **** Incremental Build of configuration Debug for project 03_UART ****
Info: Internal Builder is used for build
Info: Parallel threads used: 0
19:00:28 **** Incremental Build of configuration Debug for project 03_UART ****
Info: Internal Builder is used for build
arm-atollic-eabi-gcc -c ..\src\ap\ap.c -mthumb -mcpu=cortex-m3 -std=gnu11 -DSTM32F103xB -ID:\Project_NucleoF103RB\03_UART\src -ID:\Project_NucleoF103RB\03_UART\src\bsp\cmsis -ID:\Project_NucleoF103RB\03_UART\src\bsp\cmsis\Include -ID:\Project_NucleoF103RB\03_UART\src\lib\STM32F1xx_HAL_Driver\Inc -ID:\Project_NucleoF103RB\03_UART\src\ap -ID:\Project_NucleoF103RB\03_UART\src\bsp -ID:\Project_NucleoF103RB\03_UART\src\common -ID:\Project_NucleoF103RB\03_UART\src\hw -ID:\Project_NucleoF103RB\03_UART\src\lib -Og -g -fstack-usage -Wall -specs=nano.specs -o src\ap\ap.o 
arm-atollic-eabi-gcc -o 03_UART.elf src\ap\ap.o src\bsp\bsp.o src\bsp\cmsis\system_stm32f1xx.o src\bsp\startup\startup_stm32f103xb.o src\bsp\stm32f1xx_it.o src\common\core\qbuffer.o src\hw\core\button.o src\hw\core\led.o src\hw\core\uart.o src\hw\hw.o src\lib\STM32F1xx_HAL_Driver\Src\stm32f1xx_hal.o src\lib\STM32F1xx_HAL_Driver\Src\stm32f1xx_hal_adc.o src\lib\STM32F1xx_HAL_Driver\Src\stm32f1xx_hal_adc_ex.o src\lib\STM32F1xx_HAL_Driver\Src\stm32f1xx_hal_can.o src\lib\STM32F1xx_HAL_Driver\Src\stm32f1xx_hal_cec.o src\lib\STM32F1xx_HAL_Driver\Src\stm32f1xx_hal_cortex.o src\lib\STM32F1xx_HAL_Driver\Src\stm32f1xx_hal_crc.o src\lib\STM32F1xx_HAL_Driver\Src\stm32f1xx_hal_dac.o src\lib\STM32F1xx_HAL_Driver\Src\stm32f1xx_hal_dac_ex.o src\lib\STM32F1xx_HAL_Driver\Src\stm32f1xx_hal_dma.o src\lib\STM32F1xx_HAL_Driver\Src\stm32f1xx_hal_eth.o src\lib\STM32F1xx_HAL_Driver\Src\stm32f1xx_hal_flash.o src\lib\STM32F1xx_HAL_Driver\Src\stm32f1xx_hal_flash_ex.o src\lib\STM32F1xx_HAL_Driver\Src\stm32f1xx_hal_gpio.o src\lib\STM32F1xx_HAL_Driver\Src\stm32f1xx_hal_gpio_ex.o src\lib\STM32F1xx_HAL_Driver\Src\stm32f1xx_hal_hcd.o src\lib\STM32F1xx_HAL_Driver\Src\stm32f1xx_hal_i2c.o src\lib\STM32F1xx_HAL_Driver\Src\stm32f1xx_hal_i2s.o src\lib\STM32F1xx_HAL_Driver\Src\stm32f1xx_hal_irda.o src\lib\STM32F1xx_HAL_Driver\Src\stm32f1xx_hal_iwdg.o src\lib\STM32F1xx_HAL_Driver\Src\stm32f1xx_hal_mmc.o src\lib\STM32F1xx_HAL_Driver\Src\stm32f1xx_hal_nand.o src\lib\STM32F1xx_HAL_Driver\Src\stm32f1xx_hal_nor.o src\lib\STM32F1xx_HAL_Driver\Src\stm32f1xx_hal_pccard.o src\lib\STM32F1xx_HAL_Driver\Src\stm32f1xx_hal_pcd.o src\lib\STM32F1xx_HAL_Driver\Src\stm32f1xx_hal_pcd_ex.o src\lib\STM32F1xx_HAL_Driver\Src\stm32f1xx_hal_pwr.o src\lib\STM32F1xx_HAL_Driver\Src\stm32f1xx_hal_rcc.o src\lib\STM32F1xx_HAL_Driver\Src\stm32f1xx_hal_rcc_ex.o src\lib\STM32F1xx_HAL_Driver\Src\stm32f1xx_hal_rtc.o src\lib\STM32F1xx_HAL_Driver\Src\stm32f1xx_hal_rtc_ex.o src\lib\STM32F1xx_HAL_Driver\Src\stm32f1xx_hal_sd.o src\lib\STM32F1xx_HAL_Driver\Src\stm32f1xx_hal_smartcard.o src\lib\STM32F1xx_HAL_Driver\Src\stm32f1xx_hal_spi.o src\lib\STM32F1xx_HAL_Driver\Src\stm32f1xx_hal_spi_ex.o src\lib\STM32F1xx_HAL_Driver\Src\stm32f1xx_hal_sram.o src\lib\STM32F1xx_HAL_Driver\Src\stm32f1xx_hal_tim.o src\lib\STM32F1xx_HAL_Driver\Src\stm32f1xx_hal_tim_ex.o src\lib\STM32F1xx_HAL_Driver\Src\stm32f1xx_hal_uart.o src\lib\STM32F1xx_HAL_Driver\Src\stm32f1xx_hal_usart.o src\lib\STM32F1xx_HAL_Driver\Src\stm32f1xx_hal_wwdg.o src\lib\STM32F1xx_HAL_Driver\Src\stm32f1xx_ll_adc.o src\lib\STM32F1xx_HAL_Driver\Src\stm32f1xx_ll_crc.o src\lib\STM32F1xx_HAL_Driver\Src\stm32f1xx_ll_dac.o src\lib\STM32F1xx_HAL_Driver\Src\stm32f1xx_ll_dma.o src\lib\STM32F1xx_HAL_Driver\Src\stm32f1xx_ll_exti.o src\lib\STM32F1xx_HAL_Driver\Src\stm32f1xx_ll_fsmc.o src\lib\STM32F1xx_HAL_Driver\Src\stm32f1xx_ll_gpio.o src\lib\STM32F1xx_HAL_Driver\Src\stm32f1xx_ll_i2c.o src\lib\STM32F1xx_HAL_Driver\Src\stm32f1xx_ll_pwr.o src\lib\STM32F1xx_HAL_Driver\Src\stm32f1xx_ll_rcc.o src\lib\STM32F1xx_HAL_Driver\Src\stm32f1xx_ll_rtc.o src\lib\STM32F1xx_HAL_Driver\Src\stm32f1xx_ll_sdmmc.o src\lib\STM32F1xx_HAL_Driver\Src\stm32f1xx_ll_spi.o src\lib\STM32F1xx_HAL_Driver\Src\stm32f1xx_ll_tim.o src\lib\STM32F1xx_HAL_Driver\Src\stm32f1xx_ll_usart.o src\lib\STM32F1xx_HAL_Driver\Src\stm32f1xx_ll_usb.o src\lib\STM32F1xx_HAL_Driver\Src\stm32f1xx_ll_utils.o src\main.o -mthumb -mcpu=cortex-m3 -T..\src\bsp\ldscript\STM32F103XB_FLASH.ld -specs=nosys.specs -static -Wl,-cref,-u,Reset_Handler -Wl,-Map=03_UART.map -Wl,--gc-sections -Wl,--defsym=malloc_getpagesize_P=0x80 -Wl,--start-group -lc -lm -Wl,--end-group -specs=nano.specs 
C:\Program Files (x86)\Atollic\TrueSTUDIO for STM32 9.0.1\ide\jre\bin\java -jar C:\Program Files (x86)\Atollic\TrueSTUDIO for STM32 9.0.1\Tools\arm-atollic-reports.jar sizeinfo list 03_UART.elf 
Generate build reports...
Print size information
   text	   data	    bss	    dec	    hex	filename
  14612	    120	   1708	  16440	   4038	03_UART.elf
Print size information done
Generate listing file
Output sent to: 03_UART.list
Generate listing file done
Generate build reports done
Info: Parallel threads used: 1
19:01:18 **** Incremental Build of configuration Debug for project 03_UART ****
Info: Internal Builder is used for build
arm-atollic-eabi-gcc -c ..\src\ap\ap.c -mthumb -mcpu=cortex-m3 -std=gnu11 -DSTM32F103xB -ID:\Project_NucleoF103RB\03_UART\src -ID:\Project_NucleoF103RB\03_UART\src\bsp\cmsis -ID:\Project_NucleoF103RB\03_UART\src\bsp\cmsis\Include -ID:\Project_NucleoF103RB\03_UART\src\lib\STM32F1xx_HAL_Driver\Inc -ID:\Project_NucleoF103RB\03_UART\src\ap -ID:\Project_NucleoF103RB\03_UART\src\bsp -ID:\Project_NucleoF103RB\03_UART\src\common -ID:\Project_NucleoF103RB\03_UART\src\hw -ID:\Project_NucleoF103RB\03_UART\src\lib -Og -g -fstack-usage -Wall -specs=nano.specs -o src\ap\ap.o 
arm-atollic-eabi-gcc -o 03_UART.elf src\ap\ap.o src\bsp\bsp.o src\bsp\cmsis\system_stm32f1xx.o src\bsp\startup\startup_stm32f103xb.o src\bsp\stm32f1xx_it.o src\common\core\qbuffer.o src\hw\core\button.o src\hw\core\led.o src\hw\core\uart.o src\hw\hw.o src\lib\STM32F1xx_HAL_Driver\Src\stm32f1xx_hal.o src\lib\STM32F1xx_HAL_Driver\Src\stm32f1xx_hal_adc.o src\lib\STM32F1xx_HAL_Driver\Src\stm32f1xx_hal_adc_ex.o src\lib\STM32F1xx_HAL_Driver\Src\stm32f1xx_hal_can.o src\lib\STM32F1xx_HAL_Driver\Src\stm32f1xx_hal_cec.o src\lib\STM32F1xx_HAL_Driver\Src\stm32f1xx_hal_cortex.o src\lib\STM32F1xx_HAL_Driver\Src\stm32f1xx_hal_crc.o src\lib\STM32F1xx_HAL_Driver\Src\stm32f1xx_hal_dac.o src\lib\STM32F1xx_HAL_Driver\Src\stm32f1xx_hal_dac_ex.o src\lib\STM32F1xx_HAL_Driver\Src\stm32f1xx_hal_dma.o src\lib\STM32F1xx_HAL_Driver\Src\stm32f1xx_hal_eth.o src\lib\STM32F1xx_HAL_Driver\Src\stm32f1xx_hal_flash.o src\lib\STM32F1xx_HAL_Driver\Src\stm32f1xx_hal_flash_ex.o src\lib\STM32F1xx_HAL_Driver\Src\stm32f1xx_hal_gpio.o src\lib\STM32F1xx_HAL_Driver\Src\stm32f1xx_hal_gpio_ex.o src\lib\STM32F1xx_HAL_Driver\Src\stm32f1xx_hal_hcd.o src\lib\STM32F1xx_HAL_Driver\Src\stm32f1xx_hal_i2c.o src\lib\STM32F1xx_HAL_Driver\Src\stm32f1xx_hal_i2s.o src\lib\STM32F1xx_HAL_Driver\Src\stm32f1xx_hal_irda.o src\lib\STM32F1xx_HAL_Driver\Src\stm32f1xx_hal_iwdg.o src\lib\STM32F1xx_HAL_Driver\Src\stm32f1xx_hal_mmc.o src\lib\STM32F1xx_HAL_Driver\Src\stm32f1xx_hal_nand.o src\lib\STM32F1xx_HAL_Driver\Src\stm32f1xx_hal_nor.o src\lib\STM32F1xx_HAL_Driver\Src\stm32f1xx_hal_pccard.o src\lib\STM32F1xx_HAL_Driver\Src\stm32f1xx_hal_pcd.o src\lib\STM32F1xx_HAL_Driver\Src\stm32f1xx_hal_pcd_ex.o src\lib\STM32F1xx_HAL_Driver\Src\stm32f1xx_hal_pwr.o src\lib\STM32F1xx_HAL_Driver\Src\stm32f1xx_hal_rcc.o src\lib\STM32F1xx_HAL_Driver\Src\stm32f1xx_hal_rcc_ex.o src\lib\STM32F1xx_HAL_Driver\Src\stm32f1xx_hal_rtc.o src\lib\STM32F1xx_HAL_Driver\Src\stm32f1xx_hal_rtc_ex.o src\lib\STM32F1xx_HAL_Driver\Src\stm32f1xx_hal_sd.o src\lib\STM32F1xx_HAL_Driver\Src\stm32f1xx_hal_smartcard.o src\lib\STM32F1xx_HAL_Driver\Src\stm32f1xx_hal_spi.o src\lib\STM32F1xx_HAL_Driver\Src\stm32f1xx_hal_spi_ex.o src\lib\STM32F1xx_HAL_Driver\Src\stm32f1xx_hal_sram.o src\lib\STM32F1xx_HAL_Driver\Src\stm32f1xx_hal_tim.o src\lib\STM32F1xx_HAL_Driver\Src\stm32f1xx_hal_tim_ex.o src\lib\STM32F1xx_HAL_Driver\Src\stm32f1xx_hal_uart.o src\lib\STM32F1xx_HAL_Driver\Src\stm32f1xx_hal_usart.o src\lib\STM32F1xx_HAL_Driver\Src\stm32f1xx_hal_wwdg.o src\lib\STM32F1xx_HAL_Driver\Src\stm32f1xx_ll_adc.o src\lib\STM32F1xx_HAL_Driver\Src\stm32f1xx_ll_crc.o src\lib\STM32F1xx_HAL_Driver\Src\stm32f1xx_ll_dac.o src\lib\STM32F1xx_HAL_Driver\Src\stm32f1xx_ll_dma.o src\lib\STM32F1xx_HAL_Driver\Src\stm32f1xx_ll_exti.o src\lib\STM32F1xx_HAL_Driver\Src\stm32f1xx_ll_fsmc.o src\lib\STM32F1xx_HAL_Driver\Src\stm32f1xx_ll_gpio.o src\lib\STM32F1xx_HAL_Driver\Src\stm32f1xx_ll_i2c.o src\lib\STM32F1xx_HAL_Driver\Src\stm32f1xx_ll_pwr.o src\lib\STM32F1xx_HAL_Driver\Src\stm32f1xx_ll_rcc.o src\lib\STM32F1xx_HAL_Driver\Src\stm32f1xx_ll_rtc.o src\lib\STM32F1xx_HAL_Driver\Src\stm32f1xx_ll_sdmmc.o src\lib\STM32F1xx_HAL_Driver\Src\stm32f1xx_ll_spi.o src\lib\STM32F1xx_HAL_Driver\Src\stm32f1xx_ll_tim.o src\lib\STM32F1xx_HAL_Driver\Src\stm32f1xx_ll_usart.o src\lib\STM32F1xx_HAL_Driver\Src\stm32f1xx_ll_usb.o src\lib\STM32F1xx_HAL_Driver\Src\stm32f1xx_ll_utils.o src\main.o -mthumb -mcpu=cortex-m3 -T..\src\bsp\ldscript\STM32F103XB_FLASH.ld -specs=nosys.specs -static -Wl,-cref,-u,Reset_Handler -Wl,-Map=03_UART.map -Wl,--gc-sections -Wl,--defsym=malloc_getpagesize_P=0x80 -Wl,--start-group -lc -lm -Wl,--end-group -specs=nano.specs 
C:\Program Files (x86)\Atollic\TrueSTUDIO for STM32 9.0.1\ide\jre\bin\java -jar C:\Program Files (x86)\Atollic\TrueSTUDIO for STM32 9.0.1\Tools\arm-atollic-reports.jar sizeinfo list 03_UART.elf 
Generate build reports...
Print size information
   text	   data	    bss	    dec	    hex	filename
  14620	    120	   1708	  16448	   4040	03_UART.elf
Print size information done
Generate listing file
Output sent to: 03_UART.list
Generate listing file done
Generate build reports done
Info: Parallel threads used: 1
19:01:52 **** Incremental Build of configuration Debug for project 03_UART ****
Info: Internal Builder is used for build
arm-atollic-eabi-gcc -c ..\src\ap\ap.c -mthumb -mcpu=cortex-m3 -std=gnu11 -DSTM32F103xB -ID:\Project_NucleoF103RB\03_UART\src -ID:\Project_NucleoF103RB\03_UART\src\bsp\cmsis -ID:\Project_NucleoF103RB\03_UART\src\bsp\cmsis\Include -ID:\Project_NucleoF103RB\03_UART\src\lib\STM32F1xx_HAL_Driver\Inc -ID:\Project_NucleoF103RB\03_UART\src\ap -ID:\Project_NucleoF103RB\03_UART\src\bsp -ID:\Project_NucleoF103RB\03_UART\src\common -ID:\Project_NucleoF103RB\03_UART\src\hw -ID:\Project_NucleoF103RB\03_UART\src\lib -Og -g -fstack-usage -Wall -specs=nano.specs -o src\ap\ap.o 
arm-atollic-eabi-gcc -o 03_UART.elf src\ap\ap.o src\bsp\bsp.o src\bsp\cmsis\system_stm32f1xx.o src\bsp\startup\startup_stm32f103xb.o src\bsp\stm32f1xx_it.o src\common\core\qbuffer.o src\hw\core\button.o src\hw\core\led.o src\hw\core\uart.o src\hw\hw.o src\lib\STM32F1xx_HAL_Driver\Src\stm32f1xx_hal.o src\lib\STM32F1xx_HAL_Driver\Src\stm32f1xx_hal_adc.o src\lib\STM32F1xx_HAL_Driver\Src\stm32f1xx_hal_adc_ex.o src\lib\STM32F1xx_HAL_Driver\Src\stm32f1xx_hal_can.o src\lib\STM32F1xx_HAL_Driver\Src\stm32f1xx_hal_cec.o src\lib\STM32F1xx_HAL_Driver\Src\stm32f1xx_hal_cortex.o src\lib\STM32F1xx_HAL_Driver\Src\stm32f1xx_hal_crc.o src\lib\STM32F1xx_HAL_Driver\Src\stm32f1xx_hal_dac.o src\lib\STM32F1xx_HAL_Driver\Src\stm32f1xx_hal_dac_ex.o src\lib\STM32F1xx_HAL_Driver\Src\stm32f1xx_hal_dma.o src\lib\STM32F1xx_HAL_Driver\Src\stm32f1xx_hal_eth.o src\lib\STM32F1xx_HAL_Driver\Src\stm32f1xx_hal_flash.o src\lib\STM32F1xx_HAL_Driver\Src\stm32f1xx_hal_flash_ex.o src\lib\STM32F1xx_HAL_Driver\Src\stm32f1xx_hal_gpio.o src\lib\STM32F1xx_HAL_Driver\Src\stm32f1xx_hal_gpio_ex.o src\lib\STM32F1xx_HAL_Driver\Src\stm32f1xx_hal_hcd.o src\lib\STM32F1xx_HAL_Driver\Src\stm32f1xx_hal_i2c.o src\lib\STM32F1xx_HAL_Driver\Src\stm32f1xx_hal_i2s.o src\lib\STM32F1xx_HAL_Driver\Src\stm32f1xx_hal_irda.o src\lib\STM32F1xx_HAL_Driver\Src\stm32f1xx_hal_iwdg.o src\lib\STM32F1xx_HAL_Driver\Src\stm32f1xx_hal_mmc.o src\lib\STM32F1xx_HAL_Driver\Src\stm32f1xx_hal_nand.o src\lib\STM32F1xx_HAL_Driver\Src\stm32f1xx_hal_nor.o src\lib\STM32F1xx_HAL_Driver\Src\stm32f1xx_hal_pccard.o src\lib\STM32F1xx_HAL_Driver\Src\stm32f1xx_hal_pcd.o src\lib\STM32F1xx_HAL_Driver\Src\stm32f1xx_hal_pcd_ex.o src\lib\STM32F1xx_HAL_Driver\Src\stm32f1xx_hal_pwr.o src\lib\STM32F1xx_HAL_Driver\Src\stm32f1xx_hal_rcc.o src\lib\STM32F1xx_HAL_Driver\Src\stm32f1xx_hal_rcc_ex.o src\lib\STM32F1xx_HAL_Driver\Src\stm32f1xx_hal_rtc.o src\lib\STM32F1xx_HAL_Driver\Src\stm32f1xx_hal_rtc_ex.o src\lib\STM32F1xx_HAL_Driver\Src\stm32f1xx_hal_sd.o src\lib\STM32F1xx_HAL_Driver\Src\stm32f1xx_hal_smartcard.o src\lib\STM32F1xx_HAL_Driver\Src\stm32f1xx_hal_spi.o src\lib\STM32F1xx_HAL_Driver\Src\stm32f1xx_hal_spi_ex.o src\lib\STM32F1xx_HAL_Driver\Src\stm32f1xx_hal_sram.o src\lib\STM32F1xx_HAL_Driver\Src\stm32f1xx_hal_tim.o src\lib\STM32F1xx_HAL_Driver\Src\stm32f1xx_hal_tim_ex.o src\lib\STM32F1xx_HAL_Driver\Src\stm32f1xx_hal_uart.o src\lib\STM32F1xx_HAL_Driver\Src\stm32f1xx_hal_usart.o src\lib\STM32F1xx_HAL_Driver\Src\stm32f1xx_hal_wwdg.o src\lib\STM32F1xx_HAL_Driver\Src\stm32f1xx_ll_adc.o src\lib\STM32F1xx_HAL_Driver\Src\stm32f1xx_ll_crc.o src\lib\STM32F1xx_HAL_Driver\Src\stm32f1xx_ll_dac.o src\lib\STM32F1xx_HAL_Driver\Src\stm32f1xx_ll_dma.o src\lib\STM32F1xx_HAL_Driver\Src\stm32f1xx_ll_exti.o src\lib\STM32F1xx_HAL_Driver\Src\stm32f1xx_ll_fsmc.o src\lib\STM32F1xx_HAL_Driver\Src\stm32f1xx_ll_gpio.o src\lib\STM32F1xx_HAL_Driver\Src\stm32f1xx_ll_i2c.o src\lib\STM32F1xx_HAL_Driver\Src\stm32f1xx_ll_pwr.o src\lib\STM32F1xx_HAL_Driver\Src\stm32f1xx_ll_rcc.o src\lib\STM32F1xx_HAL_Driver\Src\stm32f1xx_ll_rtc.o src\lib\STM32F1xx_HAL_Driver\Src\stm32f1xx_ll_sdmmc.o src\lib\STM32F1xx_HAL_Driver\Src\stm32f1xx_ll_spi.o src\lib\STM32F1xx_HAL_Driver\Src\stm32f1xx_ll_tim.o src\lib\STM32F1xx_HAL_Driver\Src\stm32f1xx_ll_usart.o src\lib\STM32F1xx_HAL_Driver\Src\stm32f1xx_ll_usb.o src\lib\STM32F1xx_HAL_Driver\Src\stm32f1xx_ll_utils.o src\main.o -mthumb -mcpu=cortex-m3 -T..\src\bsp\ldscript\STM32F103XB_FLASH.ld -specs=nosys.specs -static -Wl,-cref,-u,Reset_Handler -Wl,-Map=03_UART.map -Wl,--gc-sections -Wl,--defsym=malloc_getpagesize_P=0x80 -Wl,--start-group -lc -lm -Wl,--end-group -specs=nano.specs 
C:\Program Files (x86)\Atollic\TrueSTUDIO for STM32 9.0.1\ide\jre\bin\java -jar C:\Program Files (x86)\Atollic\TrueSTUDIO for STM32 9.0.1\Tools\arm-atollic-reports.jar sizeinfo list 03_UART.elf 
Generate build reports...
Print size information
   text	   data	    bss	    dec	    hex	filename
  14612	    120	   1708	  16440	   4038	03_UART.elf
Print size information done
Generate listing file
Output sent to: 03_UART.list
Generate listing file done
Generate build reports done
Info: Parallel threads used: 1
19:02:17 **** Incremental Build of configuration Debug for project 03_UART ****
Info: Internal Builder is used for build
Info: Parallel threads used: 0
19:02:28 **** Incremental Build of configuration Debug for project 03_UART ****
Info: Internal Builder is used for build
Info: Parallel threads used: 0
19:04:03 **** Incremental Build of configuration Debug for project 03_UART ****
Info: Internal Builder is used for build
Info: Parallel threads used: 0
